# ==============================================================================
# Fake and fictitious email addresses are often used.
#
# ------------------------------------------------------------------------------
# Language: english
# Weight:   6.0
# ==============================================================================

# Topics
# ==============================================================================

# Pattern
# ------------------------------------------------------------------------------
# Sample: Sales098@topmail.com
/(girl|info|invest|lifestyle|local)\.?\d{1,10}@/i

/(agent|ticket)\.?\d{1,10}@/i
/billing\.?\d{1,10}@/i
/marketing\.?\d{1,10}@/i
/notes\.?\d{1,10}@/i
/support\.?\d{1,10}@/i

/do.?not.?reply\.?\d{1,10}@/i
/top\.?\d{1,10}@/i
/website\.?\d{1,10}@/i

# Sample: marketing8989ptm@
/marketing\d{1,10}[a-z]{1,5}@/i

#
#
#

# Generic
# ==============================================================================

# A
# ------------------------------------------------------------------------------

# Amazon uses this
#/account.?update/i

/admin\d@/i
/admin-support@/i

/application/i

/auth@/i
/auth\d{1,10}/i

/authorized/i

# B
# ------------------------------------------------------------------------------
#/banking@/i

/_bank/i
/bank_/i

#/^billing/i
/billing.?rechnung/i

# C
# ------------------------------------------------------------------------------
/claim.?refund/i
/cloud.?service@/i

/(crypto|invest).?(ai|ki)\./i

# D
# ------------------------------------------------------------------------------
/deal@/i

# E
# ------------------------------------------------------------------------------
/email\.update/i
/endurance/i

#/e-service\./i

/erection/i

# F
# ------------------------------------------------------------------------------
/factory@/i

/fat.?burn(ing)?/i

#/finance@/i

#/focus-/i
/followup/i

/fungus/i

# G
# ------------------------------------------------------------------------------
/goserver\.host/i

# H
# ------------------------------------------------------------------------------
/health.?news/i

/help.?team/i

# I
# ------------------------------------------------------------------------------
/identity_/i

/investment.{1,10}@outlook\.com/i
#/invoice@/i

# J
# ------------------------------------------------------------------------------

# K
# ------------------------------------------------------------------------------

# L
# ------------------------------------------------------------------------------
#/login@/i

# M
# ------------------------------------------------------------------------------
/mailbox.?service/i

/mailxcg/i
/mailweb/i

/mail.?swiss/i

/mystery.?box/i

# N
# ------------------------------------------------------------------------------
/news\.(info|mail)/i

/notice-/i

# Used by Ikea
#/no\.reply@/i

/noreply\.\d{2,10}@/i

# Sample: Noreply-0a48a25e-1800-4cb0-a26c-064ef5ab1ca4@
/noreply-[a-z0-9]{2,10}-[a-z0-9]{2,10}-[a-z0-9]{2,10}-/i

# O
# ------------------------------------------------------------------------------

#/(offer|order)\./i

/online.?bank/i

# P
# ------------------------------------------------------------------------------

# Q
# ------------------------------------------------------------------------------

# R
# ------------------------------------------------------------------------------
# Sample: reply+58215353.52017217@capture.hireology.com
#/reply.?\+/i

/recommendation/i

/reset@/i

/rewards/i

# S
# ------------------------------------------------------------------------------
/sales.?\d{1,2}/i

/sales.?manager/i

# Facebook uses this
#/security@/i

/secure.?account/i

/securely/i

/seo@/i
/seo\d@/i
/seo.?expert/i

/@server\d{1,10}\./i
/service.?client/i

/servicee@/i

/slim.?diet/i

/(sales|sender|services|suite)/i

#  24.06.25 - Sample: store+90808156488@t.shopifyemail.com
#/store\+\d{4,10}/i

#/system@/i

# T
# ------------------------------------------------------------------------------

# AliExpress uses this
#/transaction@/i

/@team\./i

/testwp/i

# U
# ------------------------------------------------------------------------------
# 24.05.25 - Sample: noreply@update-9-916d9.firebaseapp.com
/@update-\d{1,2}-[a-z0-9]{5}\./i

# 24.05.25 - Sample: noreply@update-20.firebaseapp.com
/@update-\d{2}\./i

/update\.service/i

/upgrade@/i

#/user\./i

# V
# ------------------------------------------------------------------------------
/verify/i

# W
# ------------------------------------------------------------------------------
/webmastermail/i

# X
# ------------------------------------------------------------------------------

# Y
# ------------------------------------------------------------------------------

# Z
# ------------------------------------------------------------------------------
