# ==============================================================================
#
#
# ------------------------------------------------------------------------------
# Language: english
# Weight:   12.0
# ==============================================================================

# Topics
# ==============================================================================

#
#
#

# Generic
# ==============================================================================

# A
/agent\b/i

/attorney at law/i

# B

# C
/charity.{0,10}foundation/i

/co\. ltd\..{0,10}abu.?dhabi/i
/company registration/i

/crude.?oil/i

# D
/donation.{0,10}funds?/i

# E
/european citizenship/i

# F
/fraud.{0,10}prevention/i

/funds?.{0,10}(approve|recovery)/i

/forbidden.{0,10}files?/i

# G
/global.{0,10}funds/i

/gold.{0,10}bars/i
/golden.{0,10}visa/i

# H
/hidden.{0,10}truth/i

# I
/illuminati/i

# J

# K

# L

# M

# N
/next of kin/i

# O
/offer.{0,10}connection/i
/official.{0,10}funds?/i

# P
/payment.{0,10}assistance/i

# Q

# R
/randomly.{0,10}selected/i

/revealed now/i
/(residency|retirement).{0,15}visa/i

# S
/scam.{0,10}victim/i

# T
/truth.{0,10}(exposed|revealed)/i
# U
/usa.{0,10}donation/i

# V

# W
/world company/i

# X

# Y
/you are selected/i
/your fund/i

# Z
