# ==============================================================================
# This file only contains words, one per entry.
#
# This can be dangerous and should only be used if:
# - The sender only consists of one word and should be additionally equipped
#   with line boundaries.
# - The sender consists of several words, but can be reliably declared as spam
#   with just one word.
#
# If an entry is commented out then we have received false/positive mails.
# This way we know that the entry is not usable.
#
# ------------------------------------------------------------------------------
# Language: english
# Weight:   6.0
# ==============================================================================

# Special
# ==============================================================================
/_confirmation/i
/_winner/i

# Asian language
# ------------------------------------------------------------------------------
# -> Probably very temporary
/通知/i        # 25.12.24 "notification"
/安全系统/i     # 25.12.24 "Safety System"
/セゾンカード/i   # 27.12.24 "Saison Card"

#
#
#

# Generic
# ==============================================================================

# A
/^ai$/i

/\s-\sag$/i

/^account$/i
/^accounting/i

/-.?accounts?/i
/^administration$/i

/^alert$/i
/alzheimers?/i
/antivirus$/i

/attention/i
/^attorney/i

/avoid/i
/award.?team/i

# B
/barrister/i
/best.?seller/i

/billionaire/i
/^billing$/i
/^bill$/i

/bit?coin$/i
/bitcoinee?r/i

/bloated/i
/blockchain/i

/breakthrough/i

/btc-/i
/-bonus/i

# C
/cancer$/i
/cardiovascular/i

/ceo\b/i

/compensation/i
/congratulations/i

/_confirmation/i

/constipatied/i
/constipation/i

/cracking/i
/creaking/i

# D
/dementia/i
/deliciousness/i
/dermatologist/i
/^detox$/i

/diabetes/i
/diabetic/i

/diplomat/i
/dizziness/i

/donation$/i
/doorbell/i

# E
/e.?draw$/i
/edema/i
/ejaculation/i
/erection/i
/escort.?girl/i
/eyesight/i
/^export/i

# F
/facelift/i
/fatigue/i
/flashlight/i
/forgetful/i

/^fungus$/i

# G
/general\s/i
/gift.?card/i
/giveaway/i

# H
/hallux/i
/heater/i
/^help.?center$/i
/^hr.?department$/i

# I
/illuminati/i
/inches/i
/inheritance/i
/injections?/i
/^investment$/i
/^invoice$/i

# J
/jackpot$/i
/joints?/i

# K
/\bketo\b/i
/knives?$/i

# L
/lenders/i

# M
/^mail$/i

/m-a-l-e/i

/manufacture/i
/major/i

/matchmaker/i

/menopausal /i
/menopause/i

/migraine/i
/milf$/i

/mystery.?box/i

# N
/neuropathy/i
/^notice$/i
/noreplay/i

# O
/onlinebanking/i
/online.?lotto/

/osteoporosis/i

# P
/^pain$/i
/\bpecker$/i
/peeing/i

/p\*nis/i

/playboy$/i

/^pharma$/i
/purchase$/i

/^poop$/i

/prescription/i

/procurements$/i
/promising/i
/prostate/i
/prostatitis/i

/push.?tan/i

# Q

# R
/relief/i
/remedy/i
/revolutionary/i
/-rewards/i

# S
/schlong/i
/sergeant/i
/^service$/i
/slimming/i

/stamina/i
/stiffy/i
/^stroke$/i
/stock.?pick(ing)/i

/^support$/i
/support.?!/i

/survival$/i

# T
/^team$/i
/teaspoon/i
/^tesla$/i
/^tesla \($/i

/thyroid/i
/tinnitus/
/translator/i

# U
/unclaimed/i
/urgent$/i
/urgent!/i

# V
/vice.?president/i
/voucher/i

# W
/waistline/i
/warning/i
/^watches$/i
/^webdesign$/i

/whistleblower/i
/wrinkles/i

# X

# Y

# Z
