# ==============================================================================
# This file contains only single words additionally
# with special characters and other specialties.
#
# This can be a bit dangerous. Use with care.
#
# If an entry is commented out then we have received false/positive mails.
# This way we know that the entry is not usable.
#
# ------------------------------------------------------------------------------
# Language: english
# Weight:   12.0
# ==============================================================================

# Topics
# ==============================================================================

# Asian language
# ------------------------------------------------------------------------------
# -> Probably very temporary

# 25.12.24 - "notification"
/通知/i

# 25.12.24 "Safety System"
/安全系统/i

# 27.12.24 "Saison Card"
/セゾンカード/i

# Generic
# ==============================================================================

# A
# ------------------------------------------------------------------------------
/-.?accounts?/i
/\<.?(account|trading)/i

/_app/i

# B
# ------------------------------------------------------------------------------
/_bitcoin/i
/bitcoin#/i

/btc-/i
/-bonus/i

# C
# ------------------------------------------------------------------------------
/chatgpt_/i
/clear_/i

/_confirmation/i
/customer_/i

# D
# ------------------------------------------------------------------------------
/_department/i
/-desk/i

# E
# ------------------------------------------------------------------------------
/_experience/i

# F
# ------------------------------------------------------------------------------
/fat-/i

/_file/i
/_fix/i

# G
# ------------------------------------------------------------------------------

# H
# ------------------------------------------------------------------------------
/_hardware/i
/_health/i

/^hello,$/i

# I
# ------------------------------------------------------------------------------
/info.?\[/i

# J
# ------------------------------------------------------------------------------

# K
# ------------------------------------------------------------------------------

# L
# ------------------------------------------------------------------------------
/_lander/i

# M
# ------------------------------------------------------------------------------
/m-a-l-e/i

/notice.?!!/i
/notification.?!/i
/_notification/i

# N
# ------------------------------------------------------------------------------

# O
# ------------------------------------------------------------------------------

# P
# ------------------------------------------------------------------------------
/p\*nis/i

/price\.!/i
/^price.?\?/i

# Q
# ------------------------------------------------------------------------------

# R
# ------------------------------------------------------------------------------
/response\.\./i

/-rewards/i
/_rewards/i
/rewards!/i

# S
# ------------------------------------------------------------------------------
/security.?!/i
/sex-/i

/_shrink/i

/support.?!/i
/support.?#/i

/_survey/i
/system_/i

# T
# ------------------------------------------------------------------------------
/technology #/i

/- team/i
/_team/i

/team!/i

/^tesla \($/i

/(-|_)tracker/i
/_trader/i

/t0tal/i

# U
# ------------------------------------------------------------------------------
/_update/i

/urgent$/i
/urgent!/i

# V
# ------------------------------------------------------------------------------

# W
# ------------------------------------------------------------------------------
/_winner/i

# X
# ------------------------------------------------------------------------------

# Y
# ------------------------------------------------------------------------------

# Z
# ------------------------------------------------------------------------------
