# ==============================================================================
# Language: english
# Weight:   6.0
# ==============================================================================

# Topics
# ==============================================================================

# French
# ------------------------------------------------------------------------------
/sécurité.{0,10}alertes/iu

# Rewards, winning
# ------------------------------------------------------------------------------
/3piece.?set/i

/(cvs|loyalty).{0,10}rewards/i

# Senders pretending to be from the IT department
# ------------------------------------------------------------------------------

# TLD at the front
/\.[a-z]{1,4}.{1,5}(admin$|administrator|cpanel|helpdesk|postmaster|security|server|support|update)/i
/\.[a-z]{1,4}.{1,5}mail.?(notification|portal|service|system)/i
/\.[a-z]{1,4}.{1,5}it.?team/i

/\.[a-z]{1,4}.{1,5}notification alert/i
/\.[a-z]{1,4}.{1,5}security.?center/i
/\.[a-z]{1,4}.{1,5}(service|support).?(deck|team)/i

/\.[a-z]{1,4}.{1,5}support$/i
/\.[a-z]{1,4}.{1,5}webmail/i

# TLD at the end
/system.?administrator.{0,10}/\.[a-z]{1,4}$/i

/\|.{1,5}delivery.?report/i
/\|.{1,5}system.?notification/i

/(e?.?mail|webmail).{0,5}(admin|hosting|manager|notice|server|support|team)/i

/account.{0,5}(alert|support)/i

# Sample: Admin-mydomain.ch
/admin(-|_)[a-z]{5,15}/\.[a-z]{1,4}/i

/admin.?it$/i
/admin.?(notification|support|technical|updates)/i
/administration.{0,5}(support|team)/i

/^administrator/i

/i\.?t (admin|notice|notification|server)/i
/^it.?support$/i

/cloud.{0,10}(admin|backup|limit|membership|operations|storage|team)/i
/cloud.{0,10}benachrichtigung/i

/cpanel.{0,10}(webhost|webmail)/i

/(data|digital|e.?mail).{0,10}(protection|retention|service|storage)/i

/helpdesk©/i
/help-desk/i
/helpdesk-/i
/hosting.?team/i

/mail.?(admin|alert|helpdesk|server|update)/i
/mail.?security.?team/i

/roundcube.{0,5}(administration|server|support)/i

/^server$/i
/server.?(notification|report|team)/i
/^support.?(access|client|desk|team)$/i
/support.{0,5}webmail/i

/system.?report.?center/i

/(imap|pop3).{0,10}settings/i

/team.?©/i
/^webmail/i

/web.?admin/i

#
/microsoft.{0,10}admin/i

# Kits for cars and stupid people
# ------------------------------------------------------------------------------
/(car|fire).{0,10}emergency.?(kit|set)/i
/medicare.?(kit|set)/i

#
#
#

# Generic
# ==============================================================================

# A
# ------------------------------------------------------------------------------
/aaa.{0,10}deals?/i

#/accounts?.?(department|help|payable|protection)/i
/accounts?.?(department|help|payable|protection|team)/i

/action.{0,10}required/i

/advising.{0,10}service/i

/auto.{0,10}gift/i

# French
/amendes.{0,10}alerte/i

# B
# ------------------------------------------------------------------------------
/bill.{0,5}alert/i
/billing.?team/i

/bonus.{0,10}(center|offer|points|reward|treat)/i
/box.{0,10}offer/i

/brand.{0,10}affiliate/i

# C
# ------------------------------------------------------------------------------
/cargo notification/i

/claim.{0,10}(free|refund|your)/i
/clean.{0,10}(experts?|support)/i

/customer.{0,10}(engagement|experience|feedback|survey|support)/i

/compliance.{0,10}(concerns?|team)/i
/complimentary.{0,10}gift/i

/confirmation.{0,10}(needed|required)/i

/copyright.{0,10}team/i
/coverage.{0,10}guide/i

# D
# ------------------------------------------------------------------------------
/dental.{0,10}kit/i
/domain.{0,10}(provider|support)/i

/\| de$/i

# E
# ------------------------------------------------------------------------------
/(e?.?)?mail.{0,10}(account|hosters?|support)/i

/exclusive.{0,10}(deals?|offers?)/i
/experts.{0,10}team/i

/express.{0,10}updates?/i

# French
/exclusive.{0,10}offre/i

# F
# ------------------------------------------------------------------------------
/f\.b\.i agent/i

/failed.{0,10}delivery/i
/feedback.{0,10}(center|team)/i

/fraud.{0,15}(detection|prevention)/i

/free.{0,10}(kit|samples?)/i

# G
# ------------------------------------------------------------------------------
/gift from/i
/gift.{0,10}(deals?|inside)/i
/gift(.?card)?.{0,10}(chance|opportunity)/i

/gov.?(grant|money)/i

/group.{0,10}(sales|team)/i
/guide.{0,10}team/i

# H
# ------------------------------------------------------------------------------
/hold placed/i

# I
# ------------------------------------------------------------------------------
/important.{0,10}(notice|notification)/i

/interactive.{0,10}brokers/i
/insurance.{0,10}tips/i

# Sample: Amelec_I.T [ Do Not Reply ]
/_i\.t \[/i

# J
# ------------------------------------------------------------------------------

# K
# ------------------------------------------------------------------------------

# L
# ------------------------------------------------------------------------------
/login.{0,10}(attempt|review)/i

/loyalty.{0,10}(team|offer|points)/i

# M
# ------------------------------------------------------------------------------
/mail.{0,10}(center|client|security)/i
/mail.{0,10}host service/i
/mailbox.{0,10}(storage|team)/i

/member.{0,10}survey/i
/membership.{0,10}(offer|updates?)/i

/message.{0,10}notification/i

/missing.{0,10}(package|winner)/i

# N
# ------------------------------------------------------------------------------
/national.{0,10}emergency/i

/network.{0,10}outage/i

/notice.{0,10}ads/i
/notification.{0,10}company/i

# O
# ------------------------------------------------------------------------------
/online.{0,10}banking/i
/online.{0,10}survey/i

/offers?.{0,10}(program|team)/i
/opinion.{0,10}request(ed)?/i
/order.{0,10}(confirmation|pending|update)/i

# P
# ------------------------------------------------------------------------------
/payment.{0,10}(alert|gateway|team)/i

/pending.{1,10}e?.?mails/i

/policy.{0,10}violation/i
/power.{0,10}reward/i

/prime.{0,10}(customer|membership|reward)/i
/privacy.{0,10}policy/i

/protection.{0,10}team/i
/provider.{0,10}support/i

# Q
# ------------------------------------------------------------------------------

# R
# ------------------------------------------------------------------------------
/recommended.{0,10}tea/i

/ref.?#/i
/refund.{0,10}support/i

/revise.id/i
/rewards?.{0,10}(center|team)/i

# S
# ------------------------------------------------------------------------------
/safety.{0,10}(alert|check|kit)/i
/security.{0,10}(alert|compliance)/i

/server.?(admin|support|update)/i

/session.{0,10}(alert|control)/i
/service.{0,10}notifications?/i
/(service|storage).{0,10}(upgrades?|updates?)/i

/settlement.{0,10}administrator/i

/shared?.{0,10}file/i
/sharepoint.{0,10}center/i
/shipping.{0,10}(pending|team|update)/i
/shopper.{0,10}gift(.?card)?/i

/supermarket.{0,10}team/i

/supply.{0,10}chain/i
/supportch/i

/support.{0,10}(delivery|team)/i
/supporter.{0,10}giveaway/i

/special.{0,10}membership/i
/systems.?administrator/i

/sweepstakes.{0,10}alert/i

# T
# ------------------------------------------------------------------------------
/tax.{0,10}(audit|department)/i
/\bteam.{0,10}support/i
/thanks? you/i

/tool.?set/i
/total.{0,10}device/i

/travel.{0,10}gift/i
/treat.{0,10}box/i
/trust.{0,10}safety/i
/trusted authentication/i

# U
# ------------------------------------------------------------------------------
/ultimate.{0,10}offers?/i

/usa.{0,10}ad$/i
/usa.{0,10}(affiliate|partner)/i
/user assistance/i

/(upgrade|update).{0,10}(alert|notice)/i

/urgent.{0,10}(action|required|security)/i

# V
# ------------------------------------------------------------------------------
/verification.{0,10}center/i

/violation.{0,10}notice/i
/vip.{0,10}gifts/i

# W
# ------------------------------------------------------------------------------

# X
# ------------------------------------------------------------------------------

# Y
# ------------------------------------------------------------------------------
/your.{0,10}free/i
/your.{0,10}gift/i
/your.{0,10}membership/i
/your.{0,10}reward/i

# Z
# ------------------------------------------------------------------------------
