# ==============================================================================
# This file contains only single words additionally
# with special characters and other specialties.
#
# This can be a bit dangerous. Use with care.
#
# If an entry is commented out then we have received false/positive mails.
# This way we know that the entry is not usable.
#
# ------------------------------------------------------------------------------
# Language: english
# Weight:   12.0
# ==============================================================================

# Topics
# ==============================================================================

# Generic
# ==============================================================================

# A
# ------------------------------------------------------------------------------
/-.?accounts?/i
/accounts.?-/i

/actl0n/i

/\<.?(account|trading)/i

/_alert/i
/_app/i

# B
# ------------------------------------------------------------------------------
/_bitcoin/i
/bitcoin#/i

/btc-/i
/-bonus/i

# C
# ------------------------------------------------------------------------------
/_card/i

/chatgpt_/i
/clear_/i

/_confirmation/i
/customer_/i

# D
# ------------------------------------------------------------------------------
/_department/i
/-desk/i

# E
# ------------------------------------------------------------------------------
/_emergency/i
/_experience/i

# F
# ------------------------------------------------------------------------------
/fat-/i

/_file/i
/final-/i
/_fix/i

# G
# ------------------------------------------------------------------------------

# H
# ------------------------------------------------------------------------------
/_hardware/i
/_health/i

/^hello,$/i

# I
# ------------------------------------------------------------------------------
/info.?\[/i

/_info/i

# J
# ------------------------------------------------------------------------------

# K
# ------------------------------------------------------------------------------
/_kitchen/i

# L
# ------------------------------------------------------------------------------
/_lander/i

# M
# ------------------------------------------------------------------------------
/m-a-l-e/i

/notice.?!!/i
/notification.?!/i
/_notification/i

# N
# ------------------------------------------------------------------------------
/n0tlce/i

# O
# ------------------------------------------------------------------------------

# P
# ------------------------------------------------------------------------------
/p\*nis/i

/ph0t0s/i

/pillow_/i

/premium_/i

/price\.!/i
/^price.?\?/i

# Q
# ------------------------------------------------------------------------------

# R
# ------------------------------------------------------------------------------
/response\.\./i

/-rewards/i
/_rewards/i
/rewards!/i

# S
# ------------------------------------------------------------------------------
/security.?!/i
/sex-/i

/_shrink/i

/st0rage/i

/support.?!/i
/support.?#/i

/_survey/i
/system_/i

# T
# ------------------------------------------------------------------------------
/technology #/i

/- team/i
/_team/i

/team!/i

/^tesla \($/i

/(-|_)tracker/i
/_trader/i

/translator_/i

/t0tal/i

# U
# ------------------------------------------------------------------------------
/_update/i
/urgent_/i

/urgent$/i
/urgent!/i

# V
# ------------------------------------------------------------------------------

# W
# ------------------------------------------------------------------------------
/wealth\./i
/_winner/i

# X
# ------------------------------------------------------------------------------

# Y
# ------------------------------------------------------------------------------

# Z
# ------------------------------------------------------------------------------
