# ==============================================================================
# Language: english
# Weight:   6.0
# ==============================================================================

# Topics
# ==============================================================================

# Italian
# ------------------------------------------------------------------------------
/soluzioni.{0,10}wifi/i
/wifi.{0,10}portatili/i

#
#
#

# Generic
# ==============================================================================

/\d{1,2}.{0,10}(discount|off)/i
/\d{1,2}.{0,10}languages/i

# A
# ------------------------------------------------------------------------------
/american.{0,10}(discounts|pope|seniors)/i
/anti.{0,10}(glare|loss|noise)/i

/arctic.{0,10}air/i

/authorized.{0,10}(dealer|retailer)/i

# B
# ------------------------------------------------------------------------------
/battery.{0,10}revival/i
/battle.{0,10}ready/i

/best.{0,10}gift/i

/blade.{0,10}works/i

/bluetooth.{0,10}tracker/i

/boom de vendas/i
/boom of sales/i

/boresighter/i

/breaking.{0,10}deals?/i
/bright.{0,10}path/i

/built.{0,10}(tough|to last)/i
/bullet.{0,10}embedded/i
/burial.{0,10}insurance?/i
/business.{0,10}(growth|leads?)/i

# C
# ------------------------------------------------------------------------------
/camo.{0,10}lighter/i
/canvas.{0,10}prints/i
/car.{0,10}(repair|shield)/i

/cheech.{0,10}chong/i

/(chef|sharp).{0,10}knife/i
/chill.{0,15}(air|companion|crew|insider|support)/i

/claim.{0,10}(drone|off)/i

/clean.{0,10}(living|shower)/i
/clear.{0,10}road/i

/combat.{0,10}(gear|ready|tactic)/i

/comfort.{0,10}only/i
/compact.{0,10}(cleaning|power)/i
/cool.{0,10}(edge|pocket|solutions?|time)/i

# D
# ------------------------------------------------------------------------------
/deals?.{0,10}(alarm|days?|today)/i
/(designer|discount|rolex|top).?watch(es)?/i

/defense.{0,10}brief/i

/designed.{0,10}(americans|for|to)/i
/detector.{0,10}team/i

/dogs?.{0,5}(armour|behaviour|trainers)/i
/^dogs?.{0,5}food/i

/don.?t miss out/i
/door.{0,10}(camera|ringer|training)/i

/drive.{0,10}(bright|clear|safe)/i

/drone.{0,10}deals?/i

/dusterx.?pro/i

# E
# ------------------------------------------------------------------------------
/easy.{0,10}clean/i

/electric.{0,15}(bill|scrubber|spin)/i

/elon.{0,10}device/i

/email.?marketing/i
/energy.{0,10}(bill|saver)/i
/ergo.{0,10}light/i

/esaver/i

/(essential|outdoor).{0,10}gloves?/i

/_experience/i

/exclusive.{0,10}(deals?|offers?)/i

# F
# ------------------------------------------------------------------------------
/fan.{0,10}blower/i

/final.{0,10}expense/i
/first.{0,10}american?/i

/foam.{0,10}seat/i
/food.{0,10}supply/i
/fox.{0,10}scope/i

/free.{0,10}gear/i
/franking.{0,10}machine/i

/fuel.{0,10}saver/i

/furniture.{0,10}plans?/i

# G
# ------------------------------------------------------------------------------
/gadget.{0,10}savers?/i
/gear.{0,10}(dispatch|support)/i
/global.{0,10}food/i

/guard.{0,10}(offer|partner|pro)/i
/gutter.{0,10}(clean|guard|upgrade)/i

/(gogo|portable|small|space).{0,10}(heater|heating)/i

/groovy.{0,10}chews/i

# H
# ------------------------------------------------------------------------------
/handheld.{0,10}vacuum/i
/hardware.{0,10}retailing/i
/haunted.{0,10}deal/i

/health(care)?.{0,10}enrollment/i
/heating.{0,10}(bill|system)/i
/heritage.{0,10}team/i

/home.{0,10}(cool|warranty)/i

/(hot|lv).{0,10}handbags/i

/hottest.{0,10}amazon/i

# I
# ------------------------------------------------------------------------------
/internet.{0,10}(enhancement|help|relief)/i

/instant.{0,10}(access|cool)/i
/instant.{0,10}quotes?/i

/insurance.{0,10}(comparison|quotes?)/i

# J
# ------------------------------------------------------------------------------
/jet.{0,10}fan/i

# K
# ------------------------------------------------------------------------------
/knives?.{0,10}(set|team)/i

# L
# ------------------------------------------------------------------------------
/launch.{0,10}offer/i

/leaf.?filter/i
/(life|well).{0,10}heater/i

/limited time/i
/local.?seo/i
/luxury.?(collections?|comfort|watch(es)?)/i

# M
# ------------------------------------------------------------------------------
/meet.{0,10}your/i
/military.{0,10}grade/i
/mini.{0,10}(blower|cool|heater|jet)/i

/mobile.{0,10}photography/i

# N
# ------------------------------------------------------------------------------
/next.?gen.{0,10}flight/i
/night.{0,10}(balance|drive|driving|vision)/i

/non.?stick.{0,10}pan/i

# O
# ------------------------------------------------------------------------------
/offers?.{0,10}program/i

/online.{0,10}online/i

/original.{0,10}gift/i

# P
# ------------------------------------------------------------------------------
/path.{0,10}team/i

/(patriot|survival).{0,10}(apparel|saw)/i
/patriot.{0,10}brands?/i

/peak.{0,10}design/i
/perfect.{0,10}(glow|light)/i

/pest.{0,10}resister/i
/pet.{0,10}(care|health|lifespan|safety|wellness)/i

/phone.{0,10}deals?/i
/phone.?x/i

/pocket.{0,10}hose/i

/power.{0,10}(blower|scrubber|outage)/i

/premium.{0,10}promotion/i
/president.{0,15}trump/i

/pro.?cam.{0,10}shop/i
/pro.?(security|tablet)/i

# Q
# ------------------------------------------------------------------------------
/quote.{0,10}fnder/i

# R
# ------------------------------------------------------------------------------
/radar.{0,10}detector/i

/review.{0,10}service/i
/rk.?pro/i

/roof.{0,10}replacement/i

# S
# ------------------------------------------------------------------------------
/safe.{0,10}(tech|living)/i
/safety on/i

/^sales.?team$/i

/save (more|on|today)/i

/seat.?cushion/i

/secure.{0,10}(experts?|master|nation|space|yours?)/i
/security.{0,10}camera/i

/senior.{0,10}perks/i

/seo.{0,10}(agency|backlink|service)/i

/shipping.{0,10}(forwarder|solutions?)/i

/shoe.{0,10}insole/i
/shower.{0,10}scrubber/i
/shop(ping)?.{0,10}(deal|deals?|discounts?|guide)/i

/silent.{0,10}(danger|space)/i

/^smart.?deals$/i

/smart.{0,10}(cleaning|deals|guard|protect)/i
/smart.{0,10}(security|sleep|stick)/i
/smart.?tv/i

/summer.{0,10}chill/i
/super.{0,10}(list|step)/i
/survival.{0,10}(card|gear)/i

/sofa.{0,10}cover/i
/solar.{0,10}savings/i

/speed.{0,10}enhancer/i

/spin.{0,10}scrubber/i
/spirual.{0,10}waterfall?/i

/stop wasting/i

/stunning.{0,10}(4k|footage)/i

/supply.{0,10}office/i

# T
# ------------------------------------------------------------------------------
/tactic(al)?.{0,10}(edge|flashlight|hiking|knive|official|report|stick)/i

/tax.{0,10}(consultant|helpers?|resolvers?)/i

/tech.{0,10}(digest|safety)/i

/team.{0,10}team/i
/text.{0,10}voice/i

/timeshare.{0,10}owner/i
/tiny.{0,10}(camera|drone|phone|projector)/i

/top.{0,10}(device|watche(es)?)/i
/top.{0,10}rolex/i

/translation.{0,10}(device|services?)/i

/tv.{0,10}(deals|streaming|upgrade)/i

# U
# ------------------------------------------------------------------------------
/ultimate.{0,10}offers?/i
/ultimate.{0,10}dog/i

/urban.{0,10}warzone/i
/usb.{0,10}stick/i

# V
# ------------------------------------------------------------------------------
/vaccum.{0,10}(go|pro)/i

/value for money/i
/vending.{0,10}machines?/i

# W
# ------------------------------------------------------------------------------
/water.{0,10}resistant/i

/wasting.{0,10}money/i
/watch(es)?.{0,10}(online|only)/i

/website.{0,10}seo/i

/wi.?fi.{0,15}projector/i

/woodwork(ing)?.{0,10}(plans|tooling)/i

# X
# ------------------------------------------------------------------------------

# Y
# ------------------------------------------------------------------------------
/your.{0,10}timeshare/i

# Z
# ------------------------------------------------------------------------------
/zero.{0,10}bulk/i
