# ==============================================================================
#
#
# ------------------------------------------------------------------------------
# Language: english
# Weight:   6.0
# ==============================================================================

# Topics
# ==============================================================================

#
#
#

# Generic
# ==============================================================================

# A

# B

# C

# D

# E

# F
/(find|looking|seeking).{1,10}(charming|good|hot|perfectible|supreme|unstained).{1,10}(buddy|dude|locals|male|man|mister)/i
/(find|looking|seeking).{1,10}serious romantic/i

# G

# H

# I
/i.?a?m{1,10}(alone|breezy|curvy|single|solitary|unmarried).{1,15}(female|girl|lady|miss|woman)/i

# J

# K

# L

# M

# N

# O

# P
/personally connect.{1,10}my name is/i

# Q

# R
/real people.{1,10}real dates/i

# S
/sexy.{1,10}addict/i

/singles are waiting/i
/start chatting in minutes/i

# T

# U

# V

# W

# X

# Y

# Z
