# ==============================================================================
#
#
# ------------------------------------------------------------------------------
# Language: english
# Weight:   6.0
# ==============================================================================

# Topics
# ==============================================================================

#
#
#

# Generic
# ==============================================================================

# A
/about your business operations/i
/(attached|enclosed).{1,10}file.{1,10}send us the price/i

# B

# C

# D
/details about your business/i

# E

# F
/following up.{1,10}regarding your company/i

# G

# H

# I
/i would like.{1,10}receive your.{1,10}price.?list/i

# J

# K

# L
/like you.{1,15}reach out via.{1,10}whatsapp/i/i

# M

# N

# O

# P
/(prices|price.?list).{1,15}(available|through|on|share|use|via).{1,15}whatsapp/i
/(prices|price.?list).{1,15}(could you deliver|drop it|with me.{1,10}provide it)/i
/(prices|price.?list).{1,25}send it.{1,10}whatsapp/i

/inventory.{1,10}start.{1,10}conversation with us/i

/(items?|offerings?|products?).{1,10}(connect|reach out|write) (to|via|with).{1,15}whatsapp/i
/(items?|offerings?|products?).{1,10}info(rmation)? (available|through|on|via).{1,10}whatsapp/i
/(items?|offerings?|products?).{1,10}feel free.{1,10}whatsapp/i
/(items?|offerings?|products?).{1,10}on.{1,10}whatsapp/i
/(items?|offerings?|products?).{1,10}ping us.{1,10}whatsapp/i
/(items?|offerings?|products?).{1,10}send more info.{1,10}whatsapp/i
/(items?|offerings?|products?).{1,10}whatsapp below/i
/(items?|offerings?|products?).{1,10}we can be reached on/i

# Q

# R

# S
/suppliers?.{1,10}like you.{1,10}send us.{1,10}whatsapp/i

# T

# U

# V

# W
/whatsapp below.{1,10}(to send it|your product)/i
/whatsapp below.{1,10}(prices|price.?list)/i

/we are interested.{1,10}your product range/i
/we are interested.{1,10}collaborating with your.{1,10}company/i

/we are looking.{1,10}(innovative|reliable).{1,20}(contractors|manufacturers|suppliers)/i

# X

# Y
/you send us your.{1,15}price.?list/i

/your.{1,15}(company|organization).{1,10}vendor?.{1,10}registration/i
/your.{1,15}website.{1,10}were genuinely impressed/i

/your.{1,10}pricing.{1,10}catalogue on our/i

/your.{1,10}(prices|price.?list).{1,10}whatsapp/i

# Z
