# ==============================================================================
#
#
# ------------------------------------------------------------------------------
# Language: english
# Weight:   6.0
# ==============================================================================

# Topics
# ==============================================================================

# Lower Score, weight 1
# ------------------------------------------------------------------------------
/corporate.{1,5}loans/i 0.15
/inventory.{1,5}loans/i 0.15
/investment.{1,5}loans/i 0.15
/trade.{1,5}loans/i 0.15
/personal.{1,5}loans/i 0.15
/business.{1,5}financing/i 0.15

#
#
#

# Generic
# ==============================================================================

# A
/apply for.{1,10}loan today/i

# B

# C
/capital.{1,10}your profitable project/i

# D

# E

# F
/funds.{1,10}reply with your/i
/funding solutions?.{1,10}lcompetitive/i

# G

# H

# I
/i am a private.{1,10}lender/i

# J

# K

# L
/loan.{1,10}you can now get up/i

# M

# N

# O
/offering.{1,15}financing to existing companies/i

/our investors.{1,10}are ready to provide/i

# P

# Q

# R

# S
/seek.{1,15}(corporate|personal).{1,10}loans/i

# T
/take control.{1,10}your business with/i

# U
/unlock the funds you need/i

# V

# W
/we are.{1,10}financial institution/i
/we are pleased to offer.{1,10}(funds|loans)/i

/we are required.{1,10}by our.{1,10}funders/i
/we fund.{1,10}wide range/i
/we have.{1,10}funding.{1,10}solutions/i

/we.{1,10}(give|issuing|offer|offering|provide|source).{1,10}(financing|funding)/i
/we.{1,10}(give|issuing|offer|offering|provide|source).{1,10}loan facilities/i

/we process.{1,10}loans/i

# X

# Y
/you.{1,10}prequalified for up to \{d3,6}/i

/you need.{1,10}(reputable|urgent).{1,10}loan/i

/your organization.{1,10}seeking capital/i

# Z
