# ==============================================================================
#
#
# ------------------------------------------------------------------------------
# Language: english
# Weight:   6.0
# ==============================================================================

# Topics
# ==============================================================================

#
#
#

# Generic
# ==============================================================================

# Numeric
/\$[a-z]{4}.{1,5}visit our website/i

# A
/about to explode.{1,15}action/i

# B
/best ipo.?stocks of/i

# C
/(corp|corporation|inc).{1,5}stock.{1,10}symbol:/i
/(corp|corporation|inc).{1,5}otc/i
/(corp|corporation|inc).{1,5}nasdaq.{1,35}(find out more|symbols?)/i

# D

# E

# F
/for more information on \$[a-z]{4}\b/i

# G
/group.{1,5}nasdaq.{1,35}(largest|world)/i
/group.{1,5}(corp|corporation|inc).{1,10}stock symbol/i

# H
/(holdings ltd|pharmaceuticals).{1,5}nasdaq/i

# I
/invest in critical minerals.{1,10}from/i

# J

# K

# L

# M

# N

# O

# P
/potential.{1,10}short.{1,10}squeeze.{1,10}stocks/i

# Q

# R
/stock symbol.{1,15}(current share|for more information)/i

# S

# T

# U

# V

# W

# X

# Y

# Z
