# ==============================================================================
# To avoid overloading the "body.en.sale.map" file,
# we add product-specific rules to this file.
#
# If the number of entries becomes really large,
# they will even be put in their own file.
#
# The same products have been offered repeatedly from Germany for many years.
# This spam is eliminated here.
#
# ------------------------------------------------------------------------------
# Language: english
# Weight:   12.0
# ==============================================================================

# BackPack
# ------------------------------------------------------------------------------

# E-Bikes
# ------------------------------------------------------------------------------
/(experienced|reliable).{1,10}e(lectric)?.{0,10}(bicycle|bike|cycle|velo).{1,10}(factory|manufacturer)/i
/(fat.?tire|moped).{1,15}e(lectric)?.{0,10}(bicycle|bike|cycle|velo)/i

/fat.?tire.{1,10}(moped|mtb)/i
/inch.{1,10}fat.?tire/i

/(all.?terrain|brand.?new).{1,15}e(lectric)?.{0,10}(bicycle|bike|cycle|velo)/i

/bicycles.{1,10}we produce.{1,15}units/i

/looking.{1,10}high.?performance.{1,10}e(lectric)?.{0,10}(bicycle|bike|cycle)/i

/moped.?e.?bike/i
/moped.?style.{1,15}e(lectric)?.{0,10}(bicycle|bike|cycle|velo)/i
/mountain electric velo/i

/(the|we are an).{1,10}e(lectric)?.{0,10}(bicycle|bike).{1,10}(factory|manufacturer)/i

/our bicycles to reach/i
/our featured.{1,10}moped/i
/our german warehouse.{1,15}(currently|holds)/i

/we.{1,10}keep stock in.{1,10}(europe|states|usa)/i
/we.{1,10}produce.{1,10}high.?quality.{1,10}electric/i
/we.{1,15}introduced.{1,10}new electric/i
/we.{1,15}produce.{1,20}electric mobility/i

/european.{1,10}warehouses?.{1,10}we can supply/i
/with warehouses?.{1,10}in.{1,10}(europe|states|usa)/i
/(electric|pedal).{1,10}assistant bicycles/i

/this velo is/i

#
/hello.{1,10}we produce around/i

# Night Glasses
# ------------------------------------------------------------------------------
# Product
/clear.?view/i

/drive.?bright.{1,15}(anti.?glare|glasses)/i
/drive.{1,10}after dark with/i

/fix for.{1,10}headlight glare/i
/help manage glare/i

/night driving starts here/i
/night vision.{1,10}glasses/i

/shop.{1,10}smart.{1,10}backpack/i
/the.{1,10}smart backpack/i

/see clearer with this/i
/smallest objects while driving/i

# Streaming TV
# ------------------------------------------------------------------------------

/\d{3,4}.{1,10}(live|worldwide).{1,10}channels/i
/\d{3,4}.{1,10}movies.{1,10}series/i

/(affordable|experience|premium|strong).{1,10}ip.?tv.{1,10}(service|streaming|subscription)/i

/live channels.{1,10}movies.{1,10}series/i

# WiFi
# ------------------------------------------------------------------------------
/(wi.?fi|wireless).{1,10}(home|security).{1,10}camera.{1,10}rechargeable/i
/(wi.?fi|wireless).{1,10}anywhere.{1,10}anytime/i

/boost speed across your home/i
/eliminate.{1,10}(wi.?fi|wireless).{1,10}dead zones/i

/internet.{1,10}(help|relief)/i
/portable hotspot pro/i
/ryoko.{1,10}wlan/i
/slow.{1,10}internet/i

#
/muama.{0,5}ryoko/i


