# ==============================================================================
#
#
# ------------------------------------------------------------------------------
# Language: english
# Weight:   6.0
# ==============================================================================

# Topics
# ==============================================================================

#
#
#

# Generic
# ==============================================================================

# A
/apps?.{1,10}development services/i
/apps?.{1,10}proposal with you/i
/apps?.{1,10}aligns with your brand/i
/apps?.{1,10}you are interested/i
/apps?.{1,10}your.{1,10}business/i

# B

# C

# D
/like to discuss.{1,15}apps?.{1,10}development/i

# E

# F

# G

# H

# I

# J

# K

# L
/launch.{1,10}mobile app/i

# M
(my|our).{1,10}app.{1,10}services/i

/mobile app.{1,10}website.{1,10}development/i

# N

# O

# P

# Q

# R

# S

# T

# U

# V

# W
/we.{1,10}(build|create|design|develop|make).{1,15}apps?.{1,10}just/i
/we.{1,10}(build|create|design|develop|make).{1,15}(android|ios)/i

/we.{1,10}(build|create|design|develop|make).{1,15}launch/i

/we.{1,10}(build|create|design|develop|make).{1,15}(all|any) kinds? of apps?/i
/we.{1,10}(build|create|design|develop|make).{1,15}(all kinds of|tailored).{1,20}apps/i

/we.{1,10}(build|create|design|develop|make).{1,15}mobile.?apps/i
/we.{1,10}(build|create|design|develop|make).{1,15}personalized mobile applications/i
/we.{1,10}(build|create|design|develop|make).{1,15}your.{1,10}apps?/i

/we.{1,10}help brands build/i
/we.{1,10}specialize in.{1,10}app.?development/i

# X

# Y
/you.{1,10}(considering|interested|looking|need).{1,10}apps?.{1,10}(android|ios|iphone)/i
/you.{1,10}(considering|interested|looking|need).{1,10}(develop|for|in).{1,15}(android|ios|iphone|mobile)?.?(app|web)/i

/your.{1,10}mobile.?app.{1,10}requirement/i

# Z
