# ==============================================================================
# Here, we enter more generic phrases related to sales.
# For specific topics that occur frequently and require many entries,
# we create separate files:
#
# - body.en.sale.app.map
# - body.en.sale.greetings.map
# - body.en.sale.media.map
# - body.en.sale.seo.map
# - body.en.sale.website.map
#
# The file "body.en.sale.specific.map" contains rules for products whose entries are not so specific.
#
# ------------------------------------------------------------------------------
# Language: english
# Weight:   12.0
# -------------------------------------------------------------------------------
# This is about sales that are not assigned to very specific topics or industries.
#
# ==============================================================================

# Topics
# ==============================================================================

#
#
#

# Generic
# ==============================================================================

# A

# B

# C
/contact details.{1,10}your business/i

# D
/drive.?bright.{1,15}(anti.?glare|glasses)/i

# E

# F

# G

# H

# I
/internet.{1,10}(help|relief)/i

# J
/jet.?fan.?blower/i

# K

# L

# M
/mini phone x/i
/muama.{0,5}ryoko/i

# N

# O

# P
/portable a.?c cools you/i
/portable hotspot pro/i

# Q

# R
/ryoko.{1,10}wlan/i

# S
/slow.{1,10}internet/i

# T
/tactic(al)?.{1,10}air.?drone/i

# U
/ultimate.{1,10}foldable.{1,10}drone/i

# V

# W
/(wifi|wireless).{1,10}(home|security).{1,10}camera.{1,10}rechargeable/i
/(wifi|wireless).{1,10}anywhere.{1,10}anytime/i

# X

# Y
your.{1,10}business with.{1,10}leads/i

# Z
