# ==============================================================================
#
#
# ------------------------------------------------------------------------------
# Language: english
# Weight:   6.0
# -------------------------------------------------------------------------------
# This is about sales that are not assigned to very specific topics or industries.
#
# ==============================================================================

# Topics
# ==============================================================================

# E-Bikes
# ------------------------------------------------------------------------------
/(experienced|reliable).{1,10}e(lectric)?.{0,10}(bicycle|bike).{1,10}(factory|manufacturer)/i

/we are an.{1,10}e(lectric)?.{0,10}(bicycle|bike).{1,10}(factory|manufacturer)/i

#
#
#

# Generic
# ==============================================================================

# A

# B

# C
/contact details.{1,10}your business/i

# D

# E

# F

# G

# H

# I
/internet.{1,10}(help|relief)/i

# J
/jet.?fan.?blower/i

# K

# L

# M

# N

# O

# P
/portable a.?c cools you/i

# Q

# R

# S
/slow.{1,10}internet/i

# T
/tactic(al)?.{1,10}air.?drone/i

# U
/ultimate.{1,10}foldable.{1,10}drone/i

# V

# W

# X

# Y
your.{1,10}business with.{1,10}leads/i

# Z
