# ==============================================================================
# Spammers are trying to trick you into renewing a subscription.
# To create a lot of pressure, the content refers to expired antivirus software.
#
# Another common trick is to claim that the monthly subscription fee couldn't be paid.
# The goal is always for the scammers to obtain credit card information.
# 
# ------------------------------------------------------------------------------
# Language: english
# Weight:   6.0
# ==============================================================================

# Topics
# ==============================================================================

# Antivirus - Pressure buildup: System is infected
# ------------------------------------------------------------------------------
#
#
#

# Generic
# ==============================================================================

# A

# B

# C

# D

# E

# F

# G

# H

# I

# J

# K

# L

# M

# N

# O

# P

# Q

# R
/(review|verify) your.{1,10}membership (details|info)/i

# S

# T

# U

# V

# W

# X

# Y

# Z
