# ==============================================================================
#
#
# ------------------------------------------------------------------------------
# Language: english
# Weight:   6.0
# ==============================================================================

# Topics
# ==============================================================================

# Attention, Important, Urgent
# ------------------------------------------------------------------------------
/(attn|attention).{1,10}dear.{1,10}(customer|valued)/i
#/(attn|attention).{1,10}(dear|please)/i
/(attn|attention).{1,10}dear/i
/(attn|attention).{1,10}bénéficiaire/iu

/(attn|attention).{1,10}e?.?mail.{1,15}owner/i
/(attn|attention).{1,10}from homeland security/i
/(attn|attention).{1,10}fund recipient/i
/(attn|attention).{1,10}lucky one/i

/(attn|attention).{1,10}i am.{1,10}(attorney|bar\.|seeking)/i

/(attn|attention).{1,10}(beneficiary|ceo|honorable|madam|managing partner|president|relative|sir|vendor)/i
/(attn|attention).{1,10}read this message/i
/(attn|attention).{1,10}owner/i
/(attn|attention).{1,10}this is very urgent/i
/(attn|attention).{1,10}we hope this.{1,10}e?.?mail/i

/(nigeria|plc).{1,10}(attn|attention)/i

/extremely important.{1,10}urgent matter/i
/to the attention of.{1,10}chief/i

/urgently.{1,10}(attn|attention).{1,10}please/i

/i have.{1,15}(confidential|important) message/i

/important.{1,10}pending.{1,10}(e?.?mail|message)/i

/review.{1,10}important.{1,10}pending.{1,10}(e?.?mail|message)/i

/this.{1,10}(e?.?mail|message).{1,15}strictly confidential/i
/this.{1,10}(e?.?mail|message).{1,15}confidential.{1,10}urgent/i


# Message
# ------------------------------------------------------------------------------

# Generic
# ==============================================================================

# A
# ------------------------------------------------------------------------------
/apologies for.{1,10}unsolicited.{1,10}(e?.?mail|message)/i

# B
# ------------------------------------------------------------------------------

# C
# ------------------------------------------------------------------------------
/confidential.{1,10}message i want to share/i

/(contact me|get back|reach out|reply|send your reply).{1,10}(at|in|on).{1,10}private e?.?mail/i

#  |- TLD -|
/\.[a-z]{2,4}.{1,10}your.{1,10}(active|valid) e?.?mail/i

# D
# ------------------------------------------------------------------------------
/^did you receive my.{1,10}e?.?mail\?$/i

/difficult to reach you by.{1,10}e?.?mail/i

# E
# ------------------------------------------------------------------------------

# F
# ------------------------------------------------------------------------------
/following up.{1,10}last.{1,10}e?.?mail.{1,15}you had any thoughts/i
/following up.{1,10}saw my last.{1,10}e?.?mail/i

# G
# ------------------------------------------------------------------------------

# H
# ------------------------------------------------------------------------------

# I
# ------------------------------------------------------------------------------
/(confirm|if|is|response).{1,10}(the|this|your).{1,10}e?.?mail.{1,15}is functional/i
/(confirm|if|is|response).{1,10}(the|this|your).{1,10}e?.?mail.{1,15}still (active|valid)/i

/i apologize for.{1,10}long message/i

/(if|is) this is your.{1,15}e?.?mail/i
/if you still use this.{1,10}e?.?mail/i

# J
# ------------------------------------------------------------------------------

# K
# ------------------------------------------------------------------------------

# L
# ------------------------------------------------------------------------------

# M
# ------------------------------------------------------------------------------
/(e?.?mail|letter|message).{1,10}does not suit your current/i
/(e?.?mail|letter|message).{1,10}finds you well.{1,10}following up/i
/(e?.?mail|letter|message).{1,10}finds you well.{1,10}reaching out/i
/(e?.?mail|letter|message).{1,10}i sent.{1,15}regarding the idea i shared/i
/(e?.?mail|letter|message).{1,10}will definitely come to you as/i

# N
# ------------------------------------------------------------------------------

# O
# ------------------------------------------------------------------------------

# P
# ------------------------------------------------------------------------------

# Q
# ------------------------------------------------------------------------------

# R
# ------------------------------------------------------------------------------
/read.{1,10}(e?.?mail|letter|message).{1,10}with patience/i
/revert through my private.{1,10}e?.?mail.{1,10}address/i

# S
# ------------------------------------------------------------------------------
/sent you an important.{1,10}(e?.?mail|letter|message)/i

# T
# ------------------------------------------------------------------------------
/this.{1,10}(e?.?mail|letter|message).{1,10}as your last warning/i
/this.{1,10}(e?.?mail|letter|message).{1,10}is safe/i
/this.{1,10}(e?.?mail|letter|message).{1,10}is very important/i

# U
# ------------------------------------------------------------------------------
/you have a busy schedule.{1,10}just making sure this.{1,10}(e?.?mail|letter|message)/i

# V
# ------------------------------------------------------------------------------
/verify the functionality of this.{1,10}e?.?mail/i

# W
# ------------------------------------------------------------------------------

# X
# ------------------------------------------------------------------------------

# Y
# ------------------------------------------------------------------------------
/you.{1,10}(e?.?mail|letter|message).{1,10}ask for your personal help/i

/you.{1,10}have a new.{1,10}(e?.?mail|letter|message).{1,10}an individual/i

/you.{1,10}(received|recieved) the letter sent to your/i
/you.{1,10}(received|recieved) my last.{1,10}(e?.?mail|letter|message).{1,10}safely/i
/you.{1,10}(received|recieved) my last.{1,10}(e?.?mail|letter|message).{1,10}send.{1,10}feedback/i

/you.{1,15}(operating|reachable|using).{1,10}(the|this|your).{1,10}e?.?mail/i

/you opened my.{1,10}(e?.?mail|letter|message)/i

# Z
# ------------------------------------------------------------------------------
