# ==============================================================================
# The scammers create the impression that the person has been chosen for something.
# This could be a prize, a donation, or an inheritance.
# 
# Words like:
# - Begünstigter
# - Empfänger
# - Ausgewählt
#
# may appear.
#
# ------------------------------------------------------------------------------
# Language: english
# Weight:   12.0
# ==============================================================================

# Topics
# ==============================================================================

#
#
#

# Generic
# ==============================================================================

# A
# ------------------------------------------------------------------------------

# B
# ------------------------------------------------------------------------------
/(beneficiaries|beneficiary).{1,10}to receive the.{1,10}funds?/i

# C
# ------------------------------------------------------------------------------

# D
# ------------------------------------------------------------------------------

# E
# ------------------------------------------------------------------------------

# F
# ------------------------------------------------------------------------------

# G
# ------------------------------------------------------------------------------

# H
# ------------------------------------------------------------------------------

# I
# ------------------------------------------------------------------------------

# J
# ------------------------------------------------------------------------------

# K
# ------------------------------------------------------------------------------

# L
# ------------------------------------------------------------------------------

# M
# ------------------------------------------------------------------------------
/made you.{1,15}beneficiary/i

# N
# ------------------------------------------------------------------------------

# O
# ------------------------------------------------------------------------------

# P
# ------------------------------------------------------------------------------

# Q
# ------------------------------------------------------------------------------

# R
# ------------------------------------------------------------------------------

# S
# ------------------------------------------------------------------------------

# T
# ------------------------------------------------------------------------------

# U
# ------------------------------------------------------------------------------

# V
# ------------------------------------------------------------------------------

# W
# ------------------------------------------------------------------------------

# X
# ------------------------------------------------------------------------------

# Y
# ------------------------------------------------------------------------------
/you.{1,10}been.{1,15}selected.{1,10}beneficiary/i

# Z
# ------------------------------------------------------------------------------
