# ==============================================================================
#
#
# ------------------------------------------------------------------------------
# Language: english
# Weight:   6.0
# ==============================================================================

# Topics
# ==============================================================================

#
#
#

# Generic
# ==============================================================================

# A
/app storeでの/i

# B

# C
/cancel de.?activation.{1,15}(account|request)/i
/confirm ownership here/i

# 11.08.25 - Check here
/ご確認はこちら/i


# 13.08.25 - Attention Awakening
/注意喚起/i

# D

# E

# F

# G

# H

# I

# 09.08.25 - Important notice
/重要なお知らせ/i

# J

# K

# L

# M
/missing identity information/i

# N

# 11.08.25 - Notice from the National Tax Agency
/国税局からのお知らせ/i

# O

# P

# Q

# R

# S
/servers.{1,15}review the details in your account/i
/service update.{1,15}we would like to inform you/i

# T

# U
/update the necessary information.{1,15}accessing/i

# V

# W
/we notice you have not updated/i

# X

# Y
/your.{1,15}contact information needs.{1,15}updated/i

# Z
