# ==============================================================================
# After the greeting, an introductory text often follows:
# - The person introduces themselves or their organization.
# - Silly excuses.
# - Request for any help.
#
# We're not using greetings in this file!
#
# ------------------------------------------------------------------------------
# Language: english
# Weight:   6.0
# ==============================================================================

# Generic
# ==============================================================================

# A
# ------------------------------------------------------------------------------
/(apologies|apologize|sorry).{1,10}(for intruding|to invade)/i
/(apologies|apologize|sorry).{1,10}for this.{1,10}sudden e?.?mail/i
/(apologies|apologize|sorry).{1,10}if my e?.?mail/i
/(apologies|apologize|sorry).{1,10}if the content of my e?.?mail/i
/(apologies|apologize|sorry).{1,10}infringing.{1,10}your privacy/i
/(apologies|apologize|sorry).{1,10}reach you through this medium/i
/(apologies|apologize|sorry).{1,10}sending this.{1,10}unsolicited.{1,10}e.?mail/i
/(apologies|apologize|sorry).{1,10}unsolicited.{1,10}(contact|e.?mail|letter|proposal)/i

# B
# ------------------------------------------------------------------------------
/barrister.{5,35}i am contacting you/i

# C
# ------------------------------------------------------------------------------
/company introduction letter/i

/(contact|details|e?.?mail|information|name|profile).{1,10}on google/i

# D
# ------------------------------------------------------------------------------
/desk of barr(ister)?/i
/desk of secretary.{1,35}attention/i

/disturb you with (my|this).{1,10}e?.?mail/i

# E
# ------------------------------------------------------------------------------
/(e.?mail|letter|message).{1,10}finds you well.{1,10}i work with a/i
/(e.?mail|letter|message).{1,10}finds you well.{1,10}my name is/i
/(e.?mail|letter|message).{1,10}meets you in.{1,10}best.{1,10}spirits/i
/(e.?mail|letter|message).{1,10}reaches you in.{1,10}good faith.{1,10}my name is/i

# F
# ------------------------------------------------------------------------------
/from the desk of/i
#/from.{1,10}the (desk|office) of.{1,10}(miss|mrs?|ms)/i
#/from.{1,10}the (desk|office) of.{1,10}(minister|president)/i

# G
# ------------------------------------------------------------------------------
/glad to contact you on behalf of/i

/glad to (know|hear) that you.{1,15}in.{1,25}(business|field|need of)/i
/glad to (know|hear) that you.{1,15}on the.{1,20}market/i
/glad to (know|hear) that you.{1,10}on the market for/i
/glad to (know|hear) that you.{1,15}professional/i

# H
# ------------------------------------------------------------------------------
/hope this e?.?mail finds you well.{1,10}i.?a?m (miss|mrs?|ms)/i
/hope this e?.?mail finds you well.{1,10}my name is/i
/hope this e?.?mail finds you well.{1,10}we are.{1,10}professional/i

/how are you doing.{1,10}this is.{5,35}member from/i

# I
# ------------------------------------------------------------------------------
/i am (engr|madam)/i
/i am contacting you.{1,10}after making/i
/i am delighted to contact you/i
/i am.{5,35}glad to contact you/i

/i am reaching out.{1,10}acquaint our company/i
/i am reaching out.{1,10}with a sincere heart/i

/i am presently working as a/i
/i am writing to introduce/i

/i represent a team of over/i

/i am writing to.{1,10}seek.{1,10}attention/i

/i.{1,10}represent(ing)?.{1,10}(company|my)/i
/i.{1,10}represent(ing)?.{1,10}leading.{1,20}institution/i

/i (came across|found) your.{1,10}(contact|details|e?.?mail|information|name|profile)/i
/i (came across|found) your.{1,10}web.?site.{1,10}google/i

/i hold the position.{1,15}(director|finance)/i
/i was inspired after.{1,20}your.{1,15}profile/i

/\bi\s*(am|'m)\b.{5,25}from.{5,25}located in/i
/\bi\s*(am|'m)\b.{5,25}from.{1,10}shenzhen/i

# Sample: i am a international manager
/\bi\s*(am|'m)\b a.{1,15}manager/i

# Sample: i am [name] [last name] the manager
/(\bi\s*(am|'m)\b|my name is).{5,35}(a|the).{1,15}manager/i

/(\bi\s*(am|'m)\b|my name is).{5,35}(accountant|agent|adviser|ambassador|analyst|assistant|attorney|anthropologist)/i
/(\bi\s*(am|'m)\b|my name is).{5,35}(bank(er)?|barr(\.|ister)|broker|business)/i
/(\bi\s*(am|'m)\b|my name is).{5,35}(citizen of|chief|collector|colonel|consultant)/i
/(\bi\s*(am|'m)\b|my name is).{5,35}(development|director|entrepreneur|expert|financial|forensic|general)/i
/(\bi\s*(am|'m)\b|my name is).{5,35}(import|international|investigator|investment|investor)/i
/(\bi\s*(am|'m)\b|my name is).{5,35}lawyer/i
/(\bi\s*(am|'m)\b|my name is).{5,35}(marketing|merchant)/i
/(\bi\s*(am|'m)\b|my name is).{5,35}officer/i
/(\bi\s*(am|'m)\b|my name is).{5,35}(philanthropist|politician|portfolio|purchase|purchasing|principal|private|probate|procurement|professional)/i
/(\bi\s*(am|'m)\b|my name is).{5,35}(registration|representative|reverend)/i
/(\bi\s*(am|'m)\b|my name is).{5,35}(sales|senior|soldier|solicitor|specialist)/i
/(\bi\s*(am|'m)\b|my name is).{5,35}trader/i

/(\bi\s*(am|'m)\b|my name is).{5,35}from.{5,35}ltd/i
/(\bi\s*(am|'m)\b|my name is).{5,35}from the/i

# Country
/(\bi\s*(am|'m)\b|my name is).{5,35}(french|indian?|nigeria|swedish|united kingdom)/i

/(\bi\s*(am|'m)\b|my name is).{5,35}from the federal/i
/(\bi\s*(am|'m)\b|my name is).{5,35}(capt|fbi|officer|rev\.)/i

/(\bi\s*(am|'m)\b|my name is).{5,35}i am writing to/i
/(\bi\s*(am|'m)\b|my name is).{5,35}i contacted you with/i
/(\bi\s*(am|'m)\b|my name is).{5,35}i got your contact/i
/(\bi\s*(am|'m)\b|my name is).{5,35}i represent/i
/(\bi\s*(am|'m)\b|my name is).{5,35}i work for the/i

/(\bi\s*(am|'m)\b|my name is).{5,35}importer from/i
/(\bi\s*(am|'m)\b|my name is).{5,35}today.{1,10}reaching out/i

/(\bi\s*(am|'m)\b|my name is).{5,35}we.{1,10}specialized? in/i

/(\bi\s*(am|'m)\b|my name is).{5,45}(biological|only).{1,15}(daughter|son)/i
/(\bi\s*(am|'m)\b|my name is).{5,45}winner of/i

# Titles
/(\bi\s*(am|'m)\b|my name is).{5,35}(dr\.|sir)/i
/(\bi\s*(am|'m)\b|my name is).{5,35}(miss|mrs?|ms)/i

/introduce myself.{1,10}my name is/i
/introduce our company/i
/introduce you to my company/i

/(i|we).{1,10}would like to take this opportunity.{1,10}introduce/i

/if this message comes across.{1,10}intrusion/i

# J
# ------------------------------------------------------------------------------

# K
# ------------------------------------------------------------------------------

# L
# ------------------------------------------------------------------------------

# M
# ------------------------------------------------------------------------------
/mine real name is/i

/my names? (are|is) (miss|ms\b|mrs?)/i
/my name is.{5,35}a registered/i
/my name is.{5,25}employee of/i
/my name is.{5,35}from.{5,25}i was married/i
/my name is.{5,25}how.{1,10}everything/i
/my name is.{5,25}(honest|seeking|single)/i

/my name is.{5,25}i represent/i

/my name is.{5,25}solitary lady/i
/my name is.{5,25}i am representing/i
/my name is.{5,25}i specialize in/i
/my name is.{5,25}i am writing to you/i

/my name is.{5,25}i have.{1,10}(decided|urgent)/i
/my name is.{5,25}i have been.{1,10}victim/i

/my name is.{5,35}i serve as/i

/my name is.{5,30}reaching out from/i
/my name is.{5,25}represent(ing)?/i
/my name is.{5,25}senior business/i
/my name is.{5,25}unmarried/i

/my name is.{5,25}writing to you because/i

# With country
/my name is.{5,35}from.{5,35}(in)?.{1,10}(china|india|swedish|ukraine)/i
/my name is.{5,35}(china|india|swedish|ukraine)/i

# N
# ------------------------------------------------------------------------------

# O
# ------------------------------------------------------------------------------
/our company.{1,10}a.{1,15}producer of/i

# P
# ------------------------------------------------------------------------------

# Q
# ------------------------------------------------------------------------------

# R
# ------------------------------------------------------------------------------
/reach you.{1,10}really need to connect/i
/read carefully.{1,10}my name is/i

/represent a.{1,10}(based|company|group)/i
/represent an agency/i
/represent mrs?\./i

# S
# ------------------------------------------------------------------------------

# No greetings
/supplier.{1,10}my name is/i

/sorry for disturbing you.{1,10}do you want to/i

# T
# ------------------------------------------------------------------------------
/this is.{5,25}from.{5,25}electronics/i
/this is.{5,25}from.{5,25}(limited|ltd)/i
/this is.{5,25}from.{5,25}(co|pe)\..{0,5}(limited|ltd)/i
/this is.{5,20}from.{5,20}manufacturer of/i
/this is.{5,20}from.{5,20}mould/i
/this is.{5,25}from.{5,25}nice to meet you/i
/this is.{5,25}from.{1,10}shenzhen/i
/this is.{5,25}from.{5,25}we have been selling/i

/this is.{5,30}sales representative from/i
/this is.{5,25}the head of/i
/this is.{5,25}we can supply/i

/this.{1,10}e?.?mail.{1,10}come to you as.{1,10}surprise/i
/this.{1,10}e?.?mail does not suit your.{1,15}(business|ethics|personal)/i

/to whom it may concern.{1,10}my name is/i
/to whom it may concern.{1,10}nice.{1,10}(write|writing).{1,10}you/i

# U
# ------------------------------------------------------------------------------
/understand.{1,15}my purpose.{1,10}contacting you/i

/urgent response.{1,10}my name is/i

# V
# ------------------------------------------------------------------------------

# W
# ------------------------------------------------------------------------------
/we.{1,10}(reaching out|writing).{1,10}introduce.{1,10}(company|ourselves)/i

/we are.{1,10}company (based|located) in/i
/we are.{1,10}digital marketing company/i
/we are.{1,10}india based.{1,10}(application|company|development|mobile)/i
/we are.{1,10}trading company/i

/we are.{1,10}writing to you from/i

/we got.{1,10}contact from your.{1,10}instagram/i

# X
# ------------------------------------------------------------------------------

# Y
# ------------------------------------------------------------------------------
/you are (doing|going) well.{1,10}my name is/i
/you with.{1,10}keen hope to open.{1,10}business/i

/your (contact|details|e?.?mail|information|name).{1,10}business directory/i
/your (contact|details|e?.?mail|information|name).{1,20}during.{1,10}research/i
/your (contact|details|e?.?mail|information|name).{1,20}(has been|was) provided by google/i
/your (contact|details|e?.?mail|information|name).{1,10}from.{1,20}business directory/i
/your (contact|details|e?.?mail|information|name).{1,20}from.{1,15}(data.?base|marketing)/i

/your.{1,15}profile.{1,10}(caught|drew) my.{1,10}attention/i
/your.{1,15}profile.{1,10}jumped out at me/i
/your.{1,15}profile.{1,10}i decided to contact you/i

# Z
# ------------------------------------------------------------------------------
