# ==============================================================================
# Language: german
# Weight:   6.0
# ==============================================================================

# Topics
# ==============================================================================

# Crypto
# ------------------------------------------------------------------------------
/(bitcoin|btc|crypto|krypto).{0,10}(beratung|berater|bricht|bulletin)/i
/(bitcoin|btc|crypto|krypto).{0,10}(chance|crash)/i
/(bitcoin|btc|crypto|krypto).{0,10}experte/i
/(bitcoin|btc|crypto|krypto).{0,10}(geld|gewinner|gratis|handel|händler|heute)/i
/(bitcoin|btc|crypto|krypto).{0,10}meisterschaft/i
/(bitcoin|btc|crypto|krypto).{0,10}(nachrichten|neuigkeiten)/i
/(bitcoin|btc|crypto|krypto).{0,10}(preis|team|tipps?)/i
/(bitcoin|btc|crypto|krypto).{0,10}(vorteile?|währung(en)?|welle)/iu

/handels?.?ki$/i
/(offizielle?|zdf).{0,10}(bitcoin|btc|crypto|krypto)/i

/k r y p t o/i

# KI
# ------------------------------------------------------------------------------
/(ai|ki).?(investment|rendite)/i

/arbeit.?(ai|ki)/i

/^chatgpt$/i

# ETF (Exchange Traded Funds)
# ------------------------------------------------------------------------------
/etf.{0,10}(aktien|anmeldung|beratung|dividende|empfehlung|fonds|kenner|news)/i
/(beratung|reichtum).{0,10}etf/i

# Income
# ------------------------------------------------------------------------------
/(passives|zusatz).?einkommen/i

# Make Money
# ------------------------------------------------------------------------------
/(bank(en)?|investment).{0,10}(beratung|berater|call.?center|fonds?|verband)/i
/banken.{0,10}toben/i

/(dividenden|ihre).{0,10}auszahlung/i

#
#
#

# Generic
# ==============================================================================

# A
/(ai|ki).{0,5}(deutschland|schweiz)/i
/(ai|ki).{0,5}(gewinn|rendite)/i

/auto.{0,10}gewinn/i
# B
/banken.?(newsletter|trick|zittern)/i

/bericht.{0,10}panel/i
/bicoinvest/i

# C
/cash.{0,10}modul/i

# D
/dein.{0,10}finanz/i

/deutsche?.{0,10}(banken|wahrheit)/i

# E

# F
/finanz.?(gewitter|mentor|trends)/i

/fokus.{0,10}intern/i
/fonds.{0,10}sichern/i

/forex.?(broker|handel)/i

# G
/geheim(es)?.{0,10}(aktuell|geld)/i
/geld.{0,10}(gratis|info|strategien|verdienen)/i

# H

# I
#/ihre rechnung/i
/ihre?.{0,15}(produkt|sendung)/i

/insider.{0,10}(news|risiko)/i
/investment.{0,10}(guide|strategie)/i

# J
/ihr investment/i
/ihre.{0,10}(aktien|finanzen|rendite)/i

/invest.?(ai|ki)/i
/insider.{0,10}(archiv|handel|wissen)/i

# K
/ki.?(aktien|nachrichten|news)/i
/ki.?gestützter/i

/kaufen.{0,10}teuer/i

/künstliche.{0,10}intelligenz/i

/kommer.?btc/i

# L
/lukrative.{0,10}gelegenheit/i

/löwen.{0,10}(favorit|system|jury)/iu

# M

# N
/news.{0,10}wirklich/i
/(ntv|rtl).?(finanzen|nachrichten)/i

# O
/output.{0,10}jetzt/i

# P
/portfolio?.{0,10}kontakt/i

/private?.{0,10}finanzen/i

# Q

# R
/regierung.{0,10}zensiert/i
/reich.{0,10}(sein|werden)/i
/report.{0,10}(einheit|finanz)/i

# S
/schock.{0,10}fakten/i
/sicheres?.{0,10}investments?/i

/skandal.{0,10}fakten/i

# T
/teuer.{0,10}verkaufen/i

/top.?picks/i

/trading.{0,10}experte/i
/trend.{0,10}signal/i

/tv.?(schock|moderatoren)/i

# U
/update lesen/i

# V
/verdienen.{0,10}(neu|sie)/i
/verbotenes?.{0,10}wissen/i

# W
/wahrheit.{0,10}(gefahr|jetzt|vertuscht)/i

# X

# Y

# Z
