# ==============================================================================
# In the scam and phishing area, spammers like to use names of well-known
# companies or organisations.
# 
# These names are kept generic, fake and sometimes silly because the companies
# and organisations usually have personalized senders.
#
# Allowed entries are: - Name of organisations
#                      - Name of brands
#                      - Name of products
#                      - Masked entries are allowed
#
# ------------------------------------------------------------------------------
# Language: german and english
# Weight:   12.0
# ==============================================================================

#
#
#

# Real sender names are:
# ------------------------------------------------------------------------------
# Aktuelle Lidl Angebote
# aldi-now
# ALDI SÜD newslsetter
# Aldi Suisse AG News
# ALDI SUISSE AG - News
# CH Media Markt Kundendienst
# Coop Aktionen
# Denner Aktionen
# dm-drogerie markt
# DocMorris - Ihre Apotheke
# EDEKA
# Kaufland Card
# LANDI Kundendienst
# Lidl Küchenliebe
# Lidl lohnt sich
# Mein ROSSMANN
# METRO
# Migros
# Migros: Aktionen und News
# Migros - Cumulus
# Migros Online
# myMediaMarkt
# Nespresso
# Qualipet
# Rewe Kundendienst
# Touring Club Schweiz
# ------------------------------------------------------------------------------

#
#
#

# Combined
# ==============================================================================


# Generic
# ==============================================================================

# A
# ------------------------------------------------------------------------------

# B
# ------------------------------------------------------------------------------

# C
# ------------------------------------------------------------------------------

# D
# ------------------------------------------------------------------------------

# E
# ------------------------------------------------------------------------------

# F
# ------------------------------------------------------------------------------

# G
# ------------------------------------------------------------------------------

# H
# ------------------------------------------------------------------------------

# I
# ------------------------------------------------------------------------------
/info\edeka\.de/i

# J
# ------------------------------------------------------------------------------

# K
# ------------------------------------------------------------------------------

# L
# ------------------------------------------------------------------------------

# M
# ------------------------------------------------------------------------------

# N
# ------------------------------------------------------------------------------

# O
# ------------------------------------------------------------------------------

# P
# ------------------------------------------------------------------------------

# Q
# ------------------------------------------------------------------------------

# R
# ------------------------------------------------------------------------------

# S
# ------------------------------------------------------------------------------

# T
# ------------------------------------------------------------------------------

# U
# ------------------------------------------------------------------------------

# V
# ------------------------------------------------------------------------------

# W
# ------------------------------------------------------------------------------

# X
# ------------------------------------------------------------------------------

# Y
# ------------------------------------------------------------------------------

# Z
# ------------------------------------------------------------------------------
