# ==============================================================================
# Language: german
# Weight:   6.0
# ==============================================================================

# Topics
# ==============================================================================

# Bitcoin
# ------------------------------------------------------------------------------
/(bitcoin|btc|crypto|krypto).{0,20}(aufwertung|ausgesorgt|bietet|chance)/i
/(bitcoin|btc|crypto|krypto).{0,20}(erfolgsgeschichte|enorme)/i
/(bitcoin|btc|crypto|krypto).{0,20}(geheimnis|goldrausch|handeln)/i
/(bitcoin|btc|crypto|krypto).{0,20}gewinne?\?/i
/(bitcoin|btc|crypto|krypto).{0,15}gewinnchance/i
/(bitcoin|btc|crypto|krypto).{0,20}.innovation in/i
/(bitcoin|btc|crypto|krypto).{0,20}(konto|millionen|portfolio|chancen?|trader)/i
/(bitcoin|btc|crypto|krypto).{0,20}(verhilft|verpassen sie nicht|versteuern|welle)/i
/(bitcoin|btc|crypto|krypto).{0,20}wieder lohnt/i

/(bitcoin|btc|crypto|krypto).{0,20}(machen|macht).{1,10}reich/i

#
/schock.{1,10}(ai|chatgpt|ki\b)/i

/(durch|mit|per).{1,10}(bitcoin|etf|ki\b|openai|krypto).{1,10}(geld|reich)/i

/(aktien|einkommen|dividenden|geld|gewinne|reich).{1,10}(durch|mit|per|wird).{1,10}(bitcoin|etf|ki\b|openai|krypto)/i

#/(einsteigen|einstieg|empfiehlt|geld verdienen|gewinnen sie|schweizer).{1,15}(bitcoin|etf|ki\b|openai|krypto)/i
/(einsteigen|empfiehlt|geld verdienen|gewinnen sie|schweizer).{1,15}(bitcoin|etf|ki\b|openai|krypto)/i

/(250|bitcoin).{1,10}reich werden/i

# KI
# ------------------------------------------------------------------------------
/reich wird.{1,10}(etf|ki|openai)/i
/warum sich.{1,10}(etf|ki|openai).{1,25}lohnt/i

/(ai\b|chat.?gpt|ki\b).{1,15}(aktien?|dividenden|gewinne|einkommen|goldrausch)/i
/(ai\b|chat.?gpt|ki\b).{1,15}(handeln?|reich|verhilft|verspricht)/i
/(ai\b|chat.?gpt|ki\b).{1,15}(machen|macht).{1,10}reich/i
/(ai\b|chat.?gpt|ki\b).{1,15}revolutioniert aktienhandel/i
/(ai\b|chat.?gpt|ki\b).{1,15}reichtum verspricht/i
/(ai\b|chat.?gpt|ki\b).{1,15}geld.{1,10}(machen|verdienen)/i

/(geld|reich).{1,15}durch (ai\b|chat.?gpt|ki\b)/i
/(dividenden|geld verdienen).{1,15}(ai\b|chat.?gpt|ki\b)/i
/schlupfloch.{1,5}(ai|ki)/i

# ETF (Exchange Traded Funds)
# ------------------------------------------------------------------------------
/etf.{1,15}(anmeldung|bricht|gestartet|investieren|rekorde|zulassung)/i
/etfs?.{1,10}in der schweiz/i

# Income
# ------------------------------------------------------------------------------
/(\d{3,4}|euro?).{1,10}(grundeinkommen|passives einkommen)/i

#
#
#

# Generic
# ==============================================================================

#
/2500.{1,10}pro monat/i
/(\d{3,4}|euro).{1,10}nebeneinkommen/i
/(€|euro) verdienen können/iu

# A

/aktien.{1,10}reich werden/i

/aufsehen.{1,10}bankensektor/i
/automatischer aktienhandel/i

# B
/banken.{1,10}(geschockt|nicht wollen|schockiert)/i
/baut man.{1,10}vermögen/iu

/bis zu.{1,10}\d{3,4}.{1,10}monatlich/i
/bullenmarkt.{1,15}(nicht|verpassen)/i

# C
/code bringt.{1,10}geld/i

# D
/denken.{1,10}verdienen/i
/dieses jahr reich zu werden/i

# E
/(es geht|einfach|garantiert|jetzt|methode|ohne scam).{1,20}reich werden/i

/echte.{1,10}einnahmen/i
/einfach war geld/i
/einkommen.{1,10}reichtum/i

/erfolgsgeschichte enthüllt/iu
/erklärt sein system/iu

/enthüllt.{1,10}so werden sie/iu
/experten schlagen alarm/i

# F
/finanzgeheimnis schockiert/i

# G
/gehalt (niedrig|zu wenig)/i
/geheimakten? eines stars/i

/geld machen mit/i
/geld kostenlos/i
/geld verdienen mit/i

/generiert einkommen/i

/grundeinkommen durch/i

/goldrausch ki/i
/goldrausch.{1,10}(begonnen|wartet)/i

# H

# I
/ich war selbst ziemlich ueberrascht/i

/ihr.{1,10}(grundeinkommen|investment)/i

/ihr leben in.{1,10}minuten/i
/ihre dividendengewinne/i

# J
/jetzt in btc/i
/jetzt loslegen.{1,10}heute starten/i

# K
/ki.?(aktien|handelsstrategie|investment)/i

/(chatgpt|ki|künstlicher?.?intelligenz).{1,10}geld verdienen/i

/konto im minus\?/i
/kontostand nun unglaubliche/i

# L

# M
/macht (menschen|sie) reich/i
/macht reich!/i

/mehr geld durch.{1,20}(online|währungen)/iu

# N
/neue goldrausch/i
/neue technik.{1,10}geld/i

# O
/fangen sie an online.{1,10}zu verdienen/i

# P
/passives einkommen/i

# Q

# R
/regierung stoppt.{1,10}sendung/i
/reich werden\?/i

/reichtum warten/i

# S
/schnell lesen.{1,10}bevor/i

/sichert das portfolio/i

/sie mit 250.?(euro|€) starten/i
/sie reich machen/i

/sind ihre? aktien im/i

/skandal.{1,10}der ganz deutschland erschütterte?/iu

/so verdienst du mit/i
/stoppt live.?sendung/i

/system sorgt für.{1,10}vermögen/iu

# T

# U
/um tausende pro monat zu verdienen/i

# V
/verdienen!/i
/verdienen.?\\/i

/verdienen die.{1,15}ihr geld/i
/verdienen mit chatgpt/i
/verdienen sie zu wenig/i
/verdienen sie.{1,10}zusätzliches einkommen/i
/verdienen.{1,10}noch nie so einfach/i

/verdienst du.{1,10}trading/i
/(verhilft|verschenkt).{1,10}reichtum/i

/vermögensstrategie.{1,15}(elite|europäischen)/iu

/viel geld verdienen kann/i

/von notar getestet/i

# W
/wähle.{1,10}finanzielle freiheit/iu
/wählt.{1,10}aktien aus/iu

/werden sie mit bitcoin/i

/wie.{1,10}geld verdienen/i
/wie.{1,10}man wirklich reich/i
/wie.{1,10}mehr gehalt/i
/wie.{1,10}reich werden/i

/wochen.{1,10}\d{3,4}(\.|,)?\d{3,4}.{1,10}verdienen/i
# X

# Y

# Z
/zinsen werden garantiert/i
