# ==============================================================================
# This involves any account: the scammers claim that the account is locked,
# limited, or needs to be verified.
#
# The scammers naturally want to get your login credentials and then your money.
# A classic phishing scam.
#
# ------------------------------------------------------------------------------
# Language: german
# Weight:   6.0
# ==============================================================================

# Topics
# ==============================================================================

# 2FA
# ------------------------------------------------------------------------------

#
#
#

# Generic
# ==============================================================================

# A
/aktivitäten vorübergehend geschlossen/iu

/anderes gerät ist mit ihrem.{1,15}konto/iu

/aufrechterhaltung ihres zugangs/i
/aussetzung droht am.{1,20}jetzt handeln/i

# B
/^benutzerkonto gesperrt/i
/bestätigen sie jetzt ihr/iu
/bestätigung des.{1,15}kontos/iu

#/(aktualisieren?|bestätigen?).{1,10}(deine|sie).{1,15}(kontakt|konto).?daten/i
/aktualisieren.{1,10}(deine|sie).{1,15}(kontakt|konto).?daten/i

/bitte loggen sie sich/i
/bitte verifizieren/i

# C

# D
/datensicherheit ihres.{1,15}kontos/i

/dringend.{1,10}die 2.?faktor.{1,10}authentifizierung/i
/dringende aktivierung der/i
/dringender überprüfungshinweis/iu

# E
/eine sperrung zu vermeiden/i

/(eingeschränkten|eingeschränkter) zugriff auf ihr.{1,15}konto/iu

# F

# Too generic
#/für ihr.{1,15}(konto|profile)/i

# G
/gesperrt.{1,10}jetzt verifizieren/i
/gesperrt.{1,10}letzte warnung/i

# H
/halten sie ihr.{1,15}konto aktiv/i

/sicherheitshinweis zu ihrem.{1,15}konto/i

# I
/in ihrem.{1,15}konto erkannt/i

/ihr.{1,15}konto aktiv zu halten/i

/ihr.{1,15}konto ist gefährdet/i
/ihr.{1,15}konto jetzt/i

#/ihre identität verifizieren/iu

/ihre daten aktuell sind/i
/ihre?.{1,10}legitimations.?prozess/i
/ihrer? kontosicherheit/i
/information.{1,15}kontoverwaltung/i

/(ihrer|ihres).{5,25}erforderlich/i

# J
/jetzt die wiederherstellung/i

# K
/klicken sie zur prüfung/iu

/(karte|konto).{1,10}in der warteschleife/i

/konto.{1,10}(stillgelegt|vorübergehende?)/iu

/kontosicherheit.{1,5}ref\./i
/kontosperrung zu vermeiden/i
/kontosperrung droht.{1,10}(ref(erenz)?|id)/i

/konto.{1,10}(abgelaufen|eingeschränkt)/iu
/konto.{0,15}(aktualisierung|update|überprüfung) erforderlich/iu

/konto.{1,10}ist betroffen.{1,10}vertrauliche nachricht/i
/konto.{1,10}(bleibt|ist|wird|wurde).{1,20}(begrenzt|deaktiviert|eingeschränkt|inaktiv|gesperrt|verifiziert)/i
/konto.{1,10}(erfordert|braucht) ihre aufmerksamkeit/i
/konto.{1,10}ihre.{1,15}daten zu schützen/iu
/konto.{1,10}(stillgelegt|vorübergehende?)/iu
/konto.{1,15}vor einer endgültigen sperrung/iu
/konto.{1,10}wurde aufgrund ungewöhnlicher/i

/kontostand ist (höher|hoeher) als/iu

/kurze überprüfung ihrer angaben/iu

# L

# M

# N
/nachricht zur sicherheit ihres.{1,15}kontos/i

# O
/optimierung.{1,10}kontosicherheit/i

# P
/profil.{1,10}läuft bald aus/iu
/profilüberprüfung.{1,20}sperrung/iu

# Q

# R
#/aktivierung ihres.{1,15}kontos/i

# S
/sicherheit ihrer.{1,15}kontoaktivität/iu
/sicherheitsteam.{1,20}unautorisierter zugriff/i

# T

# U
/überprüfung ihrer.{1,15}(konto|profil).?daten/iu

/um den service fortzusetzen/i
/um vollen zugriff zu behalten/i

/ungewöhnliche aktivitäten auf ihrem konto/iu

/unserer.{1,15}sicherheitsaktualisierung/i

# V
/verdächtige aktivitäten auf dem konto/iu
/vermeiden sie die aussetzung/i

/vorübergehende sperrung.{1,5}#/iu

# W
/warnung zur kontosperrung/i
/weiterhin vollen kontozugriff/i

/wir haben.{1,15}zugriff eingeschränkt/iu
/wurde vorübergehend deaktiviert/i

# X

# Y

# Z
/zu ihrer.{1,10}kontosperrung/i

/zugriff wurde.{1,15}eingeschränkt/iu
