# ==============================================================================
# Language: german
# Weight:   6.0
# ==============================================================================


# Topics
# ==============================================================================

# Big numbers
# ------------------------------------------------------------------------------
/spende.{1,10}von.{1,10}\d{2,3}(\.|,)?\d{2,3}/i
/spende.{1,10}von \d(\.|,)?\d{2,3} millionen$/i
/spende.{1,10}von.{1,10}\d{2,4}(\.|,)?\d{3,4}.{0,5}millionen/i

/spende.{1,10}\d{2,4}(\.|,)?\d{3,4}.{0,5}(dollars?|euro?|usd|€|\$|£)/i
/spenden.?(angebot|zuschuss).{1,10}\d{3,4}(\.|,)?\d{3,4}/i

/sie haben eine spende.{1,15}\d{2,4}(\.|,)?\d{3,4}/i

#
#
#

# Generic
# ==============================================================================

# A

# B

# C

# D

# E
/eine spende/i

# F

# G
/gelder spende/i

# H

# I
/ihnen eine spende von/i

# J

# K

# L

# M

# N

# O

# P

# Q

# R

# S

/spende für sie/i
/spende.{1,5}donation/i

/spendengelder an sie/i

# T

# U

# V

# W

# X

# Y

# Z
