# ==============================================================================
# Language: german
# Weight:   6.0
# ==============================================================================

# Topics
# ==============================================================================

# Comparing price for solar energy at home
# ------------------------------------------------------------------------------
# -> They are stealing personal information

# 18.12.24 Sample: 18.12.2024 / PV-Anlage
/\d{2}\.\d{2}\d.{4}.{1,10}(photovoltaik|pv|solar).?anlagen?/i

/förderung(en)?.{1,10}(photovoltaik|pv|solar).?anlagen?/iu

/(photovoltaik|pv|solar).?anlagen?.{1,20}(extrem günstig|tiefpreise)/iu

/tiefpreise.{1,10}förderungen/i

/förderung.{1,10}\d{2}\.\d{2}\.\d{4}/i

#
/pers\. angebot vom/i

# Comparing price for bank accounts
# ------------------------------------------------------------------------------
# -> They are stealing personal information
/erinnerung.{1,10}zinsen im/i
/zinsgutschrift.{1,20}in höhe von/i

# Business register
# ------------------------------------------------------------------------------
/(publikation|schaltung|veröffentlichung|werbeanzeige).{1,10}(branchen.?führer|firmen.?eintrag)/iu
/(branchen.?führer|firmen.?eintrag).{1,10}werbeannonce/i

# Winning
# ------------------------------------------------------------------------------

#
#
#

# Generic
# ==============================================================================

# A

# B
/betreff.{1,5}von/i

/benachrichtigung(en)?.{1,10}nicht beanspruchte gelder/i

# C

# D
/dringende ansprüche/i
/du hast ein geschenk erhalten/i

# E
/e?.?mail für ansprüche bestätigen/iu

# F
/firmen.?eintrag.{1,10}werbeanzeige/i

# G
/gegenseitigen vorteil/i
/grüße.{1,5}ref.{1,5}code/i

# H
/hier ist die letzte warnung/i

# I
/in ihrem land investieren/i

# J

# K
/konto mit einem betrag/i

/kostenloser? hilfsfonds/i

# L

# M
/mastercard im wert/i

# N

# O

# P

# Q

# R

# S

# T

# U

# V
/vertraulich.{1,10}antworten/i

# W

# X

# Y

# Z
