# ==============================================================================
# Language: german
# Weight:   6.0
# ==============================================================================

# Topics
# ==============================================================================

# Cloud  Storage
# ------------------------------------------------------------------------------
/cloud.{1,10}speicher.{1,10}kritisch voll/i
/cloud.{1,10}speicher ist voll/i
#/cloud.{1,10}speicher ist voll.{1,10}dateien in gefahr/i
/cloud.{1,10}speicher sind da/i

/gb kostenlos(en).{1,10}i?cloud.?speicher/i

/erhalten sie.{1,10}zusätzlichen.{1,15}speicher/i

# Companies/Organizations
# ------------------------------------------------------------------------------
/parkingpay.{1,10}kontoverifikation erforderlich/i

# Insolvenz
# ------------------------------------------------------------------------------
/insolvenz(en)?.{1,10}günstigen.{1,10}konditionen/iu
/insolvenz(en)?.{1,10}verwertung/i

/(angebot|auszug|inventargegenständen?).{1,25}insolvenzverfahren/i
/(fahrzeuge|maschinen|vermögenswerte).{1,25}insolvenzverfahren/i
/laufenden?.{1,25}insolvenzverfahren/i

/betriebsgüter verfügbar/iu
/gerichtlicher? verwertung/i

/neuware.{1,10}sonderkonditionen/i

/aus insolvenzmasse/i
/auszug verfügbarer sachgruppen/iu
/hinweis.{1,10}bestandsverwertung/i

/katalog.{1,10}masseverwertung/i
/neue.{1,10}insolvenzposten/i
/posten aus.{1,15}insolvenz/i
/positionsübersicht.{1,10}verfahren/iu
/restbestände.{1,10}betriebsauflösung/iu
/unser(em)?.{1,10}insolvenzkatalog/i

/(verwertung|waren).{1,15}(insolvenzverfahren|liquidationen)/i
/vermögensveräußerung.{1,15}(insolvenzverfahren|liquidationen)/iu
/veräußerungsmandat.{1,15}aktuelle positionen/iu

/verfügbare bestandspositionen/i

# Fake Selling
# ------------------------------------------------------------------------------
/nur noch wenige flaschen/i
/sichere dir dein angebot/i

#
#
#

# Generic
# ==============================================================================

# TLD in front, usualy (ch|com|de|org)
# ------------------------------------------------------------------------------
/\.[a-z]{1,4}.{1,10}aktualisieren sie den server/i
/\.[a-z]{1,4}.{1,10}wichtiger hinweis/i
/\.[a-z]{1,4}.{1,10}zur beendigung vorgemerkt/i

/202\d.{1,10}bitte angaben bestätigen/i

# A
# ------------------------------------------------------------------------------
/adresse.{1,10}aktualisieren.{1,10}referenz/i
/adresse.{1,10}jetzt aktualisieren/i

/adressdaten.{1,10}reibungslose kommunikation/iu
/adressdaten.{1,10}unternehmens aktualisieren/i

/aktualisierung.{1,10}ihrer daten für/iu
/aktualisierung.{1,15}(kundendaten|stammdaten)/i
/aktualisierung.{1,15}teilnahmebedingungen/i
/aktualisierung.{1,10}telefonnummer/i
/aktualisierung.{1,15}unternehmensdaten/i
/aktualisierung.{1,20}(hinterlegten|persönlichen).{1,20}daten/iu

/aktualisieren.{1,10}ref.?id/i
/aktualisieren sie.{1,10}den status/i
/aktualisieren sie.{1,15}hinterlegten kontaktdaten/i
/aktualisieren sie.{1,15}sicherheitseinstellungen/i

/aktualität.{1,10}handelsregistereinträge/iu

/aktivität bestätigen$/i
/aktivierung ihres sicherheitsmoduls/i

/aussetzung ihrer dienste/i

/angaben bestatigen/i

/antworten sie innerhalb von/i

/ankündigung.{1,10}facebook.?seite/iu

/anpassung.{1,10}ihrer unternehmensdaten/i
/anpassung.{1,10}neue sicherheitsrichtlinien/i

/antrag auf identifizierung/i

/autorisierung erforderlich.{1,10}fortzufahren/i

# B
# ------------------------------------------------------------------------------
/beachten sie die vorgehensweise/i

/bevor die dateien gelöscht werden/iu

/benachrichtigung.{1,15}kundenservice/i
/benachrichtigung.{1,10}systemwartung/i

/bestätigung benötigt/iu

/bestätigung.{1,15}informationsservice/iu
/bestätigung.{1,10}ihrer.{1,15}(mobilfunknummer|telefonnummer)/iu

/betreff.{1,10}zahlungserinnerung/i

# Works not well, F/P
#/bestätigung.{1,15}ihre bestellung/i
#/bestätigung erforderlich/i

/bestaetigung noetig/i

/bestellnummer.{1,15}bestätigt/i

/betreff.{1,10}prüfen sie/iu

/brief vom finanzamt.{1,10}#/i

# C
# ------------------------------------------------------------------------------

# D
# ------------------------------------------------------------------------------
/daten müssen.{1,15}aktualisiert werden/iu

/datensatz.{1,10}mitgliedsunternehmen/i
/^datenätze.{1,10}aktualisieren/iu

/(datenaktualisierung|datenbestätigung).{1,15}gesetzlicher vorgaben/iu
/(datenaktualisierung|datenbestätigung).{1,10}erforderlich/iu
/(datenaktualisierung|datenbestätigung).{1,10}frist/iu
/(datenaktualisierung|datenbestätigung).{1,10}gesetzliche pflicht/iu
/(datenaktualisierung|datenbestätigung).{1,10}zur vermeidung/iu

/datenfreigabe.{1,10}frist/i

/datenpflege.{1,10}gesetzlicher vorgaben/i
/datenpflege.{1,10}ihr unternehmen/i
/datenpflege.{1,10}umgehend handeln/i

/daten(über)?prüfung.{1,10}auf unserer plattform/iu
/daten(über)?prüfung.{1,10}erforderlich/iu
/daten(über)?prüfung.{1,10}zur einhaltung/iu

/deaktivierung ihrer.{1,10}vignette/i
/dienste erfordert zahlung von/i
/digitale.{1,10}vignette ist ungültig/iu

/dringende.{1,10}notwendige mahnung/i

# E
# ------------------------------------------------------------------------------
/e.?vignette.{1,5}ref/i
/e.?vignette.{1,10}service unterbrochen/i
/e.?vignette.{1,10}vorübergehend deaktiviert/iu

/eingestellt.{1,5}#\d{2,15}/i

# Meta wants to delete your account
/endgültige löschung ihrer seite/iu

/endgueitige aufforderung/i

/erforderlich.{1,10}referenznummer/i
/erinnerung.{1,10}aktualisiere deine/i

# Sample: erneuern (#7ZXTB8)
/erneuern.{1,5}\(#[a-z0-9]{4,8}\)/i

# F
# ------------------------------------------------------------------------------

# 19.05.25 - Sample: Finanznachrichten im Juni - 225292232502
/finanznachrichten im.{1,20}\d{10,20}/i

/frist zur.{1,10}datenaktualisierung/i
/fristgerechte aktualisierung ihrer adresse/i

/für sie hinterlegte information/iu
/führen sie die erforderliche verifizierung durch/i
/fur unsere leistungen/i

# G
# ------------------------------------------------------------------------------
/geben sie ihre telefonnummer innerhalb/i
/gemeldeten ordnungswidrigkeit/i

/(geschäfts|unternehmens)?adresse muss.{1,10}bestätigt werden/iu

/gesperrte aktivitat auf/iu

# Swiss german :-)
/gwünne e/i

# H
# ------------------------------------------------------------------------------
/einkommensteuerbescheid.{1,15}steht bereit/i

/ihre hinterlegten kundendaten/i

/hinweis zur.{1,15}(datenpflege|systemintegrität)/iu

# I
# ------------------------------------------------------------------------------
/(ihr|lhr).{1,20}ist nicht mehr (gültig|gultig)/i

/ihr speicher wird entfernt/i
/ihr zusätzlicher.{1,10}cloud.?speicher/iu

/ihrer? akte.{1,15}\[ref/i
/(ihre?|lhre?).{1,20}(ist|wurde).{1,20}(deaktiviert|gesperrt|nicht mehr gültig)/iu

/ihre.{1,10}angaben benötigen eine.{1,10}bestätigung/iu
/ihre.{1,10}anmeldung ist unvollständig/iu
/ihre.{1,10}bestätigung wird noch benötigt/iu

/ihre.{1,10}daten bei.{1,15}prüfen/iu
/ihre.{1,10}daten benötigen eine?.{1,10}(aktualisierung|update)/iu
/ihre.{1,10}daten müssen überprüft werden/iu
/ihre.{1,10}daten nicht vorliegen/i

/ihre.{1,15}daten sind veraltet/i

/ihre.{1,10}firmendaten aktualisieren/i
/ihre.{1,10}(mobil|telefon).?nummer bestätigen/iu

/ihre offene verkehrsstrafe/i
/ihre parkgebühr ist noch offen/iu
/ihre überprüfung wird empfohlen/iu

/ihrer app bis \d{1,2}/i
/ihrer letzten handelsaktivität erforderlich/iu

/innerhalb von.{1,10}stunden.{1,10}(abschliessen|abschließen)/iu

/information(en)?.{1,10}zu ihrem.{1,10}steuerpostfach/i
/information(en)?.{1,10}zur.{1,10}(turnusgemässen|turnusgemäßen)/iu

/interface aktualisiert werden/i

# J
# ------------------------------------------------------------------------------
/jährliche bestätigung.{1,10}(geschäfts|unternehmens)?adresse/iu
/jährlichen.{1,15}profilpflege/i

# K
# ------------------------------------------------------------------------------
/kreditkarten.?.{1,10}kontaktdaten/i

/kundenbeziehung.{1,10}frist/i

/kundendaten.{1,10}benötigen eine aktualisierung/iu
/kundendaten.{1,10}sind (abgelaufen|veraltet)/i

/kundenservice von/i

# Sample: Kurzer Check 3/10/2026
/kurzer check.{1,10}\d{1,2}\/\d{1,2}\/\d{4}/i

/kontaktdaten.{1,10}fortsetzen/iu

# Paypal
/kontoauszug für.{1,10}ist verfügbar.{1,10}ref/iu

/kurze datenprüfung.{1,10}erforderlich/iu

# L
# ------------------------------------------------------------------------------
/lagerbereinigung.{1,10}(deutschland|schweiz)/i
/langfristig(en)?.{1,10}zugangssicherheit/i

/letzter schritt.{1,10}aktivieren des.{1,10}zugriffs/i

# Sample: Letztes Update: 16.02.2025
/letztes update.{1,10}\d{2}\.\d{2}\.\d{4}$/i

/lastschriftmandat jetzt bestätigen/iu

/login im kundenportal.{1,10}empfohlen/i
/login.?versuch.{1,10}alarm/i

# M
# ------------------------------------------------------------------------------
/mit der richtigen adresse/i

/mitteilung der bundesbehörde/iu
/mitteilung zu ihrem zugang/i
/mitteilung zur turnusgemäßen/i

/müssen jetzt bestätigt werden/iu

# N
# ------------------------------------------------------------------------------
/neue vorschriften.{1,10}(bitte|daten).{1,10}bestätigen/iu

/neues update identifiziert/i
/neues wichtiges update/i
/neuigkeiten zu ihrem swisspass/i

# O
# ------------------------------------------------------------------------------
/offizielle.{1,10}sicherheitsmitteilung/i
/ohne verifizierung keine.{1,20}möglich/iu
/online.?dienste sind eingestellt/i

/ordnungsverfahren.{1,10}datenüberprüfung/iu

# P
# ------------------------------------------------------------------------------
/prüfen.{1,10}sie ihre firmenunterlagen/iu
/prüfen.{1,10}verifizieren sie ihre?/i

/punkte gehen am.{1,15}verloren/i
/punkte laufen bald ab.{1,10}jetzt einlösen/iu
/punkte verfallen in (kürze|kurze)/i

# Q
# ------------------------------------------------------------------------------

# R
# ------------------------------------------------------------------------------
/rechnung.{1,15}nr\..{1,10}\d{4,15}.{1,10}erstellt/i

/rechtliche mitteilung.{1,10}firmendaten/i
/reiseausweis.{1,20}deaktiviert/i

/regelmaessige sicherheitspruefung/i
/registrierung.{1,15}sicherheitsüberprüfung/iu

# Fake Ticket
/regularisierung.{1,10}geldstrafe/i

# Fake court
/rechtlicher hinweis/i

# Paypal
/referenznummer.{1,5}pp/i

# Google Speicher
/reaktivieren sie ihre dienste/i

# Sample: Rundschreiben X2ZI-M29U
/rundschreiben.?[0-9a-z]{4}-[0-9a-z]{4}/i

# S
# ------------------------------------------------------------------------------
/schutz ohne unterbrechung fortzusetzen/i

/sendung(en)? konnten? nicht zugestellt werden/i

/service.?update.{1,10}authentifizierung/iu
/serviceportal \(\d\)/i

/sicherer zugriff.{1,10}verifizieren/i

/sicherheitssystem wurde aktualisiert/i
/sicherheitsüberprüfung.{1,10}ihrer.{1,10}identitätsdokumente/iu

/sicherheitsupdate.{1,10}authentifizierungsdienst/i
/sicherheitsupdate.{1,10}control.?panel/i
/sicherheitsupdate.{1,10}steht bevor/i

/sie ihr serviceportal/i
/sie ihre daten.{1,10}aktuell/i
/sie ihre daten.{1,10}nicht bestätigt/iu

/sie sicher.{1,10}dass alle informationen korrekt sind/iu
/sie wurden für die.{1,15}woche ausgewählt/i

/synchronisierung erforderlich/i

/sind momentan vorübergehend gesperrt/iu

/stammdatenstatus prüfen/iu
/statusprüfung.{1,10}unterlagenprüfung/iu

# T
# ------------------------------------------------------------------------------
/technische systemmaßnahme mit frist/iu

/telefon.?nummer.{1,10}für ihr.{1,20}konto/i
/telefon.?nummer.{1,10}ist erforderlich/i
/telefon.?nummer.{1,10}ist nicht.{1,15}gültig/iu
/telefon.?nummer.{1,10}verifizierung.{1,10}erforderlich/iu

/teilnahme ist erforderlic.{1,10}heute prüfen/iu

# Paypal
/transaktionshistorie freigegeben.{1,10}ref/i

/(turnusgemässen|turnusgemäßen).{1,10}(aktualisierung|datenfreigabe)/iu
/(turnusgemässen|turnusgemäßen).{1,10}kundenkommunikation/iu

/(turnusmässige|turnusmäßige).{1,10}(datenaktualisierung|überprüfung)/iu

# U
# ------------------------------------------------------------------------------
/unregelmäßigkeit im vertrag/iu

/unstimmigkeitsmeldung nach.{1,10}gwg/i

/unternehmensdaten.{1,10}müssen bestätigt/iu
/unternehmensinformationen zur bestätigung/iu
/unterstützung.{1,10}paypal/iu

/uebergang.{1,10}einmalige anpassung/i

/überweisung gesperrt/iu

/überprüfen.{1,10}sie ihre.{1,15}(adressangaben|hinterlegten|kundendaten)/iu

/überprüfung.{1,10}aktualisierung.{1,10}adresse/iu
/überprüfung.{1,10}(unternehmensangaben|unternehmensinformationen)/iu

/übersicht ihrer unternehmensinformationen/iu

# V
# ------------------------------------------------------------------------------
/verbindliche.{1,10}anweisung.{1,10}jahresabschluss/i
/verbindliche.{1,10}geräteverifizierung/iu

/verifizierung ihrer daten/i

/vertrag.{1,10}aktuelle abrechnung/i
/vertrauenswürdige(n|r).{1,10}zugriffs?/i

/vermeiden sie dienstunterbrechungen/i
/verpflichtende (aktivierung|aktualisierung)/i

/vignette.{1,10}jetzt (klären|klaren)/i

/^vorübergehende aussetzung/iu

# W
# ------------------------------------------------------------------------------
/wartet auf ihre eingabe/i

/wichtige überprüfung ihrer.{1,10}(daten|einstellungen)/iu
/wichtige information.{1,10}datenaktualisierung/i

/wiederherstellung ihrer dienste erfordert/i

/wir benötigen.{1,10}(einige|noch).{1,10}informationen von ihnen/iu
/wir benötigen ein.{1,10}update von ihnen/iu

/wir informieren sie.{1,10}dass ein neues gerät/iu

/wir können sie nicht verifizieren/iu

# X
# ------------------------------------------------------------------------------

# Y
# ------------------------------------------------------------------------------

# Z
# ------------------------------------------------------------------------------
/zahlung.{1,10}sofortige unterstützung/iu

/zugang wartet auf ihre zahlung/i
/zugriff wurde vorübergehend pausiert/iu

/zugangskontinuität.{1,10}datenpflege erforderlich/iu
/zustimmung.{1,10}aktualisierten kontaktdaten/iu
