# ==============================================================================
# Language: german
# Weight:   6.0
# ==============================================================================

# Topics
# ==============================================================================

#
#
#

# Generic
# ==============================================================================

# A
/abonnement ist abgelaufen.{1,10}erneuern sie es jetzt/i
/abonnement wird ausgesetzt/i

/(aktualisieren?|aktualisierung).{1,10}(deine|sie ihrer?).{1,10}zahlungs.?(details|methode)/i

# B
/bestätigen sie ihre zahlung/i

# C

# D

# E
/erneuern sie es jetzt/i
/erneuern sie noch heute ihr.{1,15}abonnement/i

/es geht um ihr geld/i

# F
/fordern sie eine rückerstattung/iu

# G
/gescheiterte zahlung/i

# H

# I
/ihre zahlung ist fehlgeschlagen/i

# J

# K

# L

# M

# N

# O

# P

# Q

# R
/rechnung vom.{1,40}in wartestellung/i
/regulieren sie ihre situation/i
 
# S

# T

# U
/um ihren service fortzusetzen/i

# V
/verlängern sie es jetzt.{1,10}erforderlich/iu
/verpassen sie keine inhalte.{1,10}zahlung aktualisieren/i

# W

# X

# Y

# Z
/zahlungsvorgang bei/i
