# ==============================================================================
# Language: german
# Weight:   6.0
# ==============================================================================

# Topics
# ==============================================================================

# Hiring people
# ------------------------------------------------------------------------------
/(arbeiter|arbeitskräfte|fachkräfte|hilfspersonal|personalsuche|vermittlung|zeitarbeit).{1,15}(baltikum|litauen)/iu
/litauische arbeiter/i

# Stock trading
# ------------------------------------------------------------------------------

#
#
#

# Generic
# ==============================================================================

# Numeric
/\dx mehr lohn/i

/(dollar|euro?|gbp|usd|€|\$|£).{1,10}dividendenauszahlung/i

# A
/antwort von einem freund/i

# B
/beeilen sie sich/i
/benachrichtigung ist für sie/iu

/(bestätigen sie|sie mir.{1,10}mitteilen).{1,10}den besitz/i
/(bestätigen sie|sie mir.{1,10}mitteilen).{1,15}(diese|ihre).{1,10}e?.?mail.{1,15}(aktiv|gültig) ist/iu
/(bestätigen sie|sie mir.{1,10}mitteilen).{1,10}ob ihre e?.?mail.{1,15}(aktiv|gültig) ist/i

/bitte aufmerksam lesen/i

# C
/(ch|de|org).{1,10}ihr gültiges/iu

# D
/das geheime.{1,20}aus/i

/du bist der glückliche/i
/du hast glück/iu

# E
/entschuldigung sie bitte/i

/erinnerung.{1,10}angebot/i

# F
/freue mich auf ihre antwort/i

/friede sei mit dir/i

/funktioniert ihre e?.?mail.{1,10}noch/i

# G
/gewinne.{1,10}el.?gordo/i
/gott segne ihren tag/i

# H
/hier.{1,10}botschafter(in)?/i
/hier klicken/i

# I
/ihr leben.{1,10}verändern werden/iu

/ist.{1,10}ihre gültige e?.?mail/iu
/ist das (deine|ihre) e?.?mail/i
/ist diese.{1,10}e?.?mail.{1,15}(aktiv|gültig)/iu

# J

# K
/kontaktieren sie mich/i
/kontaktieren sie.{1,10}umgehend.{1,10}e?.?mail/i

# L
/letzte benachrichtigung!/i

# M
/e?.?mail von ing\./i

# N

# O

# P
/privater? e?.?mail/i

# Q

# R

# S
/sind sie noch am leben/i

# T

# U

# V
/verzeihen sie/i
/vertragsende.{1,10}letzter bescheid/i
/von (frau|fräulein|herr)/iu

# W
/wir haben versucht.{1,10}sie zu erreichen/i
/wir können sie nicht erreichen/iu

# X

# Y

# Z
/zu ihrer aufmerksamkeit/i
