# ==============================================================================
# Do we greet the email recipient in the subject line? No, only scammers do that.
#
# Really? Unfortunately not. Some email marketers address their people with a
# greeting in the subject line.
# That's why a false/positive can occur from time to time.
#
# ------------------------------------------------------------------------------
# Language: german
# Weight:   6.0
# ==============================================================================

# Generic
# ==============================================================================

# A

# B

# C

# D

# E

# F

# G
/^guten (abend|tag)$/i

/guten (abend|tag).?$/i
/guten (abend|tag).?\[/i
/guten (abend|tag) (frau|herr)/i
/guten (abend|tag).{1,10}lieber freund/i

/(guten tag|hallo|sehr geehrter?).{1,20}(begünstigter|e?.?mail|empfänger|kunde)/iu

/grüße.{1,10}(an sie|meine liebe)/i

/grüß dich.{1,10}mein.{1,15}herr/i

# H
/hallo -/i
/hallo.{1,10}herr.{1,5}frau/i
/hallo.{1,5}liebling/i

# Sample: Hallo helan@hh-biodynamik.de
/hallo.{1,20}@[a-z0-9].{4,15}\.[a-z]{2,4}/i

# I
/ich bin.{5,35}aus/i

# J

# K
/komplimente der saison/i

# L
/lieber herr/i
/lieber e?.?mail.?(besitzer|empfänger)/iu

/linkedin.{1,10}hallo/i

# M
/mein name ist/i
/mit freundlichen (grüssen?|grüßen?)/i

# N

# O

# P

# Q

# R

# S
/sehr geehrte damen und herren/i

# T

# U

# V

# W
/wie geht es dir heute/i
/wie geht es ihnen/i

# X

# Y

# Z
