# ==============================================================================
# Language: german
# Weight:   6.0
# ==============================================================================

# Topics
# ==============================================================================

# 2FA Activation
# ------------------------------------------------------------------------------
/die.{1,10}zwei.?faktor.{1,10}authentifizierung/i

# Products
# ------------------------------------------------------------------------------
/aktion.{1,20}(photo|push).?tan/i

/(best.?sign|securego tan).?app/i

/securego plus.{1,5}\d{1,4}/i

/(photo|push).?tan.{1,15}(aktivieren sie|aktivierung)/i
/(photo|push).?tan.{1,10}legitimation/i
/(photo|push).?tan.{1,15}(brief|erforderlich|ihre konto|ist nicht|verfahren)/i
/(photo|push).?tan.{1,10}gesperrt/i
/(photo|push).?tan.{1,10}läuft (ab|innerhalb)/iu

/(photo|push).?tan.{1,10}(systems?|verfahren)/i
/(photo|push).?tan.{1,10}innerhalb der/i
/(photo|push).?tan.{1,10}jetzt aktivieren/i
/(photo|push).?tan.{1,10}profil/i
/(photo|push).?tan.{1,10}registrierung läuft/i
/(photo|push).?tan.{1,10}vorübergehend aufgehoben/iu

/^(photo|push).?tan$/i

/ihre? tan.{1,20}aktualisierung/i
/neues?.{1,10}(photo|push).?tan/i

#
/vr.?securego/i

#
/aktualisieren sie.{1,10}bw.?secure/i

# Twint
# ------------------------------------------------------------------------------
/twint.{1,10}verbindung/i
/twint.{1,10}wartet auf die verifizierung/i

/dienst(es)?.{1,10}twint/i
/kontaktdaten.{1,10}twint/i
/app.?twint/i

/ihre.{1,15}app wird bald gesperrt/i

#
#
#

# Generic
# ==============================================================================

#
# ------------------------------------------------------------------------------
/3.?d.?secure/i

# A
# ------------------------------------------------------------------------------
/aktivieren sie 2fa/i
/aktivieren sie ihre.{1,20}app/i

#/(aktivieren|aktualisieren|aktivierung|entdecken|sicherheit).{1,20}(photo|push).?tan/i
/(aktualisieren|entdecken|sicherheit).{1,20}(photo|push).?tan/i

/aktualisierung ihrer.{1,10}banking.?app/i
/aktualisierung ihrer.{1,10}persönlichen daten/iu
/aktualisierung ihres.{1,10}(photo|push).?tan/i

/antrag auf reaktivierung.{1,10}ihrer.{1,15}card/i
/antrag auf reaktivierung.{1,10}ihrer.{1,15}(kredit)?karte/i

/aussetzung ihrer.{1,15}(kredit)?karte/i

/authentifizierung.{1,15}ihre.{1,15}(kredit)?karte/iu
/authentifizierung .{1,15}verlängerung erforderlich bis/iu

/app\b.{1,10}authentifizierung (endet|verlängern)/iu
/app\b.{1,10}authentifizierung läuft.{1,10}ab/iu

/app\b.{1,10}benötigt eine synchronisierung/iu
/app\b.{1,10}es gibt neue/i
/app.{1,10}verknüpfung bestätigen/iu

# B
# ------------------------------------------------------------------------------
/bankrichtlinien.{1,10}handlungsbedarf bis/i

/bestätigung für die.{1,15}systemaktualisierung/iu

# C
# ------------------------------------------------------------------------------

# D
# ------------------------------------------------------------------------------
/das neue update/i
/deutsche.?bank.{1,10}wichtige information/i

/deine?.{1,10}sicherheits.?pin ist abgelaufen/i

/digitale erneuerung.{1,15}ihre bestätigung/iu

# E
# ------------------------------------------------------------------------------
/eingehender vorgang/i

/einschränkung ihres.{1,10}kundenvertrags/iu
/einschränkung ihres.{1,10}online.?bankings/iu

/erforderliche.{1,10}sicherheitsüberprüfung/iu

# F
# ------------------------------------------------------------------------------
/finanz.?(nachrichten|update) für den/iu
/finanz.?(nachrichten|update) im.{1,10}(januar|februar|märz|april|mai|juni|juli|august|september|oktober|november|dezember)/iu

/führen sie es durch.{1,10}um eine unterbrechung/iu

# G
# ------------------------------------------------------------------------------

# H
# ------------------------------------------------------------------------------

# I
# ------------------------------------------------------------------------------
/ihr beitrag zu einem.{1,15}sichereren banking/i

/ihr.{1,10}finanz.?update.{1,10}(oktober|november|dezember|januar|februar)/i
/ihr.{1,10}finanz.?update.{1,10}ref/i

/ihr.{1,10}online.?(banking|zugang) ist gefährdet/iu
/ihr.{1,10}online.?(banking|zugang) ist nicht.{1,15}(geschützt|vollständig)/iu

/ihr.{1,10}(photo|push).?tan/iu

/ihre.{1,15}app.{1,10}authentifizierung/i
/ihre.{1,10}bank informiert zu/i
/ihre.{1,20}kreditkarten.?app/i
/ihre.{1,10}zahlungsmittel.{1,10}vorübergehend gesperrt/iu

# 23.01.25 - Sample: ihre Kundeninformationen im Januar (#440871580447)
/ihre.{1,10}kundeninformationen im/i

/ihre.{1,20}umstellung steht aus/i

/ihrer bankverbindung notwendig/i
/ihrer post.?box von/i

/inaktive karte/i

/information(en)?.{1,10}in ihrer post.?box/i
/information(en)?.{1,10}kundenbeziehungspflege/i

# J
# ------------------------------------------------------------------------------
/jetzt.{1,10}bankkonto.{1,10}überprüfen/iu

# K
# ------------------------------------------------------------------------------
/karte.{1,10}(bleibt|ist|wird|wurde).{1,20}(begrenzt|deaktiviert|eingeschränkt|inaktiv|gesperrt|verifiziert)/i

/kartensperre aufgrund.{1,10}betrugsverdacht/i

/konto.?gutschrift.{5,20}@/i

# L
# ------------------------------------------------------------------------------

# M
# ------------------------------------------------------------------------------
/mastercard.{1,10}identity.?check/i

/mtan.{1,10}verifizierung.{1,10}ausstehend/i

# N
# ------------------------------------------------------------------------------
/neue agb.{1,20}daten aktualisieren/i
/neue starke authentifizierungsdienst/i

/^neuigkeiten für sie/i

/notwendiges update/i

# O
# ------------------------------------------------------------------------------
/online.?(banking|zugang).{1,15}(aktualisieren|erneuern)/i
/online.?(banking|zugang).{1,15}ist abgelaufen/i

# P
# ------------------------------------------------------------------------------
/postanschrift muss bestätigt werden/iu

# Q
# ------------------------------------------------------------------------------

# R
# ------------------------------------------------------------------------------
/reaktivierung ihrer.{1,20}kredit.?karte/i
/reaktivierung ihrer.{1,10}(photo|push).?tan/i

/registrieren sie sich (jetzt|umgehend) für/iu
/registrierung ihrer.{1,15}app/i

/routineupdate für.{1,20}verfügbar/iu

# S
# ------------------------------------------------------------------------------
/securego.{1,10}zertifikatsablauf/i

/(sie müssen|wichtige?).{1,10}photo.?tan/iu

/sicherheits(funktion|update).{1,10}ihre.{1,10}(app|karte)/i
/sicherheitsüberprüfung.{1,10}online.?bankings?/iu
/sicherheitsrelevante information zu ihrem zugang/i

/sperrung.{1,10}diensten.{1,10}nichtbefolgung/i
/sperrung.{1,10}ihrer.{1,15}(card|karte)/i
/sperrung.{1,10}ihrer.{1,10}zahlungsmittel/i

/systemanpassung.{1,10}ihre bestätigung/i

# T
# ------------------------------------------------------------------------------
/telefonnummern? aktualisieren/i

/transaktion auf.{1,10}(ihrem|ihrer).{1,15}karte/i

# U
# ------------------------------------------------------------------------------
/update für ihre.{1,10}securego/i

# V
# ------------------------------------------------------------------------------
/verdächtiger zugriff aus/iu

/vorübergehende (aussetzung|einschränkung) ihres/iu
/vorübergehend gesperrt.?!/iu

/vorschriften erfordern.{1,10}verifizierung/i

# W
# ------------------------------------------------------------------------------
/wir haben ihren.{1,15}vertrag gesperrt/i

# X
# ------------------------------------------------------------------------------

# Y
# ------------------------------------------------------------------------------

# Z
# ------------------------------------------------------------------------------
/zu ihrem online.?banking/i

/zugriff auf.{1,10}online.?banking.{1,10}gefährdet/iu
/zugriff auf.{1,20}vorübergehend aufgehoben/i

# Sample: Zugang ID 9128903
/zugang (de|id).?\d{3,8}/i
/zugang sichern (de|id).?\d{3,8}/i
