# ==============================================================================
# Language: german
# Weight:   6.0
# ==============================================================================

# Topics
# ==============================================================================

# Address collector
# ------------------------------------------------------------------------------
# 28.07.25 - https://www.scam-detector.com/validator/ngos1-com-review/
#            https://www.scam-detector.com/validator/gyms1-com-review/
#            https://www.scamadviser.com/de/website-prufen/fashionshops10.com
#            https://www.scamadviser.com/check-website/shops1000.com
/erinnerung.{1,10}ihre? (eintrag|eintragung|liste) (auf|bei).{1,10}(fashionshops10|gyms1|ngos1|shops1000)/i

# Beneficiary
# ------------------------------------------------------------------------------
/(achtung|benannter|glücklicher|händen|neuer).{1,15}begünstigter?/iu

/sie sind.{1,15}begünstigten/iu

/begünstigter.{1,10}des/i

# Cars
# ------------------------------------------------------------------------------
/(audi|mercedes.?benz|porsche|volkswagen|vw).{1,15}(ab lager|sofort|werkszugang)/i
/(audi|mercedes.?benz|porsche|volkswagen|vw).{1,10}(fahrzeuge|fahrzeugübersicht)/i
/(audi|mercedes.?benz|porsche|volkswagen|vw).{1,15}modelle verfügbar/iu
/(audi|mercedes.?benz|porsche|volkswagen|vw).{1,15}vertragsrücklauf/iu
/(audi|mercedes.?benz|porsche|volkswagen|vw).{1,10}werksvertrieb/i

/(fahrzeuge|jahreswagen|werksmodelle).{1,10}bis zu.{1,10}rabatt/i
/(fahrzeuge|jahreswagen|werksmodelle).{1,10}vertragsauflösungen/iu
/(fahrzeuge|jahreswagen|werksmodelle).{1,10}sofort lieferbar/i
/(fahrzeuge|jahreswagen|werksmodelle).{1,10}direkt (mitnehmen|verfügbar)/iu

/(geprüfte|lagerabverkauf|verfügbare|zertifizierte).{1,10}(audi|mercedes.?benz|porsche)/iu
/(geprüfte|lagerabverkauf|verfügbare|zertifizierte).{1,10}fahrzeuge/iu

/sofort verfügbare.{1,10}(audi|mercedes.?benz|porsche|volkswagen|vw).{1,10}modelle/i

/direkt vom händler.{1,10}verfügbare?/iu
/exklusiven katalog anfordern/i

/jetzt werkskatalog/i
/jetzt zugang anfordern/i

/neue fahrzeuge auf lager/i
/rabatte?.{1,10}über.{1,10}fahrzeuge/iu
/sonderkontingent freigegeben/i
/vertragsrückläufer.{1,10}sonderkonditionen/iu

# Comparing price for solar energy at home
# ------------------------------------------------------------------------------
# -> They are stealing personal information

/^(photo.?voltaik|pv|solar).{0,5}anlagen?/i
/\/ (photo.?voltaik|pv|solar).{0,5}anlagen?/i

/(photo.?voltaik|pv|solar).{0,5}anlagen?.{1,20}alle förderungen/iu
/(photo.?voltaik|pv|solar).{0,5}anlagen?.{1,20}(extrem|finden|gewerbe|günstig(er)?|häuser|nulltarif)/iu
/(photo.?voltaik|pv|solar).{0,5}anlagen?.{1,20}(komplettpreis|tiefstand|tiefstpreise|vorteil)/iu
/(photo.?voltaik|pv|solar).{0,5}anlagen?.{1,20}für \d{2,3}.{0,5}euro/i
/(photo.?voltaik|pv|solar).{0,5}anlagen?.{1,20}massiv im preis gefallen/i
/(photo.?voltaik|pv|solar).{0,5}anlagen?.{1,20}mit speicher.{1,10}(ab \d{2,3}|für nur|schon ab)/iu

/photo.?voltaik lohnt sich.{1,10}prüfen sie/iu

# 18.12.24 Sample: 18.12.2024 / PV-Anlage
/\d{2}\.\d{2}\.\d.{4}.{1,10}(photo.?voltaik|pv|solar).{0,10}anlagen?/i

# 30.07.25 Sample: 2025 / PV & Förderung
/\d.{4}.{1,10}pv.{1,10}förderung/iu

/handlungsbedarf.{1,5}\d{2}\.\d{2}\d.{4}/i

/angebot.{1,10}für ihre.{1,10}pv.{1,20}(nr|preissenkung)/iu
/angebot.{1,10}nr\..{1,15}vom.{1,10}\d{2}\.\d{2}\.\d{4}verfügbar/i

/auszahlung.{1,10}förderung/iu

/eigene.{1,10}(photo.?voltaik|pv|solar).{0,5}anlagen?.{1,10}mit speicher/i

/förderung(en)?.{1,10}\d{2}\.\d{2}\.\d{4}/iu
/förderung(en)?.{1,10}geld einnehmen/iu
/förderung(en)?.{1,10}(photo.?voltaik|pv|solar).{0,5}anlagen?/iu

/ihre.{1,15}euro förderung/iu
/ihre.{1,10}(photo.?voltaik|pv|solar).{0,5}anlagen?/i
/ihr.{1,10}solar.?vorteil/i

/jetzt sichern.{1,15}fördergelder/iu

/komplette.{1,10}(photo.?voltaik|pv|solar).{0,5}anlagen?.{1,10}für nur/iu

/(auszahlung|günstigste).{1,10}(photo.?voltaik|pv|solar).{0,5}anlagen?/i
/mit günstiger.{1,10}(photo.?voltaik|pv|solar).{0,5}anlagen?/iu
/günstige preise.{1,10}(alle|für).{1,10}(photo.?voltaik|pv|solar).{0,5}anlagen?/iu

/preise.{1,10}(photo.?voltaik|pv|solar).?anlagen?.{0,5}anlagen gefallen/i

/(preissturz|preissenkung).{1,10}(photo.?voltaik|pv|solar).{0,5}anlagen?/i
/(preissturz|preissenkung).{1,10}massive förderungen/iu

/(rabatte|sinkende preise).{1,20}(photo.?voltaik|pv|solar).{0,5}anlagen?/i

/kostet eine.{1,10}(photo.?voltaik|pv|solar).{0,5}anlagen? keinen/i

/preise.{1,10}(photo.?voltaik|pv|solar).{0,5}anlagen?.{1,10}gefallen/i
/preise.{1,10}pv deutlich gesunken/i

/persönliches angebot nr\./iu

/kostenloser.{1,10}preis.?vergleich/i
/tiefpreise.{1,10}förderungen/i

/so lohnt sich solarstrom/i
/stromkosten.{1,10}mit solarmodulen?/i
/unverbindliches.{1,10}(photo.?voltaik|pv|solar).{0,5}angebot/i

/überweisung ihrer förderungen/iu

/volks.?pv/i
/wieder verfügbar.{1,10}(photo.?voltaik|pv|solar).{0,5}anlagen?/i

#
/pers\. angebot vom/i

# Comparing price for bank accounts
# ------------------------------------------------------------------------------
# -> They are stealing personal information

/auszahlung ihrer zinsen.{1,10}euro/i
/automatische zins.?gutschrift/i
/erinnerung.{1,10}zinsen im/i

/garantiert.{1,10}prozent zinsen/i
/gutschrift ihrer zinsen/i

/ihre.{1,10}zins.?gutschrift/i
/sie sich jetzt.{1,10}zinsen/i
/sie sich.{1,20}zinsen sichern/i

/zinsen.{1,10}garantiert.{1,10}fair/i
/zinsen.{1,10}schnell.{1,10}garantiert/i
/zinsgutschrift.{1,20}in höhe von/i
/zins.?gutschrift (im|vom)/i

/vergleichen sie jetzt kostenfrei/i

# Tagesgeldkonto
/beste tagesgeldkonto/i

/wie sie sich.{1,10}zinsen sichern/i
/zinsen sichern.{1,10}garantiert/i

# Comparing price for heat pumps
# ------------------------------------------------------------------------------
# -> They are stealing personal information

/wärmepumpen?.{1,10}extrem günstig/iu
/wärmepumpen?.{1,25}massiv im preis gefallen/i
/wärmepumpen?.{1,10}neue heizung/i

/angebot wärmepumpe vom.{1,10}\d{2}\.\d{2}\.\d{4}/iu
/angebot wärmepumpe.{1,10}preise.{1,10}gefallen/iu

/förderung.{1,10}wartet auf sie/iu
/förderung(en)?.{1,10}verfügbar/iu

# Comparing investments
# ------------------------------------------------------------------------------
# -> They are stealing personal information
/erinnerung.{1,10}(geldanlage|sichere)/i
/geldanlage mit attraktiven/i
/jetzt festgeld nutzen/i

# Business register
# ------------------------------------------------------------------------------
/(publikation|schaltung|veröffentlichung|werbeanzeige|wichtig).{1,10}(branchen.?buch|branchen.?führer|firmen.?eintrag)/iu

/(branchen.?buch|branchen.?führer|firmen.?eintrag).{1,10}.{1,10}\d{4}/i
/(branchen.?buch|branchen.?führer|firmen.?eintrag).{1,20}(202\d|publikation|veröffentlichung)/iu
/(branchen.?buch|branchen.?führer|firmen.?eintrag).{1,10}werbe.?(anzeige|annonce)/i

/(annonce|anzeige).{1,10}branchen.?führer/i
/ihre organisation wurde in unserem verzeichnis/i

#
#
#

# Generic
# ==============================================================================

# TLD in front, usualy (ch|com|de|org)
/\.[a-z]{1,4}.{1,5}wurde ausgewählt/iu

# A
/aktenzeichen.{1,20}telefonat/i

/anspruch.{1,15}versicherungsanspruch/i

/aufmerksamkeit.{1,10}einen deal/i
/aufmerksamkeit.{1,15}erforderlich/i
/aufmerksamkeit.{1,10}(begünstigten|begünstigter|frau|herr)/iu
/aufmerksamkeit.{1,10}ist gefragt/i

# B
/bescheidene bitte/i

/betreff.{1,5}von/i

/bestatigen sie/i
/bestätigung.{1,10}zuschussauswahl/iu

/betrieb des jahres deutschland/i

/bist du tot oder (lebst du|lebendig)/i

# C

# D
/debitkarten zu verkaufen/i

/du hast ein geschenk erhalten/i

/dringende anfrage.{1,10}diskussion/i

# E
/e?.?mail(.?adresse)?.{1,10}wurde.{1,15}(ausgewählt|zufallsprinzip)/iu

/edle einladung/i
/eintrag im firmenverzeichnis/i

/erbe für sie/iu

# F
/firmen.?eintrag.{1,10}werbeanzeige/i

# G
/gespräch.{1,15}geschäftlichen thema/iu

/grüße.{1,5}ref.{1,5}code/i

# H
/habe einen deal über/iu
/hier antworten/i

/humanitäres (angebot|projekt)/iu

/höfliche rückfrage/iu

# I
/ich auf ihr vertrauen/i
/ich habe versucht.{1,10}dich zu erreichen/i

/ihre aufnahme.{1,10}unserem verzeichnis/i
/ihre unternehmensdaten.{1,15}überprüfen/iu

/ihre organisation wurde.{1,20}in unser verzeichnis aufgenommen/i

# Ransom
/ihren ruf zu retten/i

# J

# K
/kann ich ihnen vertrauen/i

/kommission.{1,10}betrugsbekämpfung/iu

/kostenloser? hilfsfonds/i

# L
/lesen.{1,10}bestätigen/iu

/letzte chance auf günstige/iu
/letzter aufruf!/i

# M
/mastercard im wert/i

# N

# O
/offizielle neuigkeiten für sie/iu

# P
/pflichtprüfung nach dsgvo/iu

/preis ref.?.?num(mer)?/i

# Ransom
/privatsphäre wurde aufgrund illegaler.{1,20}verletzt/iu

/prüfen sie mein angebot/iu

/programmierte.{1,10}geldautomatenkarte/i

# Q

# R
/rechtliche information.{1,10}aktenzeichen/i

# S
/sie haben anspruch auf einen/i

/suchen ihre aufmerksamkeit/i

# T
/treten sie der bruderschaft bei/i

# U

# V
/vertraulich.{1,10}antworten/i
/vertraulich.{1,10}confidential/i

/(publikation|veröffentlichung).{1,10}unternehmenseintrag 202\d/iu
/unternehmenseintrag.{1,10}(publikation|veröffentlichung) 202\d/i

/vom bundeskriminalamt/iu

# W
/willkommen auf unserem verzeichnis/i

# X

# Y

# Z
