# ==============================================================================
# The scammers want your passwords for cloud/mail/webmail accounts.
# You'll be asked to:
# - Check a password
# - Renew your service
# - Increase a limit.
#
# So we have company names from the IT sector here like:
# - Cloud Storage
# - EMail Services
# - Hosting
# - Domains
# - Office
#
# Additionally, we are including AI service providers here.
# The criminals want to renew the subscription.
#
# ------------------------------------------------------------------------------
# Language: german
# Weight:   12.0
# ==============================================================================

# Topics
# ==============================================================================

#
#
#

# Generic
# ==============================================================================

# A
# ------------------------------------------------------------------------------

# B
# ------------------------------------------------------------------------------

# C
# ------------------------------------------------------------------------------

# D
# ------------------------------------------------------------------------------

# E
# ------------------------------------------------------------------------------

# F
# ------------------------------------------------------------------------------

# G
# ------------------------------------------------------------------------------

# H
# ------------------------------------------------------------------------------

# I
# ------------------------------------------------------------------------------

# J
# ------------------------------------------------------------------------------

# K
# ------------------------------------------------------------------------------

# L
# ------------------------------------------------------------------------------

# M
# ------------------------------------------------------------------------------
/mit neuem gerät anmelden/iu

# N
# ------------------------------------------------------------------------------

# O
# ------------------------------------------------------------------------------

# P
# ------------------------------------------------------------------------------

# Q
# ------------------------------------------------------------------------------

# R
# ------------------------------------------------------------------------------

# S
# ------------------------------------------------------------------------------

# T
# ------------------------------------------------------------------------------

# U
# ------------------------------------------------------------------------------

# V
# ------------------------------------------------------------------------------
/verlieren sie.{1,15}videos.{1,15}bilder nicht/i
/verlieren sie.{1,15}nicht den zugriff auf/i

# W
# ------------------------------------------------------------------------------

# X
# ------------------------------------------------------------------------------

# Y
# ------------------------------------------------------------------------------

# Z
# ------------------------------------------------------------------------------
