# ==============================================================================
# Language: german
# Weight:   6.0
# ==============================================================================

# Topics
# ==============================================================================

# Cloud  Storage
# -----------------------------------------------------------------------------
/cloud.?speicher.{1,10}kritisch voll/i
/gb kostenlos(en).{1,10}i?cloud.?speicher/i

/erhalten sie.{1,10}zusätzlichen.{1,15}speicher/i

#
#
#

# Generic
# ==============================================================================

# TLD in front, usualy (ch|com|de|org)
/@\.[a-z]{1,4}.{1,10}wichtiger hinweis/i

# A
/adressdaten ihres unternehmens aktualisieren/i

/aktualisierung.{1,15}teilnahmebedingungen/i
/aktualisierung.{1,10}telefonnummer/i
/aktualisierung.{1,15}unternehmensdaten/i

/aktualität.{1,10}handelsregistereinträge/iu

/antworten sie innerhalb von/i

/ankündigung.{1,10}facebook.?seite/iu

/anpassung.{1,10}neue sicherheitsrichtlinien/i

/antrag auf identifizierung/i

# B
/benachrichtigung.{1,15}kundenservice/i

/bestätigung benötigt/iu
/bestätigung.{1,15}(informationsservice|telefonnummer)/iu
/bestätigung ihrer.{1,15}telefonnummer/iu

/betreff.{1,10}zahlungserinnerung/i

# Works not well, F/P
#/bestätigung.{1,15}ihre bestellung/i
#/bestätigung erforderlich/i

/bestellnummer.{1,15}bestätigt/i

/betreff.{1,10}prüfen sie/iu

# C

# D
/digitale.{1,10}vignette ist ungültig/iu

# E
/e.?vignette.{1,5}ref/i
/e.?vignette.{1,10}service unterbrochen/i

/eingestellt.{1,5}#\d{2,15}/i

# Meta wants to delete your account
/endgültige löschung ihrer seite/iu

/erinnerung.{1,10}aktualisiere deine/i

# Sample: erneuern (#7ZXTB8)
/erneuern.{1,5}\(#[a-z0-9]{4,8}\)/i

# F

# 19.05.25 - Sample: Finanznachrichten im Juni - 225292232502
/finanznachrichten im.{1,20}\d{10,20}/i

/frist zur.{1,10}datenaktualisierung/i
/fristgerechte aktualisierung ihrer adresse/i

/fur unsere leistungen/i

# G
/geben sie ihre telefonnummer innerhalb/i
/gemeldeten ordnungswidrigkeit/i

/(geschäfts|unternehmens)?adresse muss.{1,10}bestätigt werden/iu

/gesperrte aktivitat auf/iu

# Swiss german :-)
/gwünne e/i

# H
/hinweis zur systemintegrität/iu

# I
/icloud.{1,10}speicher sind da/i

/(ihr|lhr).{1,20}ist nicht mehr (gültig|gultig)/i

/ihr speicher wird entfernt/i

/ihre.{1,10}angaben benötigen eine.{1,10}bestätigung/iu
/ihre.{1,10}anmeldung ist unvollständig/iu
/ihre.{1,15}daten sind veraltet/i

/ihre?.{1,15}wallet wird gesperrt/i

/ihre offene verkehrsstrafe/i
/ihre parkgebühr ist noch offen/iu
/ihre überprüfung wird empfohlen/iu

/ihrer letzten handelsaktivität erforderlich/iu

# J
/jährliche bestätigung.{1,10}(geschäfts|unternehmens)?adresse/iu

# K

# Paypal
/kontoauszug für.{1,10}ist verfügbar.{1,10}ref/iu

/kurze datenprüfung.{1,10}erforderlich/iu

# L
/lastschriftmandat jetzt bestätigen/iu

/login im kundenportal.{1,10}empfohlen/i

# M

# N
/neuigkeiten zu ihrem swisspass/i

# O
/offizielle.{1,10}sicherheitsmitteilung/i
/ohne verifizierung keine.{1,20}möglich/iu
/online.?dienste sind eingestellt/i

/ordnungsverfahren.{1,10}datenüberprüfung/iu

# P

# Q

# R
/rechnung.{1,15}nr\..{1,10}\d{4,15}.{1,10}rstellt/i

/rechtliche mitteilung.{1,10}firmendaten/i
/registrierung.{1,15}sicherheitsüberprüfung/iu

# Fake Ticket
/regularisierung.{1,10}geldstrafe/i

# Fake court
/rechtlicher hinweis/i

# Google Speicher
/reaktivieren sie ihre dienste/i

# Sample: Rundschreiben X2ZI-M29U
/rundschreiben.?[0-9a-z]{4}-[0-9a-z]{4}/i

# S
/sicherheitsüberprüfung.{1,10}ihrer.{1,10}identitätsdokumente/iu

# T

# Paypal
/transaktionshistorie freigegeben.{1,10}ref/i

# U

/unternehmensdaten.{1,10}müssen bestätigt/iu
/unterstützung.{1,10}paypal/iu

/überprüfung.{1,10}aktualisierung.{1,10}adresse/iu
/überprüfung.{1,10}unternehmensinformationen/iu

# V

# Google Speicher
/verlieren sie.{1,15}videos.{1,15}bilder nicht/i

/vermeiden sie dienstunterbrechungen/i

/vignette.{1,10}jetzt (klären|klaren)/i

/^vorübergehende aussetzung/iu

# W
/wartet auf ihre eingabe/i

/wichtige information.{1,10}datenaktualisierung/i
/wir benötigen.{1,10}(einige|noch).{1,10}informationen von ihnen/iu

# X

# Y

# Z
/zahlung.{1,10}sofortige unterstützung/iu

/zugang wartet auf ihre zahlung/i
