# ==============================================================================
# Here we check for strange and unusual combinations of special characters
#
# ------------------------------------------------------------------------------
# Language: -
# Weight:   6.0
#           1.0 (use muliplicator 0.17)
#           2.0 (use muliplicator 0.34)
# ==============================================================================

# Topics
# ==============================================================================

# Just a date. Format: 12/31/2024 or 1/1/2925
# ------------------------------------------------------------------------------
/^\d{1,2}\/\d{1,2}\/\d{4}$/i

# Sample: "25/12/2024: Du hast"
/\d{1,2}\/\d{1,2}\/\d{4}:/i

# Sample: "4.3.2025 1:52:08 Contact"
/\d{1,2}:\d{1,2}:\d{2} contact/i

# Numbers
# ------------------------------------------------------------------------------
# Sample: Hallo 111.118.177.133
/[a-z]{5,15} \d{3}\.\d{3}\.\d{3}(\b|$)/i

# Subject starts with a number and a colon
/^\d:\b/i

# Just numbers
#/^\d{2,15}$/i

# Multiple special characters
# ------------------------------------------------------------------------------
# -> Theses RegEx might be constructed easier and better

# 25.12.24 - DLH uses this: "Jetzt Live verfolgen..."
#/\.\.\?/i

# Three question marks
/\?\?\?/i

# Three exlamation marks
/!!!/i

# Three commas
/,,,/i

# Three underscores
/___/i

# Three hyphens
/---/i

# Three stars
/\*\*\*/i

# Three dots at the end
/\.\.\.$/i

# Dots between charcater like this: Fi.n.a.n.z.i.e.r.u.n.g
/\w\.\w\.\w\.\w\./i

#
/【.{5,15}】/i

# Multiple special characters in silly combinations
# ------------------------------------------------------------------------------
# -> Theses RegEx might be constructed easier and better

# Exclamation mark and a backslash
/!\\/i

# Exclamation mark and a slash
/!\//i

# Exclamation mark and a ampersand
/!#/i

# Exclamation mark and a two periods
/!\.\./i

# Exclamation mark and a at char
/!@/i

# Double Backslash
/\\\\/i

# Backslash, question mark an a period 
/\\.?\./i

/\.\.(\/\/|!!)/i

# Three greater signs
/\>\>\>/i

# Two and three periods and a question mark 
/\.\.\?/i
/\.\.\.\?/i

# Two periods and a at sign
/\.\.@/i

# Two periods and a exclamation mark, twice
/\.\.\.!\.\.\.!/i

# Two stars and a question mark 
/\*\*\?/i

# Two and three periods and a exclamation mark at the end of the line
/\.\.!$/i
/\.\.\.!$/i

# Three Colons
/:::/i

# Three forward slashes
/\/\/\//i

# Many dots
/\.\.\.\./i

# Question mark and some dots
/\?\.\.\./i

# A subject does never start with a special character
#/^(„|,|\.|!|\$)/i
/^(,|\.|!|\$)/i

# A subject does never end with a special character
/“$/i

# Silly stupid stuff
# ------------------------------------------------------------------------------
/txt::/i
/\?@/i
/^©/i

#Sample: Re:/./n/
/:\/\.\//i

# 23.06.25 - Sample: ID: cKrQA
/^id: [a-z0-9]{4,10}/i

# 26.06.25 Sample: N9798963
/^n\d{5,10}$/i

/^#re:/i

# 16.08.25 - Just a simple long row of numbers. Sample: 73315681477562151626
/\d{10,25}$/i

/re:\/w\//i

# Worda in brackets
# ------------------------------------------------------------------------------
# -> Theses RegEx might be constructed easier and better

/\[zahlung nötig\]/iu

/\[action requise\]/i
/\[special.?offer\]/i
/\[find out now\]/i

/#gutschrift/i

# Too many False/Positives 
#/[a-z]{5,15}(!!|\.\.)/i

# Too many False/Positives 
#/\.\.\.[a-z]{5,15}/i

/\(action required.?\)/i

# Sample: (Germany) |
#/\([a-z]{2,10}\) \|/i

# Sample: *spende*
/\*[a-z]{2,15}\*/i

# Sample: ~Darlehen~
/~[a-z]{3,15}~/i

# False/Positives seen 
#/\([a-z]{2,15}\)/i

/--[a-z]{3,15}--/i

# Other stupid stuff
# ------------------------------------------------------------------------------

# 17.06.25 - Sample: Beginnen_Sie_Ihre_Reise
/\[a-z]{3,15}_[a-z]{3,15}_[a-z]{3,15}/i

# Placeholders
# ------------------------------------------------------------------------------
/%(last|user)_name%/i

# Strange characters
# ------------------------------------------------------------------------------
/а/i 0.1
/е/i 0.1
/с/i 0.1
/і/i 0.1
/о/i 0.1
/г/i 0.1
