# ==============================================================================
# Here, we enter more generic phrases related to health.
#
# - The file "body.en.health.specific.map" contains rules for specific things,
#   but not in sufficient quantity to require a separate file.
#
# ------------------------------------------------------------------------------
# Language: german
# Weight:   12.0
# ==============================================================================

# Generic
# ==============================================================================

# A
# ------------------------------------------------------------------------------

# B
# ------------------------------------------------------------------------------
/blut(hoch)?druck.{1,10}auf.{1,10}normal/i
/blut(hoch)?druck.{1,10}kann.eine/i
/blut(hoch)?druck.{1,10}wird ihnen dabei behilflich/i

# C
# ------------------------------------------------------------------------------
/cbd.{1,10}kapseln/i

# D
# ------------------------------------------------------------------------------
/dank.{1,10}creme endet besagte/i

/dauerhafte verbesserung.{1,10}sehkraft/i

/diese bahnbrechende formel/i
/direkt.{1,10}rezeptfrei/i

# E
# ------------------------------------------------------------------------------
/eilmeldung.{1,10}neue klinische daten/i

/entfalte dein.{1,10}gehirn/i

/erste auslieferungen bereits erfolgt/i

# F
# ------------------------------------------------------------------------------
/formel macht{1,15}(cremes|pillen)/i

# G
# ------------------------------------------------------------------------------
/gehirn.{1,10}transformieren/i

/geheime.{1,10}express.?methode/i

# H
# ------------------------------------------------------------------------------
/heilen mit zahlen/i

# I
# ------------------------------------------------------------------------------

# J
# ------------------------------------------------------------------------------

# K
# ------------------------------------------------------------------------------
/kleiner zusatz.{1,10}große wirkung/iu

/klicken sie gleich den/i

/krampfadern.{1,20}waffe gegen/i

# L
# ------------------------------------------------------------------------------

# M
# ------------------------------------------------------------------------------
/minuten.{1,10}morgenritual.{1,10}vorgestellt/i

/muskelaufbau.{1,10}supplement/i
/muskelschmerzen.{1,15}minuten ohne medikamente/i

# N
# ------------------------------------------------------------------------------

# O
# ------------------------------------------------------------------------------
/ohne jo.?jo.?effekt.{1,15}ohne verzicht/i

# P
# ------------------------------------------------------------------------------
/personen sehen sich dieses angebot gerade an/i

/produkt explodiert.{1,15}online/i

/prostata zuhause in nur/i

# Q
# ------------------------------------------------------------------------------

# R
# ------------------------------------------------------------------------------
/revolutionäre neue methode/iu

# S
# ------------------------------------------------------------------------------
/strahlendes lächeln/iu

# T
# ------------------------------------------------------------------------------

# U
# ------------------------------------------------------------------------------

# V
# ------------------------------------------------------------------------------
/versand.{1,10}anonymen brief/i

/vitalität durch.{1,15}hilfe/i

# W
# ------------------------------------------------------------------------------

# X
# ------------------------------------------------------------------------------

# Y
# ------------------------------------------------------------------------------

# Z
# ------------------------------------------------------------------------------
