# ==============================================================================
#
#
# ------------------------------------------------------------------------------
# Language: german
# Weight:   6.0
# ==============================================================================

# Topics
# ==============================================================================

# Ukraine
# ------------------------------------------------------------------------------
/(swiss|treff).?ukrain(a|e)/i
/(treffe|triff).{1,10}ukrainische frauen/i

# Profile
# ------------------------------------------------------------------------------
/profil.{1,10}neue fotos hinzugefügt/iu
/profil.{1,10}ist wie ein/i

/(auf|in) mein(em)?.{1,15}profil/i
/deiner.{1,10}nähe hat dein.{1,10}profil/iu

/(besuche|einfach|entdecke|finde|schaue?).{1,10}(mein|ihr).{1,15}profil/i

/hat dein.{1,15}profil gesehen/i
/hier ist mein.{1,15}(nickname|profil)/i

/hier registriert.{1,15}profil/i

/link zum meinem.{1,10}profil/i

/mehr über mich.{1,15}profil/iu
/mein.{1,15}profil.{1,10}(auf der seite|enthält|findest|erwartet dich|ist)/iu
/meine.{1,10}nummer im.{1,15}profil/i

/nach meinem.{1,15}profil/i

/schaue? dir.{1,10}mein.{1,15}profil an/i
/schicke dir.{1,10}mein.{1,15}profil/i

#
#
#

# Generic
# ==============================================================================

# A
/(antworte|kennenlernen).{1,15}(klicke?|schreibe?) hier/i

/aktive chats.{1,10}talks/i
/alles ist anonym.{1,10}diskret/i
/auf.{1,10}dating.?website/i

/(aufrichtig|deutche|glänzend|wunderbar|zielstrebige).{1,10}(freund|herr|mann)/i

/authentische.{1,10}respektvolle mitglieder/i

# B
/beginnt unsere.{1,15}bekanntschaft/i

/bekanntschaft.{1,10}beginnt hier/i
/bekanntschaft.{1,10}schreib mir/i

/bereit für ein.{1,10}date/iu

/besser kennenlernen möchtest/iu

# C
/chatten hast{1,10}schreibe?/i

# D
/dating.?seiten?/i

/dein.{1,10}(penis|schwanz)/i
/dein.{1,10}profil hat meine/i

/deine.{1,10}e?.?mail.?adresse auf.{1,15}website/i

/dich auf.{1,10}(plattform|seite|website).{1,10}(sehen|treffen)/i
/dich gerne.{1,10}kennen(zu)?lernen/i

/diskrete?.{1,10}sichere unterhaltungen/i

/du eine frau suchst/i
/du mehr sehen.{1,10}hier der link/i

# E
/echte.{1,10}verifizierte mitglieder/i
/echtes (date|treffen) mit mir/i
/(echten|harten).{1,10}(penis|schwanz)/i

/ein echtes (date|treffen)/i

/erwarten dich.{1,10}auf dieser seite/i

# F
/finde mich auf der.{1,15}(web)?site/i

/fotze|muschi|möse|pussy.{1,10}(leckst|lecken)/iu

/frau (aus|in) deiner.{1,10}(nähe|region|umgebung) hat dein.{1,10}profil/iu
/frau (aus|in) deiner.{1,10}(nähe|region|umgebung) hat dich bemerkt/iu
/frau (aus|in) deiner.{1,10}(nähe|region|umgebung) (findet|ist auf) dich/iu

/frauen.{1,10}schreiben täglich/iu

/freizügiges (foto|selfie) von mir/iu

/(feuchte|geile|lieblings|saubere).{0,10}(fotze|möse|pussy)/iu

/folge einfach dem link/i

# G

# H
/heute bin ich in deiner stadt/i

/hier findest du.{1,10}(frauen|mich)/i
/hier kannst du mir antworten/i

/hinterlasse (einen|ich dir).{1,10}link/i
/hinterlasse meine.{1,10}kontaktdaten/i

# I
/ich bin ein.{1,10}romantisches mädchen/iu
/ich bin (bereit|offen).{1,10}bekanntschaften/i
/Ich bin.{1,10}geil/i

/ich füge ein.{1,10}foto bei/iu

/ich habe dich.{1,10}online gesehen/i

/ich liebe.{1,10}oral.?sex/i

/ich möchte dich.{1,15}kennenlernen/iu
/ich möchte einfach.{1,10}jemanden finden/iu

/ich suche.{1,10}einen? (frau|mann)/i
/ich suche.{1,10}leidenschaft/i

/ich warte hier.{1,10}auf dich/i
/ich will.{1,10}sex/i
/ich wirklich bin.{1,10}schaue? hier/i

/ihr name auf der seite ist/i

# J

# K
/klick einfach weiter/i

/kontaktdaten findest du auf.{1,15}(web)?site/i
/kostenlos reinschauen auf/i

# L
/link zu meinem profil/i

/lokalen? chat.?kontakten?/i

/lust auf.{1,10}chat(ten)?/i
/lust hast zu schreiben.{1,10}hier bin ich/i

# M
/mann für.{1,15}flirts/iu

/masturbieren.{1,10}spritzen/i


/mein.{1,10}freizügigstes.{1,10}(foto|selfie)/iu 
/mein.{1,10}profil ansehen/i

/meine freunde nennen mich/i
/meine.{0,10}(fotze|muschi|möse|pussy)/iu
/meine.{1,10}ecke ist hier/i
/meine.{1,10}online.{1,10}wartet auf dich/i

/mich kennenlernen möchtet.{1,10}(schreibe?|schreibt) mir/iu
/(mich|profil) auf.{1,10}dating.?(web)?.?site/i

# N
/nachricht auf der.{1,15}(web)?site/i
/neue.{1,10}frauen.{1,10}treffen/i

/nur einen klick entfernt/i

# O

# P
/(penis|schwanz).{1,10}brauche/i

# Q

# R
/registriere dich kostenlos auf der (web)?site/i

# S
/schreibe?.{1,10}mir hier/i

/schreibe?.{1,10}mir.{1,10}auf der web.?site/i
/schreibe?.{1,10}mir.{1,10}auf telegram unter/i
/schreibe?.{1,10}mir.{1,10}(auf|in) meinem.{1,10}profil/i

/schreibe?.{1,10}mir.{1,10}einfach eine private nachricht/i
/schreibe?.{1,10}mir.{1,10}einfach unter/i
/schreibe?.{1,10}mir.{1,10}gleich jetzt/i

/schreibe?.{1,10}sie mir.{1,10}(bitte hier|profil)/i

/sein intimstes foto/i

/sex auf dem.{1,10}tisch/i
/sex mit dir zu haben/i

/sex.{1,10}(erlebnis|gemeinschaft|treffen)/i
/sex-online/i
/sex.?kontakte in ihrem land/i

/sie möchten chatten/iu
/siehe? dir ihre seite an/i

/suche einen mann.{1,10}mit dem ich/i
/suchst.{1,10}schreibe? mir/i

# T
/traust.{1,10}schaue? hier vorbei/i

/treffe.{1,10}junge.{1,10}singles/i

# U

# V
/verifizierte mitglieder.{1,10}keine.{1,10}fake.?profile/i

# W
/wollen wir uns.{1,10}kennenlernen/i

# X

# Y

# Z
