# ==============================================================================
# Language: german
# Weight:   6.0
# ==============================================================================

# Topics
# ==============================================================================

# Attention, Important, Urgent
# ------------------------------------------------------------------------------

# Temporary
# ==============================================================================
#-> Until i have created new map files

# Make Money
# ------------------------------------------------------------------------------

# Phishing
# ------------------------------------------------------------------------------
/ihre rechnung ist fällig.{1,10}sehr geehrter kunde/iu

# Phishing AlertAction 
# ------------------------------------------------------------------------------
/dringend.{1,10}bestätigen sie ihre identität/iu

# Phishing Rewards
# ------------------------------------------------------------------------------
/exklusive?.{1,10}mystery.?box/i
/rituals.{1,10}mystery.?box/i

/jetzt angaben bestätigen/iu

#
#
#

# Scam 
# ------------------------------------------------------------------------------
/jetzt zinsvergleich starten/i

# Donation
/betrag von.{1,20}(dollar|euro?|gbp|usd|€|\$|£).{1,10}wurde ihnen/i

/gespendet.{1,10}antworten sie für weitere informationen/iu
/gespendet.{1,10}weitere informationen.{1,10}(kontaktieren sie|wenden sie sich)/i

/hat ihnen.{1,20}(dollar|euro?|gbp|usd|€|\$|£).{1,10}gespendet/i
/hat ihnen.{1,20}millionen.{1,10}gespendet/i

/(dollar|euro?|gbp|usd|€|\$|£).{1,10}wurden (an sie|ihnen) gespendet/i

# Unclaimed funds
/wir haben einen nicht.{1,10}(beanspruchten|eingeforderten).{1,10}betrag/i

# Winning
# ------------------------------------------------------------------------------

#
#
#

# Generic
# ==============================================================================

# A
/antworte.{1,20}heute kostenlos/i

# B

# C

# D
/(die|unsere) web.?(seite|site).{1,10}kostenlos/i

# E
/entschuldige mich für dieses eindringen/iu

/entschuldigen sie.{1,10}art der kontaktaufnahme/i
/entschuldigen sie.{1,10}eingriff in ihre privatsphäre/iu

/ernstes thema mit ihnen besprechen/i

# F

# G
/gott segne sie.{1,10}(frau|herr)/i

# H
/hier spricht (frau|herr)/i

# I
/ich bin hier.{1,10}um ihnen/i
/ich darüber gebetet habe/iu

/ich habe gerade ihr profil gesehen/i
/ich möchte mit ihnen kommunizieren/iu
/ich nur noch wenige monate zu leben habe/i

# J

# 02.04.25 - To dangerous
#/jetzt kostenlos anmelden/i

/jetzt kostenlos antworten/i

# K
/kann ich mit ihnen kommunizieren/i

/klicken sie auf.{1,10}antworten/i

/kostenlosen?.{1,10}internet.?seite.{1,10}erfahren sie/i

# L

# M
/meine tage auf erden gezählt sind/iu

# N

# O

# P

# Q

# R

# S
/(seite|site) ist.{1,10}kostenlos/i

/sie auf diesem weg kontaktiere/i

# T

# U
/unserer?.{1,10}kostenlosen?.{1,10}internet.?seite/i

# V
/(dem|vom) schreibtisch (des|von) (herr|vize)/i

# W
/wichtiges thema mit ihnen besprechen/i
/wichtigen vorschlag mit ihnen besprechen/i

# X

# Y

# Z
