# ==============================================================================
# The scammers create the impression that the person has been
# chosen for some kind of prize or award.
#
# ------------------------------------------------------------------------------
# Language: german
# Weight:   12.0
# ==============================================================================

# Topics
# ==============================================================================

#
#
#

# Generic
# ==============================================================================

# A
# ------------------------------------------------------------------------------
/annahme ihrer nominierung/i

/arbeitgeber der zukunft.{1,10}nominiert/i

# B
# ------------------------------------------------------------------------------

# C
# ------------------------------------------------------------------------------

# D
# ------------------------------------------------------------------------------
/deutschen.{1,10}wirtschaftspreis.{1,10}aufgenommen/i

# E
# ------------------------------------------------------------------------------
/erinnerung an die nominierung/i

# F
# ------------------------------------------------------------------------------

# G
# ------------------------------------------------------------------------------

# H
# ------------------------------------------------------------------------------

# I
# ------------------------------------------------------------------------------

# J
# ------------------------------------------------------------------------------

# K
# ------------------------------------------------------------------------------

# L
# ------------------------------------------------------------------------------

# M
# ------------------------------------------------------------------------------

# N
# ------------------------------------------------------------------------------
/nominierungsfrist.{1,15}deutschen.{1,10}wirtschaftspreis/i

# O
# ------------------------------------------------------------------------------

# P
# ------------------------------------------------------------------------------

# Q
# ------------------------------------------------------------------------------

# R
# ------------------------------------------------------------------------------

# S
# ------------------------------------------------------------------------------
/sie wurden für diese besondere gelegenheit ausgewählt/iu

# T
# ------------------------------------------------------------------------------

# U
# ------------------------------------------------------------------------------

# V
# ------------------------------------------------------------------------------

# W
# ------------------------------------------------------------------------------

# X
# ------------------------------------------------------------------------------

# Y
# ------------------------------------------------------------------------------

# Z
# ------------------------------------------------------------------------------
