# ==============================================================================
# Language: german
# Weight:   6.0
# ==============================================================================

# Generic
# ==============================================================================

# A

# B

# C

# D

# E

# F

# G
/geschatzter kunde/i
/glückwunsch.{1,15}mein name ist/i

# H

# I
/ich bin.{5,25}die finanzvorständin/iu

/ich bin.{5,45}eine?.{1,15}(investor|philanthrop|unternehmer|wirtschaftsmagnat)(in)?/i
/ich bin.{5,45}eine?.{1,15}(geschäftsfrau|geschäftsmann)/i
/ich bin.{5,25}eine?.{1,10}(deutscher?|schwedischer?|indischer?|indisches|italienischer?)/i

/ich bin.{5,35}(ceo|gründer).{1,15}von/i
/ich bin.{1,10}(frau|fräulein|herr)/i
/ich bin.{5,35}(rechts)?vertreter der familie/i
/ich bin.{5,35}(privat|rechts)?anwalt/i

/ich bin.{5,35}leitender offizier/i

/ihnen unser unternehmen vorzustellen/i

# J

# K

# L

# M
/mein name ist.{1,10}(frau|fräulein|herr)/iu

/mein name ist.{5,35}ich lebe.{1,10}in/i
/mein name ist.{5,25}ich bin teil des/i

/mein name ist.{5,35}ich bin.{1,15}(anwalt|banker|manager)/i
/mein name ist.{5,30}ein.{1,10}(amerikanischer|angestellter)/i
/mein name ist.{5,35}ein.{1,15}wirtschaftsmagnat/i

/mein name ist.{5,35}ich bin (auf der suche|die)/i
/mein name ist.{5,35}ich vertrete/i

# N

# O

# P

# Q

# R

# S
/sie zu kontaktieren.{1,10}mein name ist/i

# T

# U
/unternehmen vorzustellen.{1,10}einen.{1,15}hersteller/i

# V

# W

# X

# Y

# Z
