# ==============================================================================
#
#
# ------------------------------------------------------------------------------
# Language: german
# Weight:   6.0
# ==============================================================================

# Topics
# ==============================================================================

#
#
#

# Generic
# ==============================================================================

# A
# ------------------------------------------------------------------------------
/aktivieren si.{1,10}nicht zugestellte.{1,10}(e?.?mails|nachrichten)/i

/aktualisierung ihres postfachs/i

# B
# ------------------------------------------------------------------------------

# C
# ------------------------------------------------------------------------------

# D
# ------------------------------------------------------------------------------
/die laufzeit für das postfach/i

# E
# ------------------------------------------------------------------------------
/e?.?mail.{1,5}Sicherheitsrichtlinie aufgrund/i

# F
# ------------------------------------------------------------------------------

# G
# ------------------------------------------------------------------------------

# H
# ------------------------------------------------------------------------------

# I
# ------------------------------------------------------------------------------
/ihr.{1,10}webmail.?konto.{1,10}wird in kürze deaktiviert/iu

# J
# ------------------------------------------------------------------------------

# K
# ------------------------------------------------------------------------------

# L
# ------------------------------------------------------------------------------

# M
# ------------------------------------------------------------------------------

# N
# ------------------------------------------------------------------------------
/(e?.?mails|nachrichten) blockiert.{1,10}sie haben/i

# O
# ------------------------------------------------------------------------------

# P
# ------------------------------------------------------------------------------

# Q
# ------------------------------------------------------------------------------

# R
# ------------------------------------------------------------------------------

# S
# ------------------------------------------------------------------------------
/sie haben.{1,10}nicht zugestellte.{1,10}(e?.?mails|nachrichten)/i

/sichere postfachbenachrichtigung/i

# T
# ------------------------------------------------------------------------------

# U
# ------------------------------------------------------------------------------

# V
# ------------------------------------------------------------------------------
/vorsichtshalber wird ihre?.{1,10}e?.?mail.{1,15}innerhalb.{1,10}stunden deaktiviert/i

# W
# ------------------------------------------------------------------------------

# X
# ------------------------------------------------------------------------------

# Y
# ------------------------------------------------------------------------------

# Z
# ------------------------------------------------------------------------------
