# ==============================================================================
#
#
# ------------------------------------------------------------------------------
# Language: german
# Weight:   6.0
# ==============================================================================

# Topics
# ==============================================================================

#
#
#

# Generic
# ==============================================================================

# A
# ------------------------------------------------------------------------------

# B
# ------------------------------------------------------------------------------

# C
# ------------------------------------------------------------------------------

# D
# ------------------------------------------------------------------------------

# E
# ------------------------------------------------------------------------------

# F
# ------------------------------------------------------------------------------

# G
# ------------------------------------------------------------------------------

# H
# ------------------------------------------------------------------------------
/(home.?page|web.?site).{1,10}(erstellen|gestalten|umgestalten|umsatz)/i

# I
# ------------------------------------------------------------------------------
/ihnen gerne ein angebot für ihre.{1,10}(home.?page|web.?site)/iu

/ihre.{1,10}(home.?page|web.?site).{1,10}weitergeleitet.{1,25}sie zu kontaktieren/i
/ihre.{1,10}(home.?page|web.?site).{1,10}zu einem.{1,10}vernünftigen preis/i

/interesse an einem unverbindlichen.{1,10}call/i

# J
# ------------------------------------------------------------------------------

# K
# ------------------------------------------------------------------------------

# L
# ------------------------------------------------------------------------------

# M
# ------------------------------------------------------------------------------
/möchten sie ihre.{1,10}(home.?page|web.?site)/iu

# N
# ------------------------------------------------------------------------------

# O
# ------------------------------------------------------------------------------

# P
# ------------------------------------------------------------------------------

# Q
# ------------------------------------------------------------------------------

# R
# ------------------------------------------------------------------------------

# S
# ------------------------------------------------------------------------------
/sie ein.{1,10}(home.?page|web.?site).?(re)?design/i
/sie eine.{1,15}(home.?page|web.?site) erstellen/i

/sie eine.{1,15}(kreative|neue|schnelle).{1,10}(home.?page|web.?site)/i
/sie ihre.{1,15}(home.?page|web.?site) mit einem neuen/i

# T
# ------------------------------------------------------------------------------

# U
# ------------------------------------------------------------------------------
/unsere.{1,10}miet.?(home.?page|web.?site)/i

# V
# ------------------------------------------------------------------------------

# W
# ------------------------------------------------------------------------------
/(home.?page|web.?site).{1,10}erschwinglichen preis(en)?/i
/(home.?page|web.?site).{1,10}erstellt.{1,10}gepflegt/i
/(home.?page|web.?site).{1,10}ich kann helfen/i

/web.?design.{1,10}entwicklung.{1,10}(php|wordpress|woocommerce)/i

# X
# ------------------------------------------------------------------------------

# Y
# ------------------------------------------------------------------------------

# Z
# ------------------------------------------------------------------------------
