# ==============================================================================
# Spammers like to use Google to redirect to their website.
#
# ------------------------------------------------------------------------------
# Language: -
# Weight:   12.0
# ==============================================================================

# Google Search as a forwarder
# ------------------------------------------------------------------------------
/www\.google\.[a-z]{2,3}\/url\?(sa|q)/i
/www\.google\.com\.(au|co\.uk|mu|np|ug|vt)\/url\?(sa|q)/i

# Google Translate as a forwarder
# ------------------------------------------------------------------------------
/\.translate\.goog\//i

/translate\.google\.com\/translate\?/i

# Google aDS as a forwarder
# ------------------------------------------------------------------------------
/\.googleads\.g\.doubleclick\.net\/pcs\/click/i

# Google AMP
# ------------------------------------------------------------------------------
# 05.01.25 - Sample: https://google.de/amp/cutlly.com
/https:\/\/google\.[a-z]{2,3}/amp\//i

# 07.02.25 - Sample: href="http://optimum.net/api/login/services/v1/signout2?referer=https://storage.googleapis.com/db383169f6c2356/ch976533.html
/\?referer=https:\/\/storage\.googleapis\.com/i

# No SSL
/http:\/\/google\.com/i

#
# Google API
# ------------------------------------------------------------------------------

# I expect some False/Positives.
# The amount of spam sent over this website is too much 
/storage\.googleapis\.com/i

#
# Google Sites
# ------------------------------------------------------------------------------
/sites\.google\.com/i

# Google whatever this is
# ------------------------------------------------------------------------------
/script\.google\.com\/macros/i
