# ------------------------------------------------------------------------------
# Country:  -
# Weight:   18.0
# ==============================================================================

# Domain names global excluding germany and switzerland
# ==============================================================================

# A

# B

# C
/crossmail\.net\.pl/i                                               # 05.01.25

# D

# E

# F

# G

# H

# dynamic-ip\.hinet\.net
/hinet\.net/i                                                       # 10.01.25

# I

# J

# K

# L

# M

# N

# O
/objectstorage\.eu-zurich-1\.oraclecloud\.com/i                      # 09.01.25

# P

#                                                  # 14.01.25 - Cloudflare Pages
# -> No need to use a developer platform to use for advertising
/pages\.dev/i

# Q

# R

# S
/sandmaik\.com/i                                    # 07.01.25 - Email marketing

/sccampagnes\.fr/i                                  # 13.01.25 - Email marketing

# T
/translat\.goog/i                                   # 20.01.25

# U

# V

# W
/click\.promote\.weebly\.com/i                                      # 19.01.25

#                                                  # 14.01.25 - Cloudflare Pages
# -> No need to use a developer platform to use for advertising
/workers\.dev/i

# X

# Y

# Using Yahoo as a forwarder
/r\.search\.yahoo\.com/i                                            # 13.01.25

# Z
