# ==============================================================================
# Most viruses and malware hide in attachments.
# Mostly hidden in invoices, orders and other business-related data.
# The documents are usually sent as archive files.
#
# ------------------------------------------------------------------------------
# Language: german, english
# Weight:   12.0
# ==============================================================================

# Invoices, orders, etc
# ------------------------------------------------------------------------------
# -> We do not check for the archive file types. PDF files are excluded.

# Does not work. It is not supported by Rspamd.
#/inv(oice)?.?\d{0,10}\.((?!pdf$)[^.]*)/i
#/(receipt|winner).?\d{0,10}\.((?!pdf$)[^.]*)/i

/(advice|arrival|bookings?|business year).{0,25}\.(7z|docx|gz|html|rar|tar|tgz|xla|xls|zip)/i
/drawing.{0,25}\.(7z|docx|gz|html|rar|tar|tgz|xla|xls|zip)/i
/(enquiry|fatura).{0,25}\.(7z|docx|gz|html|rar|tar|tgz|xla|xls|zip)/i
/(inquiry|invoice).{0,25}\.(7z|docx|gz|html|rar|tar|tgz|xla|xls|zip)/i
/(lading|notice).{0,25}\.(7z|docx|gz|html|rar|tar|tgz|xla|xls|zip)/i
/(order|payment|price.?list|proforma|project|purchase).{0,25}\.(7z|docx|gz|html|rar|tar|tgz|xla|xls|zip)/i
/(quotation|quote).{0,25}\.(7z|docx|gz|html|rar|tar|tgz|xla|xls|zip)/i
/(receipt|request).{0,25}\.(7z|docx|gz|html|rar|tar|tgz|xla|xls|zip)/i
/rechnung.{0,25}\.(7z|docx|gz|html|rar|tar|tgz|xla|xls|zip)/i
/(shipping|specifications?|swift).{0,25}\.(7z|docx|gz|html|rar|tar|tgz|xla|xls|zip)/i
/urgent?.{0,25}\.(7z|docx|gz|html|rar|tar|tgz|xla|xls|zip)/i

/new.?order.{0,25}\.(7z|docx|gz|html|rar|tar|tgz|xla|xls|zip)/i

/payment\.z$/i

/(bestell|bestätigung|ordnung).{0,25}\.(7z|gz|html|rar|tar|tgz|xla|xls|zip)/i

# Letter of Intent
/loi.{0,5}\.(7z|gz|html|rar|tar|tgz|xla|xls|zip)/i

/rechnung.{0,45}\.svg/i

/rfq#{0,15}\.(7z|gz|rar|zip)/i
/rfq\.zip/i
/docu\.7z/i

# 13.01.25 - Sample: re_10_00134873.zip
/re_[0-9_]{4,15}\.(gz|zip)/i

# 09.01.25 - Sample: DHL Receipt_#7900629801.gz
/#\d{3,15}\.gz/i

# 11.01.25 - Sample: 10201124.zip
/^\d{5,10}\.(gz|rar|zip)/i

/\d{5,10}\.rar/i

# 16.01.25 - Sample: CCF_001802.zip
/[a-z]\{3}_\d{1,10}\.(gz|zip)/i

# 16.01.25 - Sample: R_54369_gojak.it.zip
/r_\d{1,10}_.{0,15}\.(gz|zip)/i

# 31.01.25 - Sample: RE.NR.4594_Kinderschutzbund_Weihnachtskarten2024.zip
/re\.nr\.\d{1,10}/i

# 18.01.25 - Sample: Rg. Fa. Schophuis.zip
/rg\..{0,5}fa\..{0,15}\.(gz|zip)/i


# 23.01.25 - Sample: FD_EberleR176612.zip
/(fd|pis)_.{0,20}\.(gz|zip)/i

# 24.01.25 - Sample: RE.1.201.2024.2484.zip
/re\..{0,20}\.(gz|zip)/i

# 30.01.25 - Sample: 2024-11-11.zip
/\d{4}-\d{2}-\d{2}\.(gz|tar|zip)/i

# 08.09.25 - Sample: 2025-09-08-1023.tar
/\d{4}-\d{2}-\d{2}-\d{2,5}\.(gz|tar|zip)/i

# 04.02.25 - Sample: 02-04-2025.gz
/\d{2}-\d{2}-\d{2,4}\.(gz|zip)/i
/\d{2}_\d{2}_\d{2,4}\.(gz|zip)/i

# 19.02.25 - Sample: VS03706941011_02_19_25.gz

# Just numbers
/\d{6,20}\.(doc|gz|html?)/i

# Just a date
/d{2}(-|\.)\d{2}(-|\.)\d{2,4}\.(gz|html?)/i

# 03 10.25 - Sample: 2025-10-03.html
/\d{4}(-|\.)\d{2}(-|\.)\d{2}\.(gz|html?)/i

# 20.01.25 - Sample: PO# 4502288112.gz
#                    PO200000035.gz
/^po(-|_|#)?.{1,25}\.(7z|docx|gz|rar|zip)/i
/^po(-|_|#)?\d{1,25}\.(7z|docx|gz|rar|zip)/i

# 22.01.25 - Sample: RFQ- 2708970-001.gz
/(inq|rfq)-?.{0,15}\.(gz|zip)/i

# 30.05.25 - Sample: at 11.58.10.html
/\d{1,2}\.\d{1,2}\.\d{1,2}\.(html?)/i

# 02.06.25 - Sample: R195122-1212.rar
/\d{2,10}(-|_)?\d{1,10}\.(rar|zip)/i

# Pattern
# ------------------------------------------------------------------------------

# 01.07.25  - Sample: #4567654.zip
/^#\d{1,15}\./i

/benachrichtigung/i

/coca.?cola/i
/cup.?result/i
#/confirm/i

/detail.{0,10}specification/i
/dringende.{0,10}bestellung/i

/draft?bl\./i

/inq.?no/i

#/nachricht/i
/new.?order/i

/proposal.{0,10}quote/i

/quotation#/i
/quotation \(/i
/quotation.?new/i

/request.?for/i

/^rfq.?-/i

/r\.?f\.?q.{0,15}our ref(erence)?/i

/statement.{0,10}account/i
/stock.{0,10}offer/i
/supply.?-pdf/i
/swift.{0,10}(message|transaction)/i

/updated.?price/i

/valued.?partner/i

/zahlungsrechnung/i

# Sample: Advice.PDF).html
/\)\.html/i


#
#
#

# Documents
# ------------------------------------------------------------------------------
/(document|preview|scan).{0,20}\.(7z|gz|html?)/i
/doc\d.{0,20}\.(7z|gz|html?)/i

/contract\.docx?/i

# Lottery
# ------------------------------------------------------------------------------

# Order
# ------------------------------------------------------------------------------
# 31.12.24 - Sample: PO-002144R SITCVN.gz";
/po-\d{2,10}.{0,20}\.gz/i

/po\.doc/i

# 10.01.25
/order\.rar/i

/quote\.z$/i

# Parcel
# ------------------------------------------------------------------------------
# 27.12.24 Sample: FedEx AWB# 797187750472.gz
/(dhl|fedex|express).{0,20}\.gz/i

/fedex_/i
/hermes\.docx?/i

/packing?.list\.zip/i

# Pricelist
# ------------------------------------------------------------------------------
/(business|price.?list).{0,20}\.zip/i

# Scripts in images
# ------------------------------------------------------------------------------
# 09.06.25
/\d{1,15}\.svg/i
/shipment\.svg/i

