# ==============================================================================
# The hunt is on:
# We are hunting agencies that send out advertising on behalf of customers.
# Some of these agencies are not exactly reputable and here they get the bill.
#
# The number of agencies has been constant for years and not much has changed.
#
# Tags:     body, organisation, company, agencies
# Country:  germany
# Weight:   18.0
# ==============================================================================

#
/4care.{1,5}gmbh/i                              # 29.12.24

# A
/ahoi.?schiff.{1,5}gmbh/i                       # 29.12.24

# B

# C
/care verlag.{1,5}gmbh/i

# D

# E

# F
/finanz.?affiliate.?marketing.{1,5}gmbh/i

# G
/genomediacircle.{1,5}gmbh/i
/green heads online.?performance.{1,5}gmbh/i

# H

# I
/internetmarketing bielefeld.{1,5}gmbh/i

# J
/jd media.{1,5}gmbh/i                      # 30.12.24

# K

# L
/licet media solutions limited/i
/limango gmbh/i

# M
/media solutions limited/i

# N

# O

# P
/performance heroes online.{1,5}gmbh/i
/performance profis marketing.{1,5}gmbh/i 

# Q

# R
/rocket leads marketing.{1,5}gmbh/i

# S
/shredd marketing.{1,5}gmbh/i                   # 29.12.24
/sovendus gmbh/i

# T

# U

# V

# W
/wkda.{1,5}gmbh/i

# X

# Y

# Z