# ==============================================================================
# Whitelisting words and phrases can be dangerous.
# Therefore, it's important to choose your content carefully and avoid
# using generic words whenever possible.
#
# Using the multiplier at the end of a line is a great way to increase the
# scoring based on the importance of a word or phrase.
#
# ------------------------------------------------------------------------------
# Language: english
# Weight:   -0.5
#           -0.25 -> muliplicator 0.5
#           -1.0  -> muliplicator 2.0
#           -1.5  -> muliplicator 3.0
#           -2.0  -> muliplicator 4.0
#           -2.5  -> muliplicator 5.0
#           -3.0  -> muliplicator 6.0
#           -3.5  -> muliplicator 7.0
#           -4.0  -> muliplicator 8.0
#           -4.5  -> muliplicator 9.0
#           -5.0  -> muliplicator 10.0
# ==============================================================================

# Topics
# ==============================================================================

# Undeliveries / Out of office
# ------------------------------------------------------------------------------
/out of office.{1,15}i will be back on/i 2.0
/your message will not be forwarded.{1,15}in urgent cases/i 2.0

# Company / Organization
# ------------------------------------------------------------------------------
/groundspeak.{1,5}inc.{1,5}dba geocaching/i 5.0

# 16.09.25
/kazaar fragrances markets 254 chapman rd ste 208.{1,10}newark/10.0
