# ==============================================================================
# This map file is not in use!
#
# To keep the active map files as small and efficient as possible,
# it makes sense to outsource older or no longer current rules.
#
# ------------------------------------------------------------------------------
# Language: german
# Weight:   -
# ==============================================================================

# Comparing price for bank accounts
# ------------------------------------------------------------------------------
# -> They are stealing personal information

/auszahlung ihrer zinsen.{1,10}euro/i
/automatische zins.?gutschrift/i
/erinnerung.{1,10}zinsen im/i

/garantiert.{1,10}prozent zinsen/i
/gutschrift ihrer zinsen/i

/ihre.{1,10}zins.?gutschrift/i
/sie sich jetzt.{1,10}zinsen/i
/sie sich.{1,20}zinsen sichern/i

/zinsen.{1,10}garantiert.{1,10}fair/i
/zinsen.{1,10}schnell.{1,10}garantiert/i
/zinsgutschrift.{1,20}in höhe von/i
/zins.?gutschrift (im|vom)/i

/vergleichen sie jetzt kostenfrei/i

# Tagesgeldkonto
/beste tagesgeldkonto/i

/wie sie sich.{1,10}zinsen sichern/i
/zinsen sichern.{1,10}garantiert/i