# ==============================================================================
# Domain names excluding Germany, Switzerland and Trumpistan
#
# ------------------------------------------------------------------------------
# Country:  A to Z
# Weight:   18.0
# ==============================================================================

# A
# ------------------------------------------------------------------------------

# B
# ------------------------------------------------------------------------------

# 27.10.25  - https://www.scam-detector.com/validator/bakerias-com-review/
/bakerias\.com/i

# C
# ------------------------------------------------------------------------------

# 05.01.25
/crossmail\.net\.pl/i


# D
# ------------------------------------------------------------------------------

# 19.06.25
/darkstore\.cc/i

# 18.07.25
/(click|view)\.email\.decathlon\.com/i

# E
# ------------------------------------------------------------------------------

# 21.04.25 - Selling stuff
/eurocupon\.pt/i

# F
# ------------------------------------------------------------------------------

# 05.08-25 - https://www.scamadviser.com/de/website-prufen/fashionshops10.com
/fashionshops10\.com/i

# 23.01.25
/fastymail\.pl/i

# G
# ------------------------------------------------------------------------------

# 27.07.25 - https://www.scam-detector.com/validator/gyms1-com-review/
/gyms1\.com/i

# H
# ------------------------------------------------------------------------------

# 10.01.25, dynamic-ip\.hinet\.net
/hinet\.net/i

# 21.01.25 - Hosting Company
/\.home\.pl/i

# I
# ------------------------------------------------------------------------------

# J
# ------------------------------------------------------------------------------

# K
# ------------------------------------------------------------------------------

# 24.08.25 - Russian Kreken crypto spam via contact form
/kr(a|o)?[0-9a-z]{2,3}\.cc/i

# L
# ------------------------------------------------------------------------------

# M
# ------------------------------------------------------------------------------

# N
# ------------------------------------------------------------------------------

# 28.07.25 - https://www.scam-detector.com/validator/ngos1-com-review/
/ngos1\.com/i

# 16.08.25
/\.nxcli\.(io|net)/i

# O
# ------------------------------------------------------------------------------

# P
# ------------------------------------------------------------------------------

# 03.02.25 - Post-purchase solution for DTC brands
/parcelpanel\.com/i

# 08.06.25 - Phishing
/subscriptions.pstmrk.it/i

# Q
# ------------------------------------------------------------------------------

# R
# ------------------------------------------------------------------------------

# S
# ------------------------------------------------------------------------------

# 30.07.25 - Translation service
/studiokosmos\.com/i

# 07.01.25 - Email marketing
/sandmaik\.com/i

# 13.01.25 - Email marketing
/sccampagnes\.fr/i

# 19.07.25 - Phishing QR-Code
/scnv\.io/i

# T
# ------------------------------------------------------------------------------
/temu\.to/i

# 25.11.25 - Belongs to "International News Agency LTD" 
/thewebguru\.de/i

# 06.10.25 - French Spammer
/top2dim\.com/i

/top-travaux\.com/i

# U
# ------------------------------------------------------------------------------

# V
# ------------------------------------------------------------------------------

# W
# ------------------------------------------------------------------------------

# X
# ------------------------------------------------------------------------------

# Y
# ------------------------------------------------------------------------------

# Z
# ------------------------------------------------------------------------------
