# ==============================================================================
# Adult: Dating and Porn
#
# ----|----------------|
#  10 | English        |
# ==============================================================================

# Acquainted  
# ------------------------------------------------------------------------------

# Cams
# ------------------------------------------------------------------------------
/cam.?to.?cam/i

/sexy.cam.show/i

/(sex|webcam).?chat/i

# Chat
# ------------------------------------------------------------------------------
/alone.{1,15}wants to chat/i
/free to talk.{1,10}my name is/i
/chat.{0,10}(flirt|free)/i

/i wish to have.{1,10}chat/i

# Dating
# ------------------------------------------------------------------------------
/sexy?.?(dating|date)/i
/hot.?dates/i

# Dating Sites
# ------------------------------------------------------------------------------
/free.{1,10}adult.?dating/i

/dating.?site.{1,15}(for free|register|this link)/i
/(dating|web).?site.{1,10}came across you/i

/(adult|casual|german|sex).?dating.?(club|community|portal|site)/i
/german.{1,10}casual.?club/i
/social.?sex.?(club|community|portal|site)/i

/online.?casual.?dating/i

/you need.{1,10}dating.?site/i

# Flirt
# ------------------------------------------------------------------------------

# Find
# ------------------------------------------------------------------------------

# Fotos
# ------------------------------------------------------------------------------
/her new (photos|pictures) here/i
/reply to you.{1,10}my photo attach/i

/pictures.{1,10}(my|of).{1,10}vagina/i

/photo attached.{1,10}(reply me to|response me at)/i

/reply to you my.{1,10}(photo|picture)?/i
/going to reply you my.{1,10}(photo|picture)?/i

/you my (photos?|pictures?).{1,10}attach/i

/your (photos?|pictures?).{1,10}in this link/i

# Girls, Women
# ------------------------------------------------------------------------------
/women.{1,10}looking for love/i
/women.{1,10}waiting to meet/i

/(attractive|find|meet).{0,10}(russian|ukrainian).{0,10}(girl|women)/i

/(russian|ukrainian).?(beauties|beauty)/i

/(female|girl|lady|miss|woman).{1,10}from kazakhstan/i

/look at the girls/i

# Message, Writing
# ------------------------------------------------------------------------------

# MILF
# ------------------------------------------------------------------------------
/milf.{0,10}(date|match)/i
/(secret|single).{0,10}milf/i

# Penis
# ------------------------------------------------------------------------------

# Profile
# ------------------------------------------------------------------------------
/enjoy free.{1,10}profile access/i
/open for my.{1,10}profile/i
/profile where they write to me/i
/see her.{1,10}profile/i

/you with.{1,10}link to my profile/i

# Singles
# ------------------------------------------------------------------------------
/i.?a?m not a married.{1,15}(female|girl|lady|miss|woman)/i
/alone bland.{1,15}(female|girl|lady|miss|woman)/i

#
#
#

# Blowjob, handjob
# ------------------------------------------------------------------------------

# Fuck
# ------------------------------------------------------------------------------

# Penis
# ------------------------------------------------------------------------------

# Pussy
# ------------------------------------------------------------------------------

# Sex, Fuck
# ------------------------------------------------------------------------------
/fuck me today/i
/meet for sex/i
/sex with you/i

/want sex with you/i
/women want sex/i

#
#
#

# Silly Chitchat/Phrases
# ------------------------------------------------------------------------------
/i am a (fair|lovely|solitary).{1,10}girl/i
/i.?m a (lonely|alone) (female|girl|miss)/i
/not a married lady/i

/horny.{0,10}adults?/i

/tiktok.?(18|plus)/i
/become acquainted with you/i

#
#
#

# Unclassified
# ------------------------------------------------------------------------------
/love from your friend!/i
/hi i love you.{1,10}bye/i
/blondie\d{1,2}/i

/mr\. tasty/i
/my clever mr/i


# Masked
# ------------------------------------------------------------------------------
