# ==============================================================================
# Health: Weightloss
#
# ----|----------------|
#  10 | English        |
# ==============================================================================

# Weightloss
# ------------------------------------------------------------------------------
/belly.?fat.{1,10}fast with this/i
/belly.?fat.{1,10}just by adding/i

/try this.{1,15}fat.?burning/i

/boost.{1,10}calorie burning by/i

/(burn|drop|melt|shed)s?.{1,15}(belly|body).?fat.{1,15}(crazy|every|fast|overnight|week)/i

/(burn|drop|melt|shed)s?.{1,15}(fat|lbs|pounds|weight).{1,10}(a|every|in just|per).{1,10}(day|week)/i
/(burn|drop|melt|shed)s?.{1,15}(fat|lbs|pounds|weight).{1,15}(belly|body|of).{1,10}fat/i
/(burn|drop|melt|shed)s?.{1,10}(fat|lbs|pounds|weight).{1,10}(boosts|fast|overnight|rapidly|super)/i

/(burn|drop|melt|shed)s?.{1,10}off (belly|body).?fat/i
/(burn|drop|melt|shed)s?.{1,10}unwanted.{1,10}(belly|body).?fat/i
/(burn|drop|melt|shed)s?.{1,10}(dangerous|stubborn).{1,10}fat/i

/ingredient dissolves.{1,10}(lbs|pounds) of.{1,10}fat/i

/(drop|lose|losing).{1,10}\d{2,3}.?(lbs|pounds) of fat/i
/(drop|lose|losing).{1,10}(fat|weight).{1,10}(became so easy|fast)/i
/(drop|lose|losing).{1,15}(fat|weight) with.{1,20}click below/i
/(drop|lose|losing).{1,10}average of.{1,10}(lbs|pounds)/i

/can flush fat/i
/kick stubborn flab/i
/lost.{1,10}(lbs|pounds) in.{1,15}(days|months)/i
/even lose weight/i
/electrify your.{1,10}(fat|weight).?loss/i

/struggling.{1,10}(burn|lose|melt).{1,10}(fat|lbs|pounds|weight)/i
/shrink your midsection/i
/slim.{1,10}your waistline/i

/(hack|secret|trick).{1,10}burning.{1,10}fat/i
/(hack|secret|trick).{1,10}(removes?|sheds).{1,10}(lbs|pounds)/i
/(hack|secret|trick).{1,10}effortless.{1,10}(fat|weight).?loss/i

/(lbs|pounds) with this.{1,10}fat.?burning/i
/(lbs|pounds) in.{1,15}month.{1,10}no.{1,10}(exercise|dieting)/i
/(lbs|pounds) in the first week alone/i

/drop(ping)?.{1,15}(lbs|pounds) of.{1,20}fat/i
/drop(ping)?.{1,15}(lbs|pounds) while.{1,10}sleep/i
/drop(ping)?.{1,10}unwanted.{1,10}(lbs|pounds)/i

/for a flat belly/i

/down.{1,10}(lbs|pounds).{1,10}after.{1,15}(month|weeks)/i

/you struggling.{1,10}lose weight/i
/you lose weight really fast/i

/how to.{1,10}(burn|lose|melt).{1,10}weight fast/i

/(achieve|solve) your.{1,10}weight.?loss/i

/(method|ritual|secret|technique|way).{1,10}boosts calorie burning/i
/(method|ritual|secret|technique|way).{1,10}(burn|lose|melt).{1,10}(belly|excess|unwanted).?fat/i
/(method|ritual|secret|technique|way).{1,10}(burn|lose|melt).{1,10}(fat|lbs|pounds|weight)/i

/(new|this).{1,10}(fat|weight).?loss.{1,10}(method|product)/i
/imagine losing.{1,10}(lbs|pounds)/i

/(stubborn|unwanted).{1,10}(body|belly).{1,10}fat/i
/(stubborn|unwanted).{1,10}(fat|lbs|pounds|weight).{1,10}in.{1,10}days/i

/(fat|weight).?loss.{1,10}elixir/i
/(fat|weight).?loss.{1,10}method.{1,10}(is shocking|might be)/i
/(fat|weight).?loss.{1,10}in just.{1,10}weeks/i
/(fat|weight).?loss.{1,10}(fix|hack|secret|sensation|specialist)/i
/(fat|weight).?burning.{1,10}switch/i

/recipe (burn|melt)s?.{1,10}lbs in.{1,10}weeks/i

/impressive.{1,10}(fat|weight).?loss.{1,10}results?/i

/your free (fat|weight).?burning/i

/(start your|try this).{1,10}(fat|weight).?loss/i
/say goodbye to.{1,10}(fat|weight)/i
/slimmer waist without.{1,10}hassle/i

# Belly
/gets? rid of your belly/i
/lose.{1,15}belly.{1,10}in/i

/you can.{1,10}(burn|lose|melt).{1,10}fat fast/i

# Diet
# ------------------------------------------------------------------------------
/diet to get.{1,10}slim (body|bodies)/i

# No Diet, no ...
# ------------------------------------------------------------------------------
/no.{1,10}diets.{1,10}sweating/i
/no.{1,10}(crazy|extreme) diets/i

/without diet.{1,10}exercise/i

# Products
# ------------------------------------------------------------------------------
/(recipe|tea).{1,10}lose.{1,10}f(lbs|pounds).{1,10}(a|per) week/i

/shrinks your.{1,10}belly overnight/i
/(fat|weight).?burning.{1,10}(compound|powder)/i
/(fat|weight).?burning.{1,10}super.?drink/i

/(lbs|pounds) fast by drinking/i

/flower.{1,10}better than.{1,10}diet/i

/(delicious|powerful).{1,10}(fat|weight).?burning/i

/(drink|food|help).{1,10}lose.{1,10}(fat|weight)/i
/(drink|food|help).{1,10}lose.{1,10}(lbs|pounds)/i

/keto.{1,10}air.?fryer/i
/keto.?power.?x/i
/3d.?slim/i

# Stupid Promises, lies
# ------------------------------------------------------------------------------
/fat.?burning.{1,15}(breakfast|trick)/i
/diet trick to drop.{1,10}(fat|weight)/i

/fights weight gain with.{1,15}success/i

/(breakthroughs?|revolutionizing).{1,10}(fat|weight).?loss/i

/hack removes.{1,10}lbs/i
/drop.{1,10}(fat|weight) fast/i

/weight.?loss.{1,10}(secret|science)/i

/farm.{1,10}(fat|weight).?loss.{1,10}method/i

/lost{1,10}(lbs|pounds).{1,10}by drinking/i

/secret.{1,10}metabolic trigger/i
/secret.{1,10}melting (lbs|pounds)/i
/secret.{1,10}losing lots.{1,10}weight/i

/super.{1,10}(fat|weight).?loss/i
/(no|without changing) diet.{1,10}exercises?/i

/your body into.{1,10}fat.{1,10}melting/i

# Fake stories
# ------------------------------------------------------------------------------
/crazy over this.{1,10}(fat|weight).?loss/i

/(he|she) (burned off|eliminated|meldted|lost).{1,10}(lbs|pounds)/i
/i had dropped \d{1,2}.{1,10}(lbs|pounds)/i

/melted off.{1,10}every unwanted.{1,10}(lbs|pounds)/i

/lost.{1,10}(lbs|pounds).{1,15}dress sizes/i
/loses.{1,10}(lbs|pounds).{1,10}stubborn fat/i

#
#
#

# Miracle, Breaktrough, Secrets, Videos
# ------------------------------------------------------------------------------
/(shocking|groundbreaking).{1,10}(fat|weight).?loss/i

/amazing.{1,10}(fat|weight).{1,10}melting.{1,10}plant/i

#
#
#

# Unclassified
# ------------------------------------------------------------------------------

# Masked
# ------------------------------------------------------------------------------
/drop ibs/i
