# ==============================================================================
# Scam: Anything
#
# ----|----------------|
#  10 | German         |
# ==============================================================================

# Intros, strange stories
# ------------------------------------------------------------------------------

#
#
#

# Award
# ------------------------------------------------------------------------------
/award winning.{1,10}notification/i
/award you the sum of/i
/awarded to your.{1,10}e?.?mail/i

/nomination.{1,10}global business award/i

/participate.{1,10}our global.?awards?/i
/pending nomination for the.{1,20}awards?/i

/you have been awarded.{1,10}compensation/i

/your.{1,15}(donation|stock) awards?/i

# Discuss something
# ------------------------------------------------------------------------------
/you about.{1,10}confidential topic/i
/urgent information that.{1,10}would like to discuss/i

# Important
# ------------------------------------------------------------------------------
/urgent.{1,10}there is.{1,10}unclaimed benefit/i

# Sharing money
# ------------------------------------------------------------------------------
/we can split the fund in the ratio of/i

# Nomination
# ------------------------------------------------------------------------------
/the nominations team/i

#
#
#


# Collecting postal stamps
# ------------------------------------------------------------------------------
/i am philatelist.{1,10}i collect/i
/i am (from|living)a.{1,10}russia.{1,10}i am collecting/i

/i am collecting.{1,10}mail.?stamps/i

/stamps from your country/i

/collecting briefmarken/i

# Crypto recovering
# ------------------------------------------------------------------------------
/crypto.?recovery.{1,10}specialist/i

/your.{1,10}crypto.?recovery via/i

# Domain Registration
# ------------------------------------------------------------------------------
/we are.{1,10}network service company/i

/deal with.{1,10}domain name registration in/i

# Gold
# ------------------------------------------------------------------------------
/we are.{1,10}gold seller company/i
/we are looking for.{1,15}gold buyer/i
/we have gold bars/i
/you interested in buying gold/i

# Greencard, Immigration
# ------------------------------------------------------------------------------
/green.?card.{1,10}now for only/i
/green.?card.lottery.{1,10}(expert|program)/i

/(apply for|chance to win|you deserve).{1,20}green.?card/i

/proceed with your immigration to/i

/start your application.{1,10}check if you.{1,10}eligible/i

/you still interested.{1,10}to live.{1,10}work in/i

# Oil
# ------------------------------------------------------------------------------
/crude oil company/i

/i have an oil.{1,15}(contract|deal)/i

# Stocks
# ------------------------------------------------------------------------------
/you.{1,10}been selected to receive.{1,20}stock/i
/claim your.{1,15}stock valued at/i

# Tax savings
# ------------------------------------------------------------------------------
/enhance your.{1,10}tax strategy/i
/maximize your.{1,10}tax savings/i

# Reports, Research
# ------------------------------------------------------------------------------
/we are excited to share our latest.{1,15}(findings|market|research|report)/i

/report is meticulously crafted/i
/review a sample report/i
/send you an illustrative copy/i
#
#
#

# Unclassified
# ------------------------------------------------------------------------------
/i have a.{1,10}sensitive.{1,10}delicate matter/i

/you regarding.{1,15}his confidential clients/i
/your urgent attention.{1,15}view the attached notice/i
/we are seeking.{1,10}passionate.{1,10}entrepreneurs/i

/vous avez gagné un don de.{1,10}millions.{1,10}euros?/iu
