# ==============================================================================
# Language: english
# Weight:   6.0
# ==============================================================================

# Topics
# ==============================================================================

# Address collector
# ------------------------------------------------------------------------------
# 28.07.25 - https://www.scam-detector.com/validator/ngos1-com-review/
#            https://www.scam-detector.com/validator/gyms1-com-review/

/welcome to gyms1/i
/your.{1,10}listing on gyms1/i

# Airdrops
# ------------------------------------------------------------------------------
/secure.{1,15}tokens today/i

# Awards
# ------------------------------------------------------------------------------
/corporate.{1,15}global awards/i
/innovation.{1,10}excellence awards/i

/your.{1,10}award nomination/i

# Greetings
# ------------------------------------------------------------------------------
/hello.{1,10}there is.{1,10}unclaimed/i

# People (Temporary)
# ------------------------------------------------------------------------------
/maria.?elisabeth schaeffler/i

# Other temporary bullshit
# ------------------------------------------------------------------------------
/simple-fax.{1,10}mail2fax/i

# Ransom
# ------------------------------------------------------------------------------
/i know that you are.{1,10}pedophile/i
/i recorded you/i
/my perverted friend/i

/you (got|have been) hacked/i

# Fake Organisations
# ------------------------------------------------------------------------------

# Fake Awards
# ------------------------------------------------------------------------------
/(german|switzerland).{1,10}business awards 202\d/i
/(german|switzerland).{1,10}Prestige Awards/i

/golden business awards/i

#
#
#

# French
# ------------------------------------------------------------------------------
/million.{1,10}euros vous ont été donnés/iu

#
#
#

# Generic
# ==============================================================================

# A
/assistance needed.{1,10}charitable/i
/are you dead/i
/atm department/i

/award nomination.{1,10}unique approach/i
/award.{1,10}ref.?code/i

# B
/be the next of kin/i

/beneficial sir/i
/beneficiary.{1,15}(e?.?mail|final|fund|inquiry|notice|recover)/i

/(attn|attention|congratulations|dear|fund|hello|my|transfer|valued|you).{1,20}beneficiary/i

# C
/can you be trusted/i

/card is.{1,10}ready for delivery/i
/capital charity funding/i

/chance to see.{1,10}proposal/i

/check your gold/i
/celebrating your.{1,10}award nomination/i

/claim now/i

/collaboration.{1,10}funding/i

/^confidential information/i

/confirmation.{1,10}next of kin/i
/congrats your e.?mail/i

/cooperation.{1,10}consultation/i

/covid.{1,10}relief.?package/i
/covid.{1,10}support funding/i

/crude oil.{1,10}(contract|proposal)/i

# D

# Sample: Details: Ref #810298/543E2C8B
/details.{1,5}ref.{1,5}#?\d{3,10}/i

/^development.{1,10}opportunity$/i
/discussion.{1,10}request/i
/discussion.{1,10}about.{1,10}opportunity/i

# E
/^european commission$/i
/(eu|world).?(business|company).?(directory|register)/i

/expand your impact with/i

# F
/federal reserve bank/i
/follow.?up.{1,10}proposal/i

/full proposal/i

/fund(ing)?.{1,10}(donation|office|opportunity|proposal|recovered|request)/i
/funds claim/i

# G
/get.{1,15}golden visa/i
/get.{1,15}retirement residency visa/i

/funds recovery service/i

/gold nuggets? available/i

/grant newsletter/i

# H

# Fake online jobs
/hiring people.{1,15}from your country/i

/honest partner/i

# I
/i (need|wish to seek) your.{1,10}assistance/i
/i seek.{1,10}reliable individual/i

/if we can work together/i

/illuminati.{1,10}(membership|recruiter|society)/i
/(great|the).{1,10}illuminati/i

/important.{1,10}million/i
/important.{1,10}(beneficiary|business|proposal|proposition)/i
/important.{1,10}information to share/i

/information to share with you/i

/inheritance.{1,10}(for|to) you/i
/inheritance.{1,10}(matter|notice)/i

/internet crime complaint center/i

/invitation.{1,10}co.?operation/i

# J

# K

# L

# M
/mutual investment/i

/^my proposal/i

# N
/^next of kin/i

/notice of your.{1,10}funds/i

# O
/official.{1,10}grant notification/i

/open your.{1,10}offshore bank.{1,10}account/i

/opportunity.{1,10}you.{1,10}afford to miss/i
/opportunity.{1,10}to connect/i

# P
/partnership intention/i

# Q

# R
/reason.{1,10}contacting you/i
/recovered.{1,10}lost crypto(currency)?/i
/recover your money/i

/relationship with you/i

/reliable.{1,10}trustworthy/i
/relief.{1,10}recovery support/i

/remittance advice.{1,10}\d{2,10}/i
/request.{1,10}partnership/i
/respond to request/i

/^revert back asap/i

# S

# Very funny:
/scam recovery expert/i

/seeking.{1,10}your.{1,10}assistance/i
/sincerely cooperate/i

/special correspondence/i

# Business in Dubai
/start your business in/i

# T
/trust you with this/i

# U
/urgent.{1,10}assistance required/i
/urgent.{1,10}mission project/i
/urgent.{1,10}request fo.{1,10}discussion/i

/update about your company/i

# V
/via atm.{1,10}(debit|visa).{1,10}card/i

/viable business plan/i

# W
/we.{1,10}offering grants/i
/we want to invest/i

/welfare.{0,10}lottery/i
/world company registration/i

/working together!/i

# X

# Y
/yellow.?pages.{1,15}registration/i

/you are eligible for an/i
/you have.{1,5}\d{1,2}.{1,5}pending/i
/You have an unclaimed/i
/you were selected/i

/your.{1,10}a.?t.?m.?card/i
/your atm.{1,10}(debit|visa).{1,10}card/i

/your approved.{1,10}atm/i
/your awarded.{1,10}(cash|grant)/i

/your.{1,10}claim today/i
/your.{1,10}e?.?mail.{1,15}has.{1,15}been.{1,15}selected/i
/your.{1,10}e?.?mail.?id/i

/your.{1,10}company for vendor/i

/your.{1,15}immigration to the usa?/i

/your.{1,10}(last).?name matches/i

/your.{1,10}listing is live on/i
/your.{1,10}listing on.{5,35}important information/i

/your.{1,15}stock.?award/i
/your.{1,10}yellow pages/i

# Z
