# ==============================================================================
# Language: english
# Weight:   6.0
# ==============================================================================

# Topics
# ==============================================================================

# French
# ------------------------------------------------------------------------------
/action urgente.{1,10}finalisez/i

#
#
#

# Generic
# ==============================================================================

# A

# B

# C
/confirm.{1,10}delivery address/i

# D
/details delaying your.{1,10}(package|parcel|shipment)/i

/dhlexpress/i

/dhl.{1,10}failed delivery/i
/dhl.{1,10}notice of arrival/i

# E

# F
/freight express.{1,10}update/i

# G

# H

# I

# J

# K

# L

# M

# N

# O

# P
/(package|parcel|shipment).{1,10}(awaiting|pending|ready).{1,10}(collection|delivery|processing|shipping)/i
/(package|parcel|shipment).{1,10}awaits final confirmation/i

/payment for your.{1,10}(package|parcel|shipment)/i

# Q

# R

# S
/shipment notification.{1,10}ref.?id/i
/shipping document.{1,10}set to expire on/i

/step to receive your.{1,10}(package|parcel|shipment)/i

# T

# U

# V

# Your Shipment
/votre envoi/i

# W

# X

# Y
/you have.{1,10}(1|one).{1,10}pending delivery/i

/your.{1,10}address .{1,10}pending.{1,10}(package|parcel|shipment)/i

/your.{1,10}(package|parcel|shipment).{1,10}not delivered/i
/your.{1,10}(package|parcel|shipment).{1,10}has been returned/i
/your.{1,10}(package|parcel|shipment).{1,10}is on hold/i

# 06.07.25 - Your package has been delivered
/お荷物のお届けが完了しました/i

# Z
