# ==============================================================================
# Tags:     subject, phishing
# Language: english
# Weight:   6.0
# ==============================================================================

# Topics
# ==============================================================================

/twint corporation/i

# 2FA
# ------------------------------------------------------------------------------
/(important|notice|reminder).{1,10}(protect|secure) your/i
/(important|notice|reminder).{1,10}(enable 2fa|update security)/i

/set.?up (2fa|two.?factor).{1,10}authentication today/i

#
#
#

# Generic
# ==============================================================================

# A
/action required.{1,10}(account|improve|payment failed)/i
/avoid service disruption.{1,10}update payment/i

# B

# C

# D
/don’t lose access to/i

# E
/enhance wallet protection/i

# F
/failed to validate your information/i

# G

# H

# I
/improve your.{1,10}wallet/i
/internal revenue service/i

# J

# K
/keep your.{1,10}wallet secure/i

# L

# M

# N

# 23.12.24 - Sample: Notification Updated - info@amelec.ch
/notification updated.{1,15}@/i

/final notice.{1,10}update payment info/i

# O

# P
/payment issue detected/i

# Q

# R
/reminder.{1,10}action required/i

# S
/secure your account.{1,10}enable/i

# T

# U
/undeliverable.{1,10}outgoing e?.?mail failed/i

# V

# W

# X

# Y

# Z
