# ==============================================================================
# Language: english
# Weight:   6.0
# ==============================================================================

# Topics
# ==============================================================================

# China
# ------------------------------------------------------------------------------
/best prices.{1,10}china/i
/(plastic|toolmaking).{1,10}china/i
/parts in china/i

/(manufacture|suppliers) (from|in|of).{1,10}china/i

/we are china.{1,10}leading/i

#
#
#

# Generic
# ==============================================================================

# A

# B
/better price pcba?/i

# C
/capacitor.{1,10}(resistor|special) offer/i
/capacity.{1,10}fuses from/i

/chips.{1,10}competitive prices/i

/cnc.{1,10}precision parts/i
/cnc.{1,10}machining/i
/(design|manufacture|you need).{1,15}pcba?/i

/custom.{1,10}metal stamping /i
/custom.{1,10}(pcba?|printed.circuit.board)/i
/custom.{1,10}products? manufacturing/i

# D
/dash.?cam(era)?/i

/discover.{1,10}electronic.{1,10}components?/i

# E
/exclusive freight rates/i

/electronic components?.{1,10}(stock|supplier|supply)/i
/electronic components?.{1,10}you need/i

/^electronic components$/i

/expert.{1,10}mold/i

# F
/fiberglass fabric from/i

/find.{1,10}tooling maker/i
/find your.{1,15}supplier/i

/freight services.{1,10}tailored/i

/from china to/i

# G
/good.{1,10}pcba?.?supplier/i
/good quality.{1,10} pcba?/i

# H

# I
/ic microchip request/i

/industrial.{1,15}product.{1,10} manufacturer/i

/injection molded parts/i
/injection molding solutions/i
/injection molding$/i

/inquiry about.{1,10}pcba?/i

# J

# K

# L
/leading.{1,15}manufacturer of/i

/low(est)? prices?.{1,10}(pcba?|printed.?circuit.?board)/i
/low(est)? prices?.{1,10}plastic.?mold/i

# M
/many years.{1,10}oem/i

/manufacturer of.{5,25}since/i
/manufacturer from.{1,10}china/i

/microchip parts request/i

/multilayer (pcba?|printed.?circuit.?board).{1,10}manufacturing/i
/multiple freight solutions/i

/moulding (from|in) china/i
/moulding.{1,10}services (from|in) china/i
/moulding.{1,10}supplier/i

/(mold|moulds).{1,10}(maker|construction)/i
/(mold|moulds).{1,10}plastic parts/i

# N
/new product catalog/i

# O
/oem.{1,10}(plastic|products?|service|supplier)/i

/offers? for rectifiers/i

/our advanced.{1,10}(pcba?|printed.?circuit.?board)?/i
/our high.?quality.{1,10}(pcba?|printed.?circuit.?board)?/i

# P
/passive.{1,10}component broker/i
/passive.{1,10}parts?.{1,10}(req|xilinx)/i

/(parts|source).{1,10}manufacturer/i

/(pcba?|printed.?circuit.?board).{1,20}(assembly|business|cooperation|enquiry|fabrication|factory)/i
/(pcba?|printed.?circuit.?board).{1,10}(manufacturer?|manufacturing|needs|provider|service|solutions?)/i

/(pcba?|printed.?circuit.?board).{1,10}factory (from|in) china/i
/(pcba?|printed.?circuit.?board).{1,10}supplier for/i

/plastic.?injection.{1,10}mould.?maker/i
/plastic.?tmold.{1,10}making/i
/plastic.?tooling.{1,10}services?/i

/product.{1,10}machining service/i
/prototype manufacturer?/i

# Q
/quotation of.{1,10}(multilayer)?.{1,10}(pcba?|printed.?circuit.?board)/i

# R
/rfq.{1,15}(injection|moulding|plastic)/i

# S
/sea freight quote/i
/shipping rfq/i

/supplier from.{1,10}china/i
/supply steel plates/i

# T
/trusted.{1,15}custom fabrication/i
/trusted.{1,15}manufacturer of/i

/trustworthy.{1,10}company/i

# U

# V

# W
/we are looking for partners for/i
/we supply.{1,20}priced chips/i

# X

# Y
/your (current|future).{1,15}supplier/i
/your plastic.?mould/i

# Z