# ==============================================================================
# Language: english
# Weight:   6.0
# ==============================================================================

# Topics
# ==============================================================================

# E Bike, Scooter
# ------------------------------------------------------------------------------
/(urban|power).?cruiser/i

/cruiser.{1,10}e.?bike/i
/e.?bike.{1,10}(factory|performance)/i

/(battery|next|our latest|with our).{1,10}e.?bike/i

/city voyager/i

#
#
#

# Generic
# ==============================================================================

# Numeric
/\d{3,5}.{1,10}global channels/i
/\d(0|o).{0,5}reduction/i

# A

# B
/better.{1,10}night.?vision/i

# C
/channels worldwide.{1,10}save/i
/customize socks/i

# D
/database.{1,10}switzerland.{1,15}companies/i

# E
/enhance.{1,10}brand recognition/i
/eu fast shipment/i

/exclusive luxury watches/i

# F
/fix your instagram/i

# G
/get.{1,10}instagram followers/i
/get.{1,10}trustpilot reviews/i
/get more instagram followers/i

# H

# I

# J

# K

# L
/luxury watches at just/i

# M

# N

# O
/own.{1,10}(iconic|island) property/i

# P
/professionals.{1,10}e?.?mail.?list/i

# Q

# R

# S
/social.?media.{1,10}package/i

# T
/targeted.{1,10}verified/i
/(targeted|verified).{1,15}(e?.?mail.?list|leads)/i

/transform your (brand|business)/i

# U
/unlock your leads?/i

# V

# W
/watch.{1,10}\d{3,4}.{1,10}channels worldwide/i
/with a wikipedia page/i

# X

# Y
/your business on wikipedia/i
/your lead potential/i
/your ultimate urban/i

# Z

# China related
# ==============================================================================
# -> Maybe we move these in a separate map

# A

# B
/best prices in china/i

# C
/capacitor.{1,10}(resistor|special) offer/i
/cnc.{1,10}precision parts/i

/custom product manufacturing/i

# D
/dash.?cam(era)?/i

# E
/electronic components supply/i
/^electronic components$/i

/expert.{1,10}mold/i

# F
/fiberglass fabric from/i

/freight services.{1,10}tailored/i

# G
/good pcba?.?supplier/i

# H

# I
/ic microchip request/i

# J

# K

# L

# M
/manufacturer of.{5,25}since/i
/multilayer pcba?.{1,10}manufacturing/i
/multiple freight solutions/i

# N

# O
/our high.?quality.{1,10}pcba?/i

# P
/parts in china/i

/pcba?.{1,10}(assembly|enquiry|factory|manufacturing|provider)/i

/prototype manufacturer?/i

# Q
/quotation of.{1,10}(multilayer)?.{1,10}pcba?/i

# R
/rfq.{1,15}(injection|moulding|plastic)/i

# S
/suppliers (from|of) china/i
/supply steel plates/i

# T
/trusted custom fabrication/i

# U

# V

# W
/we are looking for partners for/i
/we supply.{1,20}priced chips/i

# X

# Y
/your plastic.?mould/i

# Z
