# ==============================================================================
# Tags:     subject, generic
# Language: english
# Weight:   6.0
# ==============================================================================

# Topics
# ==============================================================================

# Greetings
# ------------------------------------------------------------------------------
/dear sir.{1,5}madam/i
/dearest friend/i

/good day(\.|,)/i
/greetings?.{1,10}(in the name of god|to you)/i

# Stock trading
# ------------------------------------------------------------------------------
/\$.{1,10}delivers big/i

/acquisition boosts.{1,15}revenue/i
/breakthrough growth/i
/high.?growth opportunities/i
/poised.{1,10}explosive growth/i
/revolutionizing investor experience/i
/shareholder letter details/i
/smart investors?.{1,10}pick/i
/stock to watch/i
/unlocks high.?growth/i

#
#
#

# Generic
# ==============================================================================

/\d{2,3} spins/i

# A
/are you still alive/i

# B

# C
/compliment of the season/i
/contact (him|me) now/i

/credit 0ffer/i

# D

/dear (beloved|esteemed|herr|recipient)/i

# E
/e?.?mail finds you well/i

# F
/financing_/i

/from.{1,3}dr\./i

# G
/get back to me/i
/god bless you/i

# H
/hello dearest/i
/hello sir.?madam/i

# I
/i?a?m dr\./i

/illuminate your path/i
/illuminati brotherhood/i

/is this your.{1,10}e?.?mail/i

# J

# K

# L
/ladies and gentlemen/i

/loan.{1,5}\d{2}\/\d{2}\/\d{2,4}/i
/loan.{1,5}financing/i

/looking for a reply/i

/^loan offer/i

# M
/may the peace of the lord/i

/my good friend/i
/my humble request/i
/my subject/i

# N
/new profile id/i

/NOTICE/
/notice on \d{2}-\d{2}-\d{2,4}/i

# O

# P
/peace be with you/i
/private loan company/i

# Q

# R
/recommend reading this e?.?mail/i
/remain blessed/i
/reply for full details/i

/rfq.{1,15}po.{1,5}requiremnts/i

# S
/spins on the house/i

# T
/this is not an advertisement/i
/to ceo/i

# U
/unlock the secrets?/i

# V

# W
/want you in.{1,10}bed/i

# X

# Y
/you contact mrs?/i

/your e?.?mail.{1,10}still active/i
/your respond/i
/yours faithfully/i

# Z
/zoom.?call request/i
