# ==============================================================================
# Language: english
# Weight:   6.0
# ==============================================================================

# Topics
# ==============================================================================

# French
# ------------------------------------------------------------------------------
/action urgente.{1,10}finalisez/i

#
#
#

# Generic
# ==============================================================================

# A

# B

# C
/confirm.{1,10}delivery address/i

# D
/dhlexpress/i

# E

# F
/freight express.{1,10}update/i

# G

# H

# I

# J

# K

# L

# M

# N

# O

# P
/(package|parcel|shipment).{1,10}(awaiting|pending|ready).{1,10}(collection|delivery|processing|shipping)/i

/payment for your (package|parcel|shipment)/i

# Q

# R

# S

# T

# U

# V

# Your Shipment
/votre envoi/i

# W

# X

# Y
/you have.{1,10}(1|one).{1,10}pending delivery/i

/your (package|parcel|shipment).{1,10}not delivered/i
/your (package|parcel|shipment).{1,10}has been returned/i

# Z
