# ==============================================================================
# Language: english
# Weight:   6.0
# ==============================================================================

# Topics
# ==============================================================================

# Companies, organisations
# ------------------------------------------------------------------------------

# 2FA
# ------------------------------------------------------------------------------
/(important|notice|reminder).{1,10}(protect|secure) your/i
/(important|notice|reminder).{1,10}(enable 2fa|update security)/i

/set.?up (2fa|two.?factor).{1,10}authentication today/i
/secure your account.{1,10}enable/i

#
#
#

# Generic
# ==============================================================================

# A
/action required.{1,15}update your/i
/action required.{1,10}(account|improve|payment failed)/i

# B

# C

# D

# E

# F
/failed to validate your information/i

# G

# H

# I

# J

# K

# L

# M

# N

# O

# P

# Q

# R

# S

# T

# U
/update for your account/i

# V

# W

# X

# Y
/your.{5,20}details/i

/your.{1,15}account is temporarily blocked/i

# Z
