# ==============================================================================
# Countries sending advertising
#
# ----|----------------|
#  20 | China          |
# ==============================================================================

# Greetings, From Province, City, Town
# ------------------------------------------------------------------------------
/this is.{5,20}from.{5,25}in shenzhen/i

/industry co.{1,10}ltd.{1,10}(china|guangzhou|shenzhen)/i

# Footers
# ------------------------------------------------------------------------------
/whatsapp: \+86/i

# Intros
# ------------------------------------------------------------------------------
/glad to (know|hear) that you.{1,10}on the market for/i
/glad to (know|hear) that you.{1,10}are in.{1,15}business/i
/glad to (know|hear) that you.{1,10}are on the.{1,20}market/i

/my name is.{5,25}we are specialized in/i

# Intros, specific China
# ------------------------------------------------------------------------------
/(china|guangzhou|shenzhen|zhejiang).{1,10}factory.{1,10}specializes.{1,10}producing/i
/(china|guangzhou|shenzhen|zhejiang).{1,10}(my|our).{1,10}(company|factory).{1,10}(offers|specialized|specializes)/i
/(china|guangzhou|shenzhen|zhejiang).{1,10}we can handle all kinds/i
/(china|guangzhou|shenzhen|zhejiang).{1,10}we are.{1,10}(company|factory|manufacturer|supplier)/i
/(china|guangzhou|shenzhen|zhejiang).{1,15}we are.{1,10}leading.{1,10}professional/i
/(china|guangzhou|shenzhen|zhejiang).{1,20}supply all kinds of.{1,10}quality/i
/(china|guangzhou|shenzhen|zhejiang).{1,10}you have any need for our/i
/(china|guangzhou|shenzhen|zhejiang).{1,10}hope to open.{1,10}(business|relationship)/i

/(co|ltd).{1,10}(china|guangzhou|shenzhen|zhejiang).{1,10}are you interested/i

/this is.{5,25}from.{1,10}/(china|guangzhou|shenzhen|zhejiang)/i
 
/we are.{1,10}chinese.{1,10}leading/i
/we are.{1,10}chinese.{1,15}(leading|manufacturer)/i

/we are.{1,10}(china|guangzhou|shenzhen|zhejiang).?based.{1,10}(company|manufacturer?|supplier).{1,10}(of|offering)/i

/we are.{1,10}factory located in.{1,15}(china|guangzhou|shenzhen|zhejiang)/i
/we are.{1,10}(professional|tooling).{1,15}manufacturer?.{1,10}(china|guangzhou|shenzhen|zhejiang)/i
/we are.{1,20}manufacturer.{1,10}(directly|from|in).{1,10}(china|guangzhou|shenzhen|zhejiang)/i

/with.{1,10}years experience.{1,10}(china|guangzhou|shenzhen|zhejiang)/i

/which is.{1,10}professional.{1,15}manufacture.{1,10}(china|guangzhou|shenzhen|zhejiang)/i

/your sourcing agent.{1,10}china/i

/contacting you from.{1,10}(china|guangzhou|shenzhen|zhejiang)/i
/leading supplier of.{1,15}capacitors.{1,15}(from|in) china/i

/moulding services.{1,15}(from|in) china/i

# Intros
# ------------------------------------------------------------------------------
/we.?a?re.{1,10}factory with.{1,10}years experience/i
/we.?a?re.{1,10}(leader|leading) manufacturer.{1,10}of/i
/we.?a?re.{1,10}leader oem.{1,10}manufacturer/i

/we.?a?re.{1,10}(manufacturer|manufactuer) (in|of)/i
/we.?a?re.{1,10}(manufacturer|manufactuer).{1,10}exporter (in|of)/i

/we.?a?re.{1,10}(professional|reliable).{1,10}distributor of/i
/we.?a?re.{1,10}(professional|reliable).{1,20}product.{1,10}(company|manufacturer?|supplier)/i
/we.?a?re.{1,10}(professional|reliable).{1,10}supplier (of|with)/i
/we.?a?re.{1,10}(professional|reliable).{1,20}manufacturer.{1,10}specialized in/i
/we.?a?re.{1,10}(professional|reliable).{1,20}molding/i

/we.?a?re.{1,10}national high.?tech.{1,10}enterprise/i

/we are.{1,10}iso.{1,15}certified company/i
/we are.{1,15}fast.{1,10}growing distributor/i
/we are.{1,10}at.{1,10}(hard.?to.?find|short.?lead.?time)/i
/we are.{1,10}specializes in the production of/i
/we are.{1,10}the leading importers/i

/(co|ltd).{1,15}is a high.?tech enterprise/
/(co|ltd).{1,15}is a factory specialized in/i
/(co|ltd).{1,15}professional.{1,15}manufacturer/i
/(co|ltd).{1,15}we are leading.{1,15}professional/i

/has been in this field for more than.{1,10}years/i
/introduce ourselves as.{1,10}leading manufacturer (in|of)/i

/to whom it may concern.{1,10}our company/i

/our company.{1,10}manufacturer.{1,10}following/i
/our company.{1,10}as.{1,10}leading.{1,15}(supplier|trader)/i
/our customers.{1,10}are mainly from/i
/our factory.{1,10}mainly focus on/i

/you looking for.{1,10}factory who can/i

# Experience
# ------------------------------------------------------------------------------
/more than.{1,10}years experience.{1,10}producing/i

# Products
# ------------------------------------------------------------------------------
/we.?a?re.{1,10}bag.?factory/i
/we.?a?re.{1,10}leading.{1,10}precisi?on.machining/i
/we.?a?re.{1,10}prototype.{1,15}machining/i

/we.?a?re.{1,10}(professional|reliable).{1,10}plastic.{1,10}injection/i
/we.?a?re.{1,10}(professional|reliable).{1,10}injection.{1,10}molding/i/i

/we specialized?.{1,10}cnc machining/i

/you need.{1,10}precision.{1,10}cnc/i

# Products - Electronics
# ------------------------------------------------------------------------------
/(components|electronics).{1,10}worked in the area more than.{1,10}years/i

/is the distributor for.{1,20}(components|electronics)/i

/we (offer|specialized?|supply).{1,20}electronic.{1,10}component/i

/we.?a?re.{1,10}capacitor.{1,10}factory since/i
/we.?a?re.{1,10}distributor.{1,20}(components|electronics)/i
/we.?a?re.{1,10}independent.{1,10}distributor.{1,20}(components|electronics)/i
/we.?a?re.{1,10}electronic.{1,10}components?.{1,10}(broker|distributor)/i
/we.?a?re.{1,10}electrical.{1,10}products.{1,10}automatic/i

/we.?a?re.{1,10}leading provider.{1,10}(components|electronic)/i

/you looking.{1,10}electronic.{1,10}components?/i
/you still interested.{1,10}capacitors/i

/you looking for.{1,10}capacitors/i

# Products - Molding
# ------------------------------------------------------------------------------
/you interested.{1,10}injection molding/i

/we.?a?re.{1,10}injection mould fabricator/i

# Products - Glass
# ------------------------------------------------------------------------------
/we do mainly.{1,10}glassware/i

# Products - PCB
# ------------------------------------------------------------------------------
/pcba?.{1,10}factory.{1,10}focus on/i
/pcba?.{1,10}manufacturer with good quality/i
/pcba?.{1,10}we can offer.{1,10}the best/i
/pcba?.{1,10}from.{1,10}(china|shenzhen)/i

/ltd.{1,10}a professional pcba?/i
/in the field of pcba?.{1,10}years/i

/we.{1,10}focus on pcba?/i

/we.{1,10}(offer|provide).{1,10}(pcba?|printed.circuit.board).{1,10}(assembly|layers)/i

/we.?a?re.{1,10}(pcba?|printed.circuit.board).{1,10}manufacturer/i

/you.{1,10}need to purchase.{1,10}(pcba?|printed circuit board)/i
/you.{1,10}proceed your.{1,10}(pcba?|printed circuit board).{1,10}project/i
/you.{1,10}have any.{1,10}(pcba?|printed circuit board).{1,15}need/i
/you.{1,10}interested in.{1,10}(pcba?|printed circuit board).{1,10}assembly/i
/your.{1,10}currently.{1,15}(pcba?|printed circuit board).{1,15}suppliers/i

# Products, specific China
# ------------------------------------------------------------------------------
/china.{1,10}specialized in mold/i

# Logistics
# ------------------------------------------------------------------------------
/logistics needs.{1,10}please let me know/i

/we.?a?re.{1,10}freight forwarding company/i
