# ==============================================================================
# Adult: Subject
#
# ----|----------------|
# 10  | German         |
# ==============================================================================

# Anal
# ------------------------------------------------------------------------------
/anal.?gefickt/i

# Blowjob
# ------------------------------------------------------------------------------
/blowjob geben/i

/(einen|einmal).{1,10}blowjob/i
/schwanz.{1,10}blasen/i

# Cams
# ------------------------------------------------------------------------------
/sexy.?cam/i
/cam.?show/i

# Chat
# ------------------------------------------------------------------------------
/lust zu chatten/i
/(damen|frauen|möchten sie|sie können).{1,10}chatten/iu
/(schmutziger|warten im).{1,10}chat/i

# Dating
# ------------------------------------------------------------------------------
/(europäisches|internationales|online|sex).{0,15}dating/iu

/dating.?(reise|seite)/i
/date.{1,10}vereinbaren/i

/treffen sie diese.{1,10}frau/i
/kostenloses treffen/i
/kontakt.{1,15}für alte damen/i

/(bereit für ein|du mein|heißes?).{1,15}date/iu
/deine neue liebe/i

# Dating Sites
# ------------------------------------------------------------------------------
/echte website/i
/unser(em)?{1,15}(dating|sex).?portal/i

# Find
# ------------------------------------------------------------------------------
/partner.?suche/i
/entdecken sie ihren? traumpartner/i

# Flirt
# ------------------------------------------------------------------------------
/flirt.?kontakte?/i

# Girls, Women
# ------------------------------------------------------------------------------
/(attraktive|die besten|geile|sexy).{1,10}frau(en)?/i

/geile mütter/iu

/frau möchte einen mann/iu
/frauen.{1,10}(in ihrer nähe|warten auf)/iu

/treffen sie diese.{1,15}frau(en)?/i
/du diese dame/i

/reifen frau/i
/kontakte (alter|von) frauen/i

# Fotos
# ------------------------------------------------------------------------------
/fotos im brief/i
/nacktfotos erhalten/i

/meine fotos sehen/i

# Lonely
# ------------------------------------------------------------------------------
/einsam in der schweiz/i

# Meet
# ------------------------------------------------------------------------------
/echte.{1,10}treffen/i
/interesse an einem treffen/i
/kennenlernen.{1,10}treffen wir/i
/treffen wir uns auf einen kaffee/i
/treffen sie.{1,20}frau(en)?/i

# MILF
# ------------------------------------------------------------------------------
/erfahrenen.{1,10}milf/i

# Profile
# ------------------------------------------------------------------------------
/persönlichen? profilen?/i
/spannende profile warten auf sie/i

# Sex, Fuck
# ------------------------------------------------------------------------------
/(bist du|kostenlos).{1,10}sex/i
/sex.{0,10}(date|treffen|ohne)/i
/sex mit.{1,15}frauen/i

/dich verführe/i
/du sie befriedigst/i

/gefickt werden/i
/sexuelles abenteuer/i
/sexerlebnis/i

/suchst du ein erotisches/i

# Single
# ------------------------------------------------------------------------------
/single zu sein/i
/hunderte.{1,10}singles?/i

# Tits
# ------------------------------------------------------------------------------
/meinen?.{1,10}titten/i
/titten.?spielen/i

#
#
#

# Silly Chitchat/Phrases
# ------------------------------------------------------------------------------
/suchst du liebe/i
/uns besser kennenlernen/i

#
#
#

# Unclassified
# ------------------------------------------------------------------------------
/sexy.{1,10}attraktiv/i
/sperma.{1,10}schlucken/i
/ich bin sexy/i
/intime kommunikation/i
/jemand mag dich/i
/jungfräulichkeit/i
/versaut/i

/hallo (komme?|schatz$)/i
/hoi.{1,10}schweizer/i

/bdsm.{1,10}kinky/i

# Masked
# ------------------------------------------------------------------------------
/chat\]/i
