# ==============================================================================
# Adult: Dating and Porn
#
# -> Add bad senders here: "_base_bad_sender_en.map"
#
# ----|----------------|
# 10  | English        |
# ==============================================================================

# Chat
# ------------------------------------------------------------------------------

# Dating
# ------------------------------------------------------------------------------

# Dating Sites
# ------------------------------------------------------------------------------
/free.{1,10}adult.?dating/i

/dating.?site.{1,10}for free/i

/adult.?dating.?(portal|site)/i

# Fotos
# ------------------------------------------------------------------------------

# Girls, Women
# ------------------------------------------------------------------------------

# Profile
# ------------------------------------------------------------------------------

# Pussy
# ------------------------------------------------------------------------------

# Sex, Fuck
# ------------------------------------------------------------------------------

# Message, Writing
# ------------------------------------------------------------------------------
