# ==============================================================================
# Adult: Dating and Porn
#
# -> Add bad senders here: "_base_bad_sender_de.map"
#
# ----|----------------|
# 10  | German         |
# ==============================================================================

# Intros
# ------------------------------------------------------------------------------
/ich lebe in.{1,20}ich bin.{1,10}jahre alt/i

#
#
#

# Chat
# ------------------------------------------------------------------------------
/chat ist kostenlos/i
/chat mit.{5,25}starten/i

/sex.?chat.mitglied/i
/sex.?chat.{1,15}cams/i

/jetzt.{1,10}chat (mit|starten)/i
/starte.{1,10}deinen chat mit/i

/erotischen chat/i

# Cams
# ------------------------------------------------------------------------------
/unsere.{1,10}live.?cams/i

/sexy.cam.show/i

# Dating
# ------------------------------------------------------------------------------
/date.{1,10}(treffen|vereinbaren)/i
/dating.{1,10}in deiner stadt/i

/beste online.?dating/i

/sex.dating.{0,10}club/i
/geiles.date/i
/privat.{1,10}intimes.{1,10}treffen/i

/online.?dating.?club/i
/(kostenlos|online).?sex.?dating/i

/ich möchte einen.{1,10}mann treffen/iu

/(direkt zum|jetzt ein|noch heute).{1,10}date/i

/suche.{1,10}nach einem.{1,10}dating/i
/suche.{1,10}diskretes?.{1,10}treffen/i

# Dating Sites
# ------------------------------------------------------------------------------
/(dating|hookup).?website.{1,10}(anschauen|bei mir|fortzusetzen|treffen)/i

/community.{1,20}bekanntschaften/i

/(beste|einziartige|intime|profil).{1,15}(dating|hookup).?(plattform|portal|(web)?sites?)/i
/sex.?dating.?(plattform|portal|(web)?sites?)/i

/unsere.{1,10}dating.?site/i

/seite ist.{1,10}kostenlos/i

/kostenlos auf unserer seite/i

# Dating free
# ------------------------------------------------------------------------------
/kostenlos.{1,10}diskret.{1,10}anonym/i

# Fotos
# ------------------------------------------------------------------------------
/bild von mir mitgeschickt/i
/bilder.{1,10}live ansehen/i

/meine (geilen|intimen|privaten).{1,10}(bilder|fotos)/i
/möchten.{1,15}(bilder|fotos) mit dir tauschen/iu

/neue.{1,10}(bilder|fotos) von.{5,25}sind live/i
/du hast.{1,10}neue (bilder|fotos) von.{5,25}erhalten/i

/(intimen|privaten).{1,10}(bilder|fotos).{1,10}(ansehen|von mir)/?
/geile private.{1,10}(bilder|fotos)/i

/versauten?.{1,10}(bilder|fotos)/i

# Girls, Women
# ------------------------------------------------------------------------------
/(finden|suchen) sie ein.{1,15}mädchen/iu
/geile (frauen|milf)/i

/frauen aus deiner.{1,10}(nähe|umgebung)/iu

/melde dich bei frauen/i

# Horny
# ------------------------------------------------------------------------------
/geilheit ausleben/i

# Man
# ------------------------------------------------------------------------------
/ich suche einen mann.{1,10}der nicht/i

# Message, Writing
# ------------------------------------------------------------------------------
/schreibe? mir hier/i
/schreibe? mir (auf|in) meinem.{1,10}profil/i
/schreibe? mir auf der web.?site/i
/schreiben sie mir.{1,10}(bitte hier|profil)/i

/besuchen sie mein.{1,10}profil/i
/ansehen.{1,10}was sie geschrieben hat/i
/jetzt kostenlos antworten/i

/nachricht von einer frau aus.{1,10}deiner/i

# Penis
# ------------------------------------------------------------------------------
/geilen.schwanz/i

# Profile
# ------------------------------------------------------------------------------
/(gehe zu|ihnen einen link).{1,10}zu meinem.{1,10}profil/i

/ich bin zufällig auf.{1,10}profil/iu
/klicke? hier.{1,10}um ihre.{1,10}profile?/i

/echte.{1,10}profile basierend auf/i
/ohne gefälschte profile/iu

/mein.{1,10}profil.{1,10}(dating.?seite|ist hier)/i
/mein.{1,10}profil.{1,10}dating.?web.?site/i
/mein.{1,10}profil.{1,10}wartet audf dich/i
/mein.{1,10}profil.{1,10}zuzugreifen.{1,10}mehr zu erfahren/i

/meinem (anonymen|geheimen).{1,10}profil/i

/profil.{1,10}erstellen.{1,10}antworten/i
/profil.{1,10}gehen.{1,10}mir dort schreiben/i
/profil.{1,10}schreiben sie mir/i
/profil.{1,10}auf unserer seite erstellt/i
/profil.{1,10}auf der dating.?seite/i

/sehen sie sich ihr.{1,10}profil an/i

# Singles
# ------------------------------------------------------------------------------
/lokale Singles zu treffen/i

# Website
# ------------------------------------------------------------------------------
/ich erwarte dich hier/i
/auf der web.?site warten/i

#
#
#

# Cum
# ------------------------------------------------------------------------------
/masturbieren.{1,10}spritzen/i

# Penis
# ------------------------------------------------------------------------------
/schwanz brauche/i

# Pussy
# ------------------------------------------------------------------------------
/muschi.{1,10}(leckst|lecken)/i
/(geile|feuchte|lieblings|saubere).{0,10}(fotze|möse|pussy)/iu

# Sex, Fuck
# ------------------------------------------------------------------------------
/(kostenlos|unkompliziert).{1,10}sex/i

/durchbumsen/i

/geile.?(stellungen|sex.?abenteuer)/i

/(fick|sex).?(fotze|kraft|seite|treffen)/i

/fuck-?buddies in der/i
/zum sex.?treffen/i
/sie brauchen sex/i

/sex.?treffen in ihrem/i
/nach sex suchen/i

/geilen (fick|orgasmus)/i
/geiles ficken/i

/ihr erotisches abenteuer/i

# Anal
/arsch eindringen/i
#
/geiles vorspiel/i

#
#
#

# Silly Phrases
# ------------------------------------------------------------------------------
/ich bin eine.{1,10}attraktive person/i

/richtig geil hart/i
/geile ficksau/i