# ==============================================================================
# Adult: Dating and Porn
#
# -> Add bad senders here: "_base_bad_sender_en.map"
#
# ----|----------------|
#  10 | English        |
# ==============================================================================

# Cams
# ------------------------------------------------------------------------------
/cam.?to.?cam/i

/sexy.cam.show/i

/(sex|webcam).?chat/i

# Chat
# ------------------------------------------------------------------------------
/alone.{1,15}wants to chat/i

/chat.{1,10}for free/i

/i wish to have.{1,10}chat/i

# Dating
# ------------------------------------------------------------------------------
/sexy?.?(dating|date)/i
/hot.?dates/i

# Dating Sites
# ------------------------------------------------------------------------------
/free.{1,10}adult.?dating/i

/dating.?site.{1,10}for free/i

/(adult|casual|german|sex).?dating.?(club|community|portal|site)/i
/german.{1,10}casual.?club/i
/social.?sex.?(club|community|portal|site)/i

/online.?casual.?dating/i

# Flirt
# ------------------------------------------------------------------------------

# Find
# ------------------------------------------------------------------------------
/seeking.{1,10}good mister/i

# Fotos
# ------------------------------------------------------------------------------
/her new photos here/i
/reply to you.{1,10}my photo attach/i

/pictures.{1,10}(my|of).{1,10}vagina/i

# Girls, Women
# ------------------------------------------------------------------------------
/women.{1,10}looking for love/i
/women.{1,10}waiting to meet/i

/(attractive|find|meet).{0,10}(russian|ukrainian).{0,10}(girl|women)/i

/(russian|ukrainian).?(beauties|beauty)/i

# Message, Writing
# ------------------------------------------------------------------------------

# MILF
# ------------------------------------------------------------------------------
/milf.{1,10}date/i
/single.{0,10}milf/i

# Penis
# ------------------------------------------------------------------------------

# Profile
# ------------------------------------------------------------------------------
/profile where they write to me/i

# Singles
# ------------------------------------------------------------------------------
/i am a single lady/i

#
#
#

# Blowjob, handjob
# ------------------------------------------------------------------------------

# Fuck
# ------------------------------------------------------------------------------

# Penis
# ------------------------------------------------------------------------------

# Pussy
# ------------------------------------------------------------------------------

# Sex, Fuck
# ------------------------------------------------------------------------------
/seex.?partner/i

/meet for sex/i
/want sex with you/i
/women want sex/i

#
#
#

# Silly Chitchat/Phrases
# ------------------------------------------------------------------------------
/i am a lovely girl/i
/i.?m a alone female/i

/horny.{0,10}adults?/i

/tiktok.?(18|plus)/i

#
#
#

# Unclassified
# ------------------------------------------------------------------------------
/love from your friend!/i

# Masked
# ------------------------------------------------------------------------------
