# ==============================================================================
# Adult: Dating and Porn
#
# -> Add bad senders here: "_base_bad_sender_de.map"
#
# ----|----------------|
# 10  | German         |
# ==============================================================================

# Intros
# ------------------------------------------------------------------------------
/ich lebe in.{1,20}ich bin.{1,10}jahre alt/i

#
#
#

# Chat
# ------------------------------------------------------------------------------
/chat ist kostenlos/i
/sex.?chat.mitglied/i

/jetzt chat mit/i

# Cams
# ------------------------------------------------------------------------------
/unsere.{1,10}live.?cams/i

/sexy.cam.show/i

# Dating
# ------------------------------------------------------------------------------
/date.{1,10}(treffen|vereinbaren)/i
/dating.{1,10}in deiner stadt/i

/beste online.?dating/i

/sex.dating.{0,10}club/i
/geiles.date/i
/privat.{1,10}intimes.{1,10}treffen/i

/online.?dating.?club/i
/(kostenlos|online).?sex.?dating/i

/ich möchte einen.{1,10}mann treffen/iu

/(direkt zum|jetzt ein|noch heute).{1,10}date/i

/suche nach einem.{1,10}dating/i

# Dating Sites
# ------------------------------------------------------------------------------
/(dating|hookup).?website.{1,10}(anschauen|bei mir|fortzusetzen|treffen)/i

/(beste|einziartige|intime|profil).{1,15}(dating|hookup).?(plattform|(web)?sites?)/i
/unsere.{1,10}dating.?site/i

/seite ist.{1,10}kostenlos/i

/kostenlos auf unserer seite/i

# Dating free
# ------------------------------------------------------------------------------
/kostenlos.{1,10}diskret.{1,10}anonym/i

# Fotos
# ------------------------------------------------------------------------------
/bilder.{1,10}live ansehen/i

/meine intimen.{1,10}(bilder|fotos)/i
/möchten.{1,15}(bilder|fotos) mit dir tauschen/iu

/neue bilder von.{5,25}sind live/i
/meine privaten bilder ansehen/?

# Girls, Women
# ------------------------------------------------------------------------------
/(finden|suchen) sie ein.{1,15}mädchen/iu
/geile frauen/i

# Horny
# ------------------------------------------------------------------------------
/geilheit ausleben/i

# Man
# ------------------------------------------------------------------------------
/ich suche einen mann.{1,10}der nicht/i

# Penis
# ------------------------------------------------------------------------------
/geilen.schwanz/i

# Profile
# ------------------------------------------------------------------------------
/(gehe zu|ihnen einen link).{1,10}zu meinem.{1,10}profil/i

/ich bin zufällig auf.{1,10}profil/iu
/klicke? hier.{1,10}um ihre.{1,10}profile?/i

/echte.{1,10}profile basierend auf/i
/ohne gefälschte profile/iu

/mein.{1,10}profil.{1,10}(dating.?seite|ist hier)/i
/mein.{1,10}profil.{1,10}dating.?web.?site/i
/mein.{1,10}profil.{1,10}wartet audf dich/i
/mein.{1,10}profil.{1,10}zuzugreifen.{1,10}mehr zu erfahren/i

/meinem anonymen.{1,10}profil/i

/profil.{1,10}gehen.{1,10}mir dort schreiben/i
/profil.{1,10}schreiben sie mir/i
/profil.{1,10}auf unserer seite erstellt/i

/sehen sie sich ihr.{1,10}profil an/i

# Message, Writing
# ------------------------------------------------------------------------------
/schreibe? mir hier/i
/schreibe? mir (auf|in) meinem.{1,10}profil/i
/schreibe? mir auf der web.?site/i
/schreiben sie mir.{1,10}(bitte hier|profil)/i

/besuchen sie mein.{1,10}profil/i
/ansehen.{1,10}was sie geschrieben hat/i
/jetzt kostenlos antworten/i

/nachricht von einer frau aus.{1,10}deiner/i

# Website
# ------------------------------------------------------------------------------
/ich erwarte dich hier/i
/auf der web.?site warten/i

#
#
#

# Penis
# ------------------------------------------------------------------------------
/schwanz brauche/i

# Pussy
# ------------------------------------------------------------------------------
/muschi.{1,10}(leckst|lecken)/i
/(lieblings|saubere).{0,10}pussy/i

# Sex, Fuck
# ------------------------------------------------------------------------------
/(kostenlos|unkompliziert).{1,10}sex/i

/durchbumsen/i

/geile.?(stellungen|sex.?abenteuer)/i

/(fick|sex).?(seite|treffen)/i

/fuck-?buddies in der/i
/zum sex.?treffen/i
/sie brauchen sex/i

/sex.?treffen in ihrem/i

# Anal
/arsch eindringen/i
#
/geiles vorspiel/i

#
#
#

# Silly Phrases
# ------------------------------------------------------------------------------
/ich bin eine.{1,10}attraktive person/i