# ==============================================================================
# Base: Phrases Subject
#
# ----|----------------|
# 10  | German         |
# ==============================================================================

# Attention, Important
# ------------------------------------------------------------------------------
/achtung.{1,10}offizielle mitteilung/i

/aufmerksamkeit.{1,10}erforderlich/i
/dringende.{1,10}wichtige.{1,15}(angelegenheit|benachrichtigung)/i
/dringend.{1,10}dringend/i

/dies ist sehr wichtig/i
/dies ist dringend.{1,10}antworten sie/i

/\[(video|wichtig)\]/i
/\[.{1,15}\].{1,10}neue Nachricht/i
/\[-.{1,15}-\]/i

/wichtig.{1,10}important/i
/wichtige.{1,10}dringende.{1,15}(angelegenheit|benachrichtigung)/i

/antwort erforderlich/i

# Sample: #7635349894-Nachricht
/\d{5,15}.?nachricht/i

# Sample: Neue Nachricht#2632667875
/(benachrichtigung|nachricht|postfach)#/i

/-:neue nachricht/i

/sofort öffnen/iu

/lesen sie diese e?.?mail/i

# Confidential
# ------------------------------------------------------------------------------

# Greetings
# ------------------------------------------------------------------------------
/guten tag.{1,10}mein lieber/i
/sehr geehrter? (frau|herr)/i
/sehr geehrter.{1,15}(empfänger|kunde)/iu

/sei gegrüßt.{1,10}mein geliebter/iu

/ich grüße sie/iu

/mein lieber freund/i
/mein name ist/i

/liebe empfänger/iu

/hallo von (frau|herr)/i
/hallo (geliebte|liebste|love)/i

/hallo.{1,10}guten tag/i
/hallo.{1,10}begünstigter/iu
/hallo.{1,10}wie geht es ihnen/i
/hallo.{1,20}@[a-z0-9].{4,15}\.(ch|de|org)/i

/mit freundlichen (grüssen?|grüßen?)/i

/komplimente der saison/i

# E-Mail active/correct
# ------------------------------------------------------------------------------
/ist.{1,10}ihre gültige e?.?mail/iu
/ist diese e?.?mail.?adresse noch aktiv/i

# Religious
# ------------------------------------------------------------------------------
/liebster? im herrn/i

/friede sei mit dir/i
/gott segne ihren tag/i

#
#
#

# Unclassified
# ------------------------------------------------------------------------------
/von fräulein/iu
/wir haben eine wichtige nachricht/i

# Masked
# ------------------------------------------------------------------------------

# Bad German
# ------------------------------------------------------------------------------
/vertraulichkeit/i
/finanzielle mitteilung/i
/letze achtung/i
/e?.?mail sie gut findet/i
/dringlichkeit.{1,10}aufmerksamkeit/i
