# ==============================================================================
# Base: Bad Phrases, Score level HIGH
#
# ----|----------------|
# 5.0 | German         |
# ==============================================================================

# Umlauts
# ------------------------------------------------------------------------------

# Masked
# ------------------------------------------------------------------------------

# Sample: info[at]event4free[dot]de
/info\[at\][a-z0-9]{4,15}\[dot\]de/i

# Videos
# ------------------------------------------------------------------------------

#
#
#

# A
# ------------------------------------------------------------------------------
/auszufullen/i

# B
# ------------------------------------------------------------------------------
/bestaetigen/i

# E
# ------------------------------------------------------------------------------
/eingeschraenkt/i

# G
# ------------------------------------------------------------------------------
/gebuehren/i
/gewinnbenachritigung/i
/gewahrleisten/i

# K
# ------------------------------------------------------------------------------
/koenigreich/i

#Z
# ------------------------------------------------------------------------------
/zahlung durchfuehren/i

#
#
#

# Bad german
# ------------------------------------------------------------------------------
/von.{1,10}der.schreibtisch.von/i