# ==============================================================================
# Base: Sender - Name
#
# ----|----------------|
#  10 | German         |
# ==============================================================================

# Fake Departments or Companies
# ------------------------------------------------------------------------------
/von.?google/i

/kundenservice.{0,5}team/i
/kunden.?(helpdesk|id)/i
/hilfezentrum.?id/i

#
#
#

# Casino, Gambling
# ------------------------------------------------------------------------------
/legal.spielen/i

# Stocks
# ------------------------------------------------------------------------------

# Winning, Lottery
# ------------------------------------------------------------------------------
/gewinn(er)?.?(informationen|spiel|team)/i

/(lotterie|lottery|millionen).?gewinner/i
/lotto.?rabatt/i

/euro.?million(en)?/i

/spanischen?.?(loteria|lotterie)/i

/rekord.?jackpot/i

#
#
#

# Unclassified
# ------------------------------------------------------------------------------
/(achtung|eilmeldung|lies.?jetzt|sofort öffnen|ungelesen)/iu

/antworte.{1,10}heute/?

/(aktuelle|neue|wichtige).{0,5}(mitteilung|nachricht)/i

/jetzt.{1,10}anmelden/i
/benachrichtigung/i
/(glückwunsch|präsident)/iu

/(frau|herr)/i
/anwälte von/iu

/nachricht von/i

/jetzt (informieren|probieren)/i

/wichtig/i

/wie man/i
/wir empfehlen/i

/höhle.?der.?löwen/iu

# Masked
# ------------------------------------------------------------------------------

# Bad German
# ------------------------------------------------------------------------------
/gluckwunsch/i
