# ==============================================================================
# Base: Phrases, Score level MEDIUM
#
# -> Use it also for words in bad german
#
# ----|----------------|
# 5.0 | German         |
# ==============================================================================

# A
# ------------------------------------------------------------------------------
/auszufullen/i

# B
# ------------------------------------------------------------------------------
/bestaetigen/i
/bestatigung/i

# D
# ------------------------------------------------------------------------------
/durchgefuehrt/i
/durchzufuhren/i

# E
# ------------------------------------------------------------------------------
/eingeschraenkt/i
/endgueltigen/i
/ermoglichen/i

# G
# ------------------------------------------------------------------------------
/gebuehren/i
/gewinnbenachritigung/i
/gewahrleisten/i
/gewaehrleistet/i

# H
# ------------------------------------------------------------------------------
/hoflich/i

# K
# ------------------------------------------------------------------------------
/koenigreich/i

# M
# ------------------------------------------------------------------------------
/madchen/i
/moglichkeit/i

# N
# ------------------------------------------------------------------------------
/nominierungsdaten/i
/nominierungsteam/i

# P
# ------------------------------------------------------------------------------
/persoenlichen/i

# S
# ------------------------------------------------------------------------------
/schaltflache/i

# T
# ------------------------------------------------------------------------------
/tatigen zu konnen/i

# U
# ------------------------------------------------------------------------------
/unerlasslich/i

# V
# ------------------------------------------------------------------------------
/vervollstandigen/i
/vervollstaendigung/i

# W
# ------------------------------------------------------------------------------
/wunderschones/i

# Z
# ------------------------------------------------------------------------------
/zahlung durchfuehren/i
/zu mussen/i
/zollgebuehr/i
