# ==============================================================================
# Base: Poorly and incorrectly formulated phrases
#
# ----|
# 1.1 |
# ----|----------------|
#  10 | German         |
# ==============================================================================

# Intros
# ------------------------------------------------------------------------------
/geht es dieser e?.?mail gut/i

/dieser?.{1,10}(brief|e?.?mail|nachricht).{1,10}erreicht (dich|sie) (bei|in).{1,15}(gesundheit|stimmung)/i
/dieser?.{1,10}(brief|e?.?mail|nachricht).{1,10}erreicht (dich|sie) wohlbehalten/i
/dieser?.{1,10}(brief|e?.?mail|nachricht).{1,10}findet (dich|sie) gut/i
/dieser?.{1,10}(brief|e?.?mail|nachricht).{1,10}bei guter gesundheit bei ihnen ankommt/i
/dieser?.{1,10}(brief|e?.?mail|nachricht).{1,10}gut (aufgenommen|empfangen) (wird|wurde)/i
/dieser?.{1,10}(brief|e?.?mail|nachricht).{1,10}in gutem zustand erhalten/i
/dieser?.{1,10}(brief|e?.?mail|nachricht).{1,10}kommt gut bei ihnen an/i

/dieser?.{1,10}(brief|e?.?mail|nachricht).{1,10}(dich|sie) (bei|in).{1,15}(gesundheit|stimmung)/i
/dieser?.{1,10}(brief|e?.?mail|nachricht).{1,10}(dich|sie) gut.{1,10}(erreicht|findet|trifft)/i
/dieser?.{1,10}(brief|e?.?mail|nachricht).{1,10}(dich|sie) in bester stimmung.{1,10}(erreicht|findet|trifft)/i
/dieser?.{1,10}(brief|e?.?mail|nachricht).{1,10}(dich|sie) in gutem zustand erreichen würde/iu
/dieser?.{1,10}(brief|e?.?mail|nachricht).{1,10}(dich|sie) in einem.{1,10}guten zustand.{1,10}(erreicht|findet|trifft)/i

/dieser?.{1,10}(brief|e?.?mail|nachricht).{1,10}wird (dich|sie) gut treffen/i
/dieser?.{1,10}(brief|e?.?mail|nachricht).{1,10}wird (dich|sie) (bei|in).{1,15}(gesundheit|stimmung) erreichen/i

/ihnen.{1,10}dieser?.{1,10}(e?.?mail|nachricht).{1,10}gut geht/i

/lesen sie nachrichten/i
/lies die nachricht/i

/sehr geehrter?.{1,10}(empfänger(in)?|freundlicher|nutzer)/i
/sehr geehrter herr.{1,5}frau/i

/sie diese nachricht genießen/i
/sie erreichen meine e.?mail gut/i

# Excuses and other silly stuff
# ------------------------------------------------------------------------------
/wir noch nie zuvor kontakt ausgetauscht haben/i

/jetzt (anmelden gehen|sofort eintragen)/i

# Greetings
# ------------------------------------------------------------------------------
/guten morgen.{1,10}ehrenwert/i

/grusse an dich/i
/grüße des tages an dich/iu

/komplimente? der jahreszeiten/i
/komplimente? des tages/i

/hallo.{1,10}ehrenwwert/i
/hallo.{1,10}ich hoffe alles gut mit dir/i
/hallo.{1,10}herr.{1,10}frau/i

/hier spricht herr/i
/mein göttlicher freund/iu
/mit angenehmen grüssen/iu

/sehr geehrter fahrer/i
/wie geht es ihnen.{1,10}das ist.{5,25}von/i

# EMails
# ------------------------------------------------------------------------------
/mir eine e?.?mail an meine persönliche e?.?mail/i

# Unsubscribe
# ------------------------------------------------------------------------------
/rücktritt vom empfang von nachrichten/iu

# Unclassified and extreme silly
# ------------------------------------------------------------------------------
/antworten sie auf den anspruch/i
/beschaffungsdienstleistungsunternehmen/i
/uberprufen/i

/aufrichtig.{1,10}202\d/i

# From a desk
/dem schreibtisch des vize/i
/offizielle mitteilung.{1,10}von sitz des/i

/von.{1,10}der schreibtisch von/i
/vom schreibtisch von herr/i

#
#
#

# Adult
# ------------------------------------------------------------------------------
/schön deutche/i

/(deutche|umgänglich|unschätzbar|treu|wurdiger).{1,10}(freund|herr|mann)/i
/(anständig|anziehend|liebenswürdig|liebvolle|munter|uneigennützig).{1,10}(freund|mädchen|mädel)/iu

/(attraktives|ein|freundliches|interessantes|romantisches).{1,15}madchen/i

/erwachsenen.?websites?/i
/grüße.{1,10}mein neuer freund/iu
/heimlicheaffaere/i
/ich mochte/i
/kontaktfreudig deutche/i
/riesige menge frauen/i

# Finance
# ------------------------------------------------------------------------------
/benötigen.{1,10}persönlichen.{1,10}unternehmen/i
/besicherte kredite/i
/investmentfinanzierungsberater/i
/persönlich darlehen/iu

# Health
# ------------------------------------------------------------------------------
/hautanhänger/i

# Make Money
# ------------------------------------------------------------------------------
/anmelden.{1,10}untersuchen/i
/beschleunigtes.{1,10}einkommen/i
/einkommen zu beschleunigen/i

/geldverdienprogramm/i
/geldverdiengeheimnis/i

/indexfonds/i
/kryptowahrungen/i

/verschlüsselungsgeld/i
/wohlstandsgenerierung/i

# Phishing
# ------------------------------------------------------------------------------
/aktualisieren sie ihre.{1,10}zahlungen/i

/gesperrte zahlung erhalten/i

/forderungen für konten/iu
/in erwartung einer lieferung/i
/klicken.{0,10}um ihr konto zu betreten/i
/sie auf die.{1,10}sicheren bereich/i

/wir mussen eine sepa.?zahlung/i
/wir schließen alle alten versionen/i

/zur begrüssung/iu

# Phishing - Account
# ------------------------------------------------------------------------------
/konto ist nicht konform/i

/aufgrund des begrenzten.{1,15}kontos/i
/dass unser system uns mitteilt/i
/klicken sie.{1,10}um das konto anzuzeigen/i

/ihr.{1,15}konto.{1,10}(einzulösen|verlieren)/i
/ihr.{1,15}konto.{1,15}in einem sicheren zustand zu versetzen/i

/mitteilung vor zugriffssperre/i
/unsere? kontoüberprüfungsprozesse?/i
/wieder.{1,10}identifizieren.{1,10}lieber/i

# Phishing - Banking
# ------------------------------------------------------------------------------
/aktivieren sie diesen vorgang/i
/aktivität in ihrem konto verdächtigt/iu
/anweisungen zur sicherheitsaktualisierung/i
/folge den schritten/i

/ihre sicherheit zu aktualisieren/i
/ihr.{1,10}securego.?verfahren/i

/sie diese mitteilung schließen/iu

/(photo|push).?tan.{1,10}verfahren/i

# Phishing - Hosting
# ------------------------------------------------------------------------------
/abgelaufen ist.{1,10}trotz unseres vorherigen besuchs/i

# Phishing - Parcel
# ------------------------------------------------------------------------------
/(paket|sendung).{1,10}auf der durchreise/i
/(paket|sendung).{1,10}hat den versandweg begonnen/i
/(paket|sendung).{1,10}zu wiederherstellen/i

/adressanderung fur/i
/bearbeiten sie ihre informationen/i
/bestellung.{1,10}wurde erfolgreich angeliefert/i
/bestatigen sie die zahlung/i
/besuchen sie den.{1,15}button/i

/ihre sendung (naht|sich nähert)/iu
/ihr profil nicht verloren geht/i

/lieferung.{1,10}(einsehen|des ausgesetzten pakets)/i
/liefern mein paket/i

/post.?dhl.?paket/i

/sendungsverfolgung.{1,10}sehen sie nach auf unserer web.?seite/i

/versand.?update/i
/zahlung der hauslieferungskosten/i

# Phishing - Police
# ------------------------------------------------------------------------------
/verbrechen der kinderpornographie/i

# Phishing - Rewards
# ------------------------------------------------------------------------------
/du wurdest auserwahlt/i
/sie wurden ausgewahlt/i

/einlöseplattform/iu
/einlöseportal/iu
/geschenkkartencode/i
/gewinnerdeklaration/i
/gluckwunsche/i
/maximalablauf/i

#
/aufrichtig.{1,10}paypal/i

# Sales
# ------------------------------------------------------------------------------
/lager ausblasen/i

# Scam
# ------------------------------------------------------------------------------
/ansprüchendaten/iu
/aufmerksamkeitsfonds/i
/aufmerksamkeit.?!/i

/familienerbfonds/i

/debitkarten.?prämie/iu
/dringende.{1,10}geschäftsmöglichkeit/iu

/entschädigungs.?lotterie.?preis/i
/entschädigungs.?(bankomat|geldautomaten).?karte/iu
/entschädigungs.?kommission/i
/erbschaftsübertragung/iu

/ich suche ihre dienste als partner/i
/ihr geld zu täuschen/iu
/ihnen ein geschäft verraten/iu

/kommen sie.{1,15}wir haben eine diskussion/i
/mit ihrem namen verknüpft ist/iu
/nachnamen angehängt/iu

/partnerschaftsinvestition/i
/unterabteilung fedpol/i
/übertragung genehmigter mittel/iu

/vertrauliches geschäftsabkommen/iu
/entschädigungskarte/iu

/wenden sie sich.{1,10}an meine e.?mail.?adresse/i

# Scam - Donation
# ------------------------------------------------------------------------------
/achtung.{1,10}gültiger kunde/iu
/antworten sie auf weitere einzelheiten/i

/begunstigter/i
/behauptung dieser spende zu/i

/ihre e?.?mail.{1,15}wurde mit.{1,25}euro ausgezeichnet/i

/sie ein spendenangebot/i
/sie mit ihren anspruchsdetails/i
/wir einen spendenvorschlag für sie erstellt/iu

/zufallsauswahlrad/i
/zuwendungsspende/i

# Virus and Malware
# ------------------------------------------------------------------------------
/virus in ihrem gerät/iu

# Website
# ------------------------------------------------------------------------------
/suchen sie website.?update/i

# Weightloss
# ------------------------------------------------------------------------------
/abnehmangebot/i
/gewichtsverlust.{1,10}produkt/i
/ohne diat/i
/schlankheits.{0,10}(dimension|gummis)/i

# Winning and Lottery
# ------------------------------------------------------------------------------
/auszahlungsabteilung/i
/benachrichtigung des preisgewinns/i
/gewinnende nummer/i
/gewinnspiel.?zentrale/i
/gluckwunsche/i

/ihre anmeldedaten wurden ausgewählt/iu

/preise auszeichnungen/i
/preis.?mitteilung.{1,10}abschliessende mitteilung/i

/senden sie mir eine antwort/i
/sie haben mit ihrer.{1,10}e?.?mail.?adresse.{1,10}gewonnen/i
