# ==============================================================================
# Base: Bad sender - Name
#
# ----|----------------|
#  10 | German         |
# ==============================================================================

# Unclassified
# ------------------------------------------------------------------------------
/(achtung|eilmeldung)/i
/(lies.?jetzt|ungelesen)/i
/sofort öffnen/i

/aktuelle.{0,5}nachrichten/i
/(glückwunsch|präsident)/iu

/(frau|herr)\s/i

/nachricht von/i

/jetzt informieren/i

/wie man/i
/wir empfehlen/i

/höhle.?der.?löwen/iu

# Fake Departments or Companies
# ------------------------------------------------------------------------------
/von.?google/i

/kundenservice.{0,5}team/i
/kunden.?helpdesk/i

#
#
#

# Casino, Gambling
# ------------------------------------------------------------------------------
/legal.spielen/i

# Finance
# ------------------------------------------------------------------------------
/(darlehen|kredit).{1,10}(anfrage|angebot)/i
/(darlehen|kredit).{1,10}(ohne|schufa)/i

/(kostenlos|schnell).{1,5}kredit/i

/schufa.?auskunft
/immobilienpreise/i

# Stocks
# ------------------------------------------------------------------------------

# Winning, Lottery
# ------------------------------------------------------------------------------
/gewinn(er)?.?(informationen|spiel|team)/i
/gewinn.?benachrichtigung/i

/(lotterie|lottery).?gewinner/i

/euro.?million(en)?/i
/millionen.?gewinner/i

/spanische.?lotterie/i

/rekord.?jackpot/i

# Virus, Malware
# ------------------------------------------------------------------------------
/verdächtige viren wurden entdeckt/iu
/sicherheitshinweis/i
/malware.?schutz/i

/(antivirus|av|mca?fee|norton).?warnung/i
/sicherheits.?alarm/i

# Products
/av 202\d.?warnung/i
/ihr mcafee.?abonnement.{1,10}ausgesetzt/i

#
#
#

# Bad German
# ------------------------------------------------------------------------------
/gluckwunsch/i
