# ==============================================================================
# Trigger: Domains
#
# -> This triggers these maps:
#    "_domain_trigger_domain.map"
#    "_domain_trigger_keyword_de.map"
#    "_domain_trigger_keyword_en.map"
#
# ----|
# 1.1 |
# ----|
# 0.5 |
# ==============================================================================

# These are quite often in use
# ------------------------------------------------------------------------------

# Amazon
/amazonaws\.com/i
/awstrack\.me/i

# Dropbox
/dl\.dropboxusercontent\.com/i
/dropbox.com/i

# Google
/docs.google\.com/i
/groups\.google\.com/i
/firebasestorage\.googleapis\.com/i
/storage\.googleapis\.com/i

#/www\.google\.com/i

# Twitter
/pbs\.twimg\.com/i
/t\.co\//i

# A
/app\.getresponse\.com/i

# B
/bit\.ly/i
/blogspot\.com/i
/buff\.ly/i

# C
/cloudfront\.net/i

# D
/docusign\.net/i

# F
/firebaseapp\.com/i

# G
/glitch\.me/i

# N
/netlify\.app/i

# S
/sendibm1\.com/i

# T
/tinyurl\.com/i
/link\.trustpilot\.com/i
