# ==============================================================================
# Domains
#
# ----|----------------|
#  10 | USA            |
# ==============================================================================

# 0
# ------------------------------------------------------------------------------
# -> Fake recepies
/go\.0h6\.com/i

# 1
# ------------------------------------------------------------------------------
/1wbb\.com/i

# A
# ------------------------------------------------------------------------------
/alexhh\.com/i

# B
# ------------------------------------------------------------------------------
/blogspot\.com/i

www\.bing\.com\/ck\/a\?!/i

# C
# ------------------------------------------------------------------------------
/cloudflare-ipfs\.com/i

# D
# ------------------------------------------------------------------------------
/app\.discordapp\.com/i

/dweb\.link/i

# F
# ------------------------------------------------------------------------------
/ipfs\.fleek\.co/i

/freepnglogos\.com/i

/freeimage\.host/i

# G
# ------------------------------------------------------------------------------

#/app\.getresponse\.com/i

# I
# ------------------------------------------------------------------------------
/ipfs\.io\/ipfs/i
/ipfs\.cf-ipfs\.com/i

/cf-ipfs\.com\/ipfs/i

# Image host, belongs to freeimage.host
/iili\.io/i

# L
# ------------------------------------------------------------------------------

# -> LinkedIn redirects
/linkedin\.com\/slink\?code=/i

/\.app\.link/i

# P
# ------------------------------------------------------------------------------
/page\.link/i
/pages\.dev/i

# R
# ------------------------------------------------------------------------------

# Dating
/rebrand\.ly/i

/\.r2\.dev\//i

# S
# ------------------------------------------------------------------------------
# -> Belongs to Omnisend
# ...in a way that complies with spam and privacy laws... HAHA!!
/soundestlink\.com/i

/substackcdn\.com/i

# T
# ------------------------------------------------------------------------------
# -> Dating
/tumblr\.com/i

# W
# ------------------------------------------------------------------------------
/blob\.core\.windows\.net/i

# Y
# ------------------------------------------------------------------------------
/cdn\.youface\.org/i

#
#
#

# Temporary
# ------------------------------------------------------------------------------
