# ==============================================================================
# Experimental Rules: Map Type "content" and Filter "oneline"
#
# ----|
#  10 |
# ==============================================================================

# Link only Mail
# ------------------------------------------------------------------------------

# Content-Transfer-Encoding: quoted-printable
#
# [https://alexhh.com/index.php/campaigns/qg1833ejjl34c/track-url/xp8885hxfz8=
# af/5e7dc60e64ea5561d826289c285ef84e0b4f3d36]
#
#
/content-transfer-encoding: quoted-printable.{2,10}https:\/\/[a-z]{5,15}\.com/index\.php/campaigns/i

# Companies
# ------------------------------------------------------------------------------
/pelema.pte.{1,5}ltd/i
/time.travel.promotion.lp/i

# Domains
# ------------------------------------------------------------------------------
# Poland
/crossmail\.net\.pl/i

# 05.08.23
/top2ms\.com/i

# Facebook
/scontent-.{4,6}\.xx\.fbcdn\.net/i

# Phrases which other maps are not able to catch
# ------------------------------------------------------------------------------
/schlankheits?.?gummis/iu
/ihr.{1,10}system wurde mit.{1,10}viren infiziert/i
/ihre antwort genügt.{1,10}wir senden sofort zu ihnen/iu
/premium.box.gmbh/i

# ==============================================================================
