# ==============================================================================
# Finance: Loans, Lending, Invest...
#
# -> Add bad senders here: "_base_bad_sender_en.map"
#
# ----|----------------|
#  10 | English        |
# ==============================================================================

# Intros
# ------------------------------------------------------------------------------
/we are.{1,15}(financial|investment).{1,10}(advisors|company|consultant|institution)/i
/we are.{1,10}(financial|investment).{1,10}consulting company/i

/we are.{1,10}first.?class.{1,10}financial.{1,10}institution/i
/we are.{1,20}based investment company/i
/we are.{1,15}(europe|kuwait).{1,10}based.{1,10}(asset|financial|investment)/i

/we are.{1,15}debt.{1,15}funding/i
/we are.{1,10}independent.{1,10}financial/i
/we are.{1,10}international.{1,10}finance.{1,10}institute/i

/investment.?company offering.{1,10}funding/i

/i represent a.{1,10}group of.{1,15}(lenders|investors)/i
/is acting as.{1,10}lender/i

# Approval
# ------------------------------------------------------------------------------
/qualified for a.{1,10}business.{1,10}loan/i

/your (business|company).{1,15}has been pre.?(approved|qualified)/i

# Loans
# ------------------------------------------------------------------------------
/loans?.{1,10}apply/i
/loans?.{1,10}for your.{1,10}(business|personal)/i
/loans?.{1,10}small.{1,10}medium business(es)/i
/loans?.{1,10}your needs/i
/loans?.{1,10}options.{1,15}feel free to contact/i
/loans?.{1,10}offer at.{1,10}interest rate/i
/loans?.{1,10}we offer competitive/
/loans?.{1,10}unsecured.{1,15}funding/i

/exclusives?.loans?/i

/get.{1,10}affordable loan/i

/my company provides.{1,15}loans/i

/we (are offering|give|issuing|offer|offering|provide).{1,15}loans?.{1,10}all purposes/i
/we (are offering|give|issuing|offer|offering|provide).{1,15}loans?.{1,10}at.{1,10}interest/i
/we (are offering|give|issuing|offer|offering|provide).{1,15}loans?.{1,10}(acquisition|contact|funding|projects)/i
/we (are offering|give|issuing|offer|offering|provide).{1,15}loans?.{1,10}to/i
/we (are offering|give|issuing|offer|offering|provide).{1,10}loans?.{1,10}as debt/i

/we (are offering|give|issuing|offer|offering|provide).{1,15}(debt|financing).{1,10}loans/i
/we (are offering|give|issuing|offer|offering|provide).{1,15}(business|corporate|home|personal).{1,15}loans?/i
/we (are offering|give|issuing|offer|offering|provide).{1,15}(all kinds|various types) of.{1,15}loans?/i
/we.(are offering|give|issuing|offer|offering|provide).{1,15}unbeatable.{1,10}loan/i

/we are giving.{1,15}loan grants/i

/we are.{1,15}loan brokers?/i
/we are.{1,15}issuing.{1,10}business.{1,10}personal.{1,10}loans/i
/we are.{1,10}currently offering.{1,10}loans?/i
/we are.{1,10}offering.{1,10}loans?/i

/we grant loans/i

/you can apply for.{1,10}loan/i
/you be interested.{1,10}loan/i
/you looking for.{1,15}loans?/i
/you need.{1,10}loan.{1,10}(for|from|if yes|to)/i
/you (need|require).{1,10}(personal|urgent).{1,10}loan/i

/business loans?.{1,10}investment.{1,10}loans?/i
/business loans?.{1,10}for any purpose/i

/personal loans?.{1,10}business.{1,10}loans?/i

/quick.{1,10}fast loans?/i

/our loan.{1,10}(acquisition|funding|investment|programme)/i

/our company.{1,10}offers.{1,10}competitive.{1,15}loans/i

/apply for.{1,10}(business|personal).{1,10}loans?/i

/offers.{1,10}corporate.{1,10}personal.{1,10}loans/i

/in need of.{1,10}loan.{1,15}(if yes|e?.?mail back)/i

#
/investment company offering.{1,20}(corporate|personal|unsecured).{1,10}loans?/i
/leading.{1,10}institution.{1,10}(corporate|personal|unsecured).{1,10}loans/i

# Financing, Investing
# ------------------------------------------------------------------------------
/we .{1,10}(give|issuing|offer|offering|provide).{1,10}financing/i

/we.{1,10}(give|issuing|offer|offering|provide).{1,15}business.{1,10}personal.{1,15}financing?/i
/we.{1,10}(give|issuing|offer|offering|provide).{1,10}personal.{1,10}business.{1,10}financial/i
/we.{1,10}(give|issuing|offer|offering|provide).{1,10}independent.{1,10}financial/i
/we.{1,10}(give|issuing|offer|offering|provide).{1,10}independent.{1,10}funding/i
/we.{1,10}(give|issuing|offer|offering|provide).{1,20}(financial|strategic) advisory services/i

/we are.{1,10}seeking to finance/i
/we are.{1,10}high profile investors/i
/we are.{1,10}willing.{1,10}(give|issuing|offer|offering|provide).{1,10}financing/i

/we have a team.{1,15}investors/i
/we specialise in investments/i

/we can provide.{1,10}funding/i
/we provide.{1,15}assistance.{1,10}at a low/i

/funding.{1,10}for your business in/i
/funding.{1,10}program.{1,15}do not hesitate/i

/grant you financing.{1,10}\d{2,3}.{0.5}\d{2,3}.{1,10}(euro|gbp|usd)/i

/our financial project.{1,10}business financing/i
/our company.{1,25}has.{1,10}funds available/i
/our company.{1,25}offers financial.{1,10}service/i

/you in.{1,10}request.{1,10}investment/i
/you need.{1,10}financial.{1,10}assistance/i
/you.{1,15}(currently|seeking).{1,15}financing/i

/your company needs?.{1,10}funding/i

# Forms
# ------------------------------------------------------------------------------

# Funding
# ------------------------------------------------------------------------------
/help you provide.{1,10}funds/i
/capable.{1,10}funding your project/i

/you are looking for.{1,10}funds/i

# Debt relief
# ------------------------------------------------------------------------------
/we are.{1,15}offering debt relief/i

# Mortgage
# ------------------------------------------------------------------------------
/final notice.{1,15}your.{1,15}mortgage/i

# Credit Card
# ------------------------------------------------------------------------------
/qualify without impacting.{1,10}credit.?score/i
/qualify for.{1,15}credit limit today/i

#
#
#

# Unclassified
# ------------------------------------------------------------------------------
/your (business|company).{1,10}is.{1,15}(pre)?.?approved.{1,10}up to/i
/your (business|company).{1,10}growth through funding/i

/partnering with us.{1,15}your financial/i

# Masked
# ------------------------------------------------------------------------------
/lọan/i
