# ==============================================================================
# Finance: Subject
#
# ----|----------------|
#  10 | English        |
# ==============================================================================

# Loans
# ------------------------------------------------------------------------------
/(finance|investment|loans?).{1,10}(apply|funding|offer|opportunities|opportunity|reduced)/i

/loans?.{1,10}(finance|financing|limited|low interest|service)/i
/loans?.{1,10}project.{1,10}(finance|financing)/i

/(business|cash|easy|exclusive|fast|guaranteed|low rate|office|projects|quick|reliable|reputable|turbo).{1,10}loans?/i

/need a loan/i
/you need.{1,10}loans?/i

/various types.{1,10}(finance|funding|loans?)/i
/we are open.{1,10}(finance|loans?)/i
/we (offer|provide).{1,10}(finance|funding|loans?)/i

/apply for.{1,10}loan now/i

/you need cash/i

# Financing
# ------------------------------------------------------------------------------
/(business|debt).{1,10}project.{1,10}financing/i

/need financial support/i
/your business.{1,10}funding/i
/you in search.{1,10}financial/i

/(easy|fast).{1,10}funding/i

/funding opportunity/i
/funding for your.{1,15}(business|projects)/i
/we can help (finance|financing)/i

/financing.{1,10}loan/i

# Credit Card
# ------------------------------------------------------------------------------
/qualify for.{1,15}credit limit today/i

# Mortgage
# ------------------------------------------------------------------------------

# Silly Stuff
# ------------------------------------------------------------------------------
/financing made easy/i
/financial enlightenment/i

#
#
#

# Unclassified
# ------------------------------------------------------------------------------
/check your.{1,10}score today/i

# Masked
# ------------------------------------------------------------------------------

#
#
#

# Dutch
# ------------------------------------------------------------------------------
/lening informatie/i
