# ==============================================================================
# Health: Anything
#
# -> Add bad senders here: "_health_sender_en.map"
#
# ----|----------------|
#  10 | English        |
# ==============================================================================

# Masked
# ------------------------------------------------------------------------------
/beste?pills/i

#
#
#

# Anti Aging
# ------------------------------------------------------------------------------
/anti.?aging.?(formula|hack)/i

# Bladder
# ------------------------------------------------------------------------------
/stops bladder leakage/i

# Detox, Patch
# ------------------------------------------------------------------------------

# Fungus
# ------------------------------------------------------------------------------
/fix toe.?nail.?fungus/i
/stop suffering from toe.?nail/i

# Heart, Blood pressure
# ------------------------------------------------------------------------------
/ritual.{1,10}lowers.{1,10}blood.?sugar/i
/toe.?nail.?fungus now/i

# Prostatitis
# ------------------------------------------------------------------------------

# Snorring
# ------------------------------------------------------------------------------

# Tinnitus
# ------------------------------------------------------------------------------
/tinnitus.{1,10}cure banned/i
/tinnitus.{1,10}reversing method/i

/reverse.{1,10}tinnitus with this/i

/breakthrough.{1,10}tinnitus/i

/get rid of.{1,10}tinnitus/i

#
#
#

# Miracle, Breaktrough, Secrets, Videos
# ------------------------------------------------------------------------------
/check out this.{1,10}eye.?opening.{1,10}video/i

/fight.{1,10}ringing ears/i

/incredible secret recipe/i

/eat.{1,10}this incredible.{1,10}superfood/i
/uncover.{1,10}remarkable tale/i

/this.{1,10}breakthrough discovery/i
/this.{1,10}(minute|second).{1,10}(method|ritual)/i
