# ==============================================================================
# Health: Bad sender
#
# ----|----------------|
#  10 | English        |
# ==============================================================================

# Pharmacy
# ------------------------------------------------------------------------------

# Men
# ------------------------------------------------------------------------------
/libido/i

/erectile/i

/buried.penis/iu

/enhancement.?solution/i
/male.?enhancement/i
/penis.?ritual/i

# Weightloss
# ------------------------------------------------------------------------------
/big.?belly/i
/fat.?burn/i

/keto/i
/power.?shape/i

/gummies.?diet/i
/slimming.?gummies/i

/weight.?loss/i
/lose.{1,10}weight/i

#
#
#

# Everything else
# ==============================================================================

# Alcohol
# ------------------------------------------------------------------------------

# Alzheimer, Dementia
# ------------------------------------------------------------------------------
/alzheimer.{1,10}test/i
/brain.cell/i
/memory.?loss/i

# Anti Aging
# ------------------------------------------------------------------------------
/anti.?aging.?(formula|hack)/i

# Constipation
# ------------------------------------------------------------------------------
/constipation/i
/cleansing.?pads/i

# Detox, Patch
# ------------------------------------------------------------------------------
/nuubu.{1,10}(detox|foot|health|pads)/i

# Diabetes
# ------------------------------------------------------------------------------
/diabetes/i

/blood.?sugar/i

# Eye sight
# ------------------------------------------------------------------------------

# Fungus
# ------------------------------------------------------------------------------
/anti.fung(al|us)/i
/nail.fungus/i
/toe.?nails/i

# Hair growth
# ------------------------------------------------------------------------------

# Hallux
# ------------------------------------------------------------------------------
/hallux.?valgus/iu
/hallux/i

# Hearing
# ------------------------------------------------------------------------------
/hearing.aid/i

# Heart, Blood pressure
# ------------------------------------------------------------------------------

# Herpes
# ------------------------------------------------------------------------------
/remove.herpes/i

# Hips
# ------------------------------------------------------------------------------
/your.?pelvis/i

# Patches
# ------------------------------------------------------------------------------

# Prostatitis
# ------------------------------------------------------------------------------

# Tinitus
# ------------------------------------------------------------------------------
/ear.ringing/i
/ringing.ears/i

#
#
#

# Product names
# ------------------------------------------------------------------------------
/alkotox/i
/cardione/i
/circulaxil/i
/liba/i
/suromexil/i
/prostadine/i
/varilux/i
/viarecta/i