# ==============================================================================
# Health: Subject
#
# ----|----------------|
#  10 | English        |
# ==============================================================================

# Masked
# ------------------------------------------------------------------------------
/m-a-l-e/i

#
#
#

# Diabetes
# ------------------------------------------------------------------------------
/(plant.?based|solution).{1,15}for.{1,15}diabetes/i
/truth about.{1,10}diabetes/i

# Fungus
# ------------------------------------------------------------------------------
/(nail|toe).?fungus.{1,15}(gets|worse)/i

/fix.{1,10}(nail|toe).?fungus/i

# Penis Enlargement
# ------------------------------------------------------------------------------
/(girth|your).{1,20}penis/i
/member growth secret/i

/big.?size/i

/enhancement.?gummies/i

# Weightloss
# ------------------------------------------------------------------------------
/gummy that will help/i

/lose.{1,10}belly.?fat/i

/boost (fat|weight).?loss/i

/melts 1lb per day/i
/keto.{1,10}air.?fryer/i

/second.{1,10}fat.?burning/i

# Heart, blood pressure
# ------------------------------------------------------------------------------

# Tinnitus
# ------------------------------------------------------------------------------
/end your ear ringing/i
/eliminate.{1,10}tinnitus.{1,10}overnight/i

# Miracle, Breaktrough, Secrets, Videos
# ------------------------------------------------------------------------------
/ancient.{1,10}(jungle hack|self.?healing)/i

/minute miracle stretch/i
/morning trick/i
/secret ingredient/i

/this crazy remedy/i
/this simple stretch/i