# ==============================================================================
# Make Money: Anything
#
# -> Add bad senders here: "_base_bad_sender_de.map"
#
# ----|----------------|
#  10 | German         |
# ==============================================================================

# Make Money
# ------------------------------------------------------------------------------
/du erhältst.{1,10}pro tag.{1,10}und das.{1,10}tage im jahr/iu

/verdienen sie garantierte.{1,10}(\d{3,4}|euro?).{1,10}in.{1,15}stunden/i

/ermöglicht es.{1,15}mehrere tausend.{1,10}zu verdienen/i
/einkommen ab.{1,10}euro? pro tag/i
/einnahmen auf vollautomatische weise/i

/euro? pro tag.{1,10}garantiertes einkommen/i

/jeden tag.{1,15}(\d{3,4}|euro?).{1,10}verdienen/i

/(benutzer|/bis zu|sie).{1,15}(\d{3,4}|euro?).{1,10}pro tag verdienen/i

/zu verdienen.{1,10}klicken sie hier/i

/verdienen sie.{1,15}(\d{3,4}|euro).{1,15}wöchentlich/iu
/(täglich|wöchentlich).{1,15}(\d{3,4}|euro?).{1,15}verdienen/iu

/menschen.{1,10}leichtes geld verdienen/i

/monatlicher profit von.{1,15}(\d{3,4}|euro).{1,15}möglich/i

/erfahren sie.{1,10}wohlstand/i
/erfahren sie.{1,10}wie tägliche gewinne/iu

/profitieren.{1,10}ihr vermögen steigern/iu

/geld zu verdienen.{1,10}mit einem.{1,15}(gewinn|profit)/i
/geld zu verdienen.{1,10}täglich können sie/i

/vermehren sie ihr geld/i

# Fake stories
# ------------------------------------------------------------------------------
/(als|schaffte).{5.20}euro pro (tag|woche) zu verdienen/i
/eine geheime investition/i

/familien beim geldverdienen zu helfen/i

/zu helfen.{1,10}geld zu verdienen/i

# Getting rich
# ------------------------------------------------------------------------------
/(achtung|info(rmation)?|wichtig).{1,10}so werden.{1,10}sie reich/i
/(achtung|info(rmation)?|wichtig).{1,10}(jetzt finaziell|reich durch)/i
/(achtung|info(rmation)?|wichtig).{1,15}(wohlhabend|reich) werden/i

/(funktioniert|methode|wichtig).{1,25}reich werden/i

(garantiert|jetzt|ohne scam).{1,20}reich werden/i

/erwerben sie vermögen/iu
/so werden.{1,10}sie reich/i
/(garantiert|ohne scam).{1,20}reich werden/i

/gigantische gewinne erwarten sie/i
/jeden innerhalb von.{1,10}monaten zum millionär/iu

# Income
# ------------------------------------------------------------------------------
/konzept.{1,20}einnahmen ermöglich/iu

/(legal|seriös).{1,10}ihr einkommen zu steigern/i

/einkommen.{1,15}\d{3,4}.{1,15}pro woche zu erzielen/i

/werden ihre.{1,10}einnahmen explodieren/i

/bauen sie ein.{1,10}einkommen auf/i

/erfahren sie.{1,10}wie sie ihr.{1,10}einkommen/i
/eine feste einkommensquelle sofort/i

/sichere einkommensgenerierung/i

# Income passive
# ------------------------------------------------------------------------------
/(erwirtschaften|erzielen|generieren|verdienen) sie.{1,10}passives.{1,10}(gehalt|einkommen)/i

/passives einkommen aufzubauen/i
/passives geld verdienen/i

/welt.{1,10}passiven einkommens/i

# Investing
# ------------------------------------------------------------------------------
/investieren sie.{1,10}und erhalten sie.{1,15}zurück/i
/investition garantierte.{1,10}gewinne/i
/investieren?.{1,10}täglich.{1,10}gewinn/i

/(bahnbrechende|einzigartige|freigegebene).{1,10}anlagechance/i
/(bahnbrechende|einzigartige|freigegebene).{1,10}(anlage|investment).?produkt/i

/exklusive finanzierungsmodell/i
/meister der investition/i

/unsere.{1,10}investmentfonds ermöglichen/iu
/ohne vorwissen ins investieren/i

# Promises
# ------------------------------------------------------------------------------
/wenigen minuten pro woche ein.{1,10}vermögen/i
/werden ihre erträge explodieren/iu

/monat(en)?.{1,10}in einen millionär verwandeln/iu

# Systems
# ------------------------------------------------------------------------------
/mit diesem.{1,10}bahnbrechenden system/i

/(anwendung|app|system).{1,10}werden reich/i
/(anwendung|app|system).{1,10}die täglich.{1,15}\d{3,4}.{1,15}generiert/i
/(anwendung|app|system).{1,10}revolutioniert den markt/i
/(anwendung|app|system).{1,10}finanzielle freiheit zu erreichen/i
/(anwendung|app|system).{1,10}erleben sie eine signifikante/i

/bahnbrechenden system.{1,10}profitieren/i

/innovativen.{1,10}(handels.?plattform|trading.?system)/i

/(brandaktuelle|revolutionäre).{1,10}einnahmequelle/i
/(brandaktuelle|revolutionäre).{1,10}anlage.?(methode|verfahren)/iu
/(brandaktuelle|revolutionäre).{1,10}kapital.?anlage.?konzept/iu
/brandneu.{1,10}vermögensaufbau/i

/geführte.{1,10}trading.?plattform/i

/frisch erfundenes.{1,10}investitions.?verfahren/i

/revolutionäres.{1,10}Kalkulationsmodell/iu
/avantgardistische.{1,10}vermögensaufbau.?strategie/i

/(geld|kapital)anlagemethode/i
/(geld|kapital)investitionsmethode/i

/programm zum automatischen handel/i

/vermögensaufbau.?methode/i

/money.?making.{1,10}strategies aus/i

/erfahren sie.{1,10}wie.{1,10}tägliche gewinne/iu

/unsere revolutionäre.{1,10}mittels/i

# Starting
# ------------------------------------------------------------------------------
/starten sie mit 250 euro?/i
/startkapital von 250 euro?/i

/anfang mit.{1,10}250 euro? investition/i
/minimal 250 euro?.{1,10}einstiegskapital/i
/250 euro?.{1,10}(als startkapital|zum erfolg)/i
/250 euro?.{1,10}mindesteinlage eröffnen wir/i

# Trading
# ------------------------------------------------------------------------------

# Work from Home
/einkommen von zu hause aus/i
# ------------------------------------------------------------------------------
/euro pro tag.{1,15}von zu hause aus/i

#
#
#

# Fake stories
# ------------------------------------------------------------------------------
/geschafft haben tägliche profite.{1,10}generieren/iu
/deutsche menschen.{1,10}(reich|wohlhabend).{1,10}werden/i

/menschen in deutschland reich zu machen/i
/menschen zu helfen.{1,10}(reich|wohlhabend).{1,10}werden/i

/methode.{1,10}wie.{1,20}menschen.{1,10}(reich|wohlhabend).{1,10}werden/i
/methode.{1,10}wird in einfachen schritten/i

/entdecken sie geheime enthüllungen/iu

/noch nie so.{1,20}(viel|einfach).{1,20}verdient/i

# Fake website goes down
# ------------------------------------------------------------------------------
/webseite.{1,10}ist in wenigen stunden wieder offline/i
/angebot.{1,10}solange es noch online ist/i

#
#
#

# Unclassified
# ------------------------------------------------------------------------------
/musk.{1,10}(inspirierend|inspirierte).{1,10}(figur|innovationen)/i
/musk.{1,15}(motivationsikone|motivierendes vorbild|unternehmerischer exzellenz)/i

/inspiriert von.{1,10}musk/i
/ihren.{1,10}finanziellen durchbruch/i

/unseren spezial.?fonds/i

# Masked
# ------------------------------------------------------------------------------

# Bad german
# ------------------------------------------------------------------------------
/anmelden.{1,10}untersuchen/i
/beschleunigtes.{1,10}einkommen/i

/geldverdienprogramm/i
/geldverdiengeheimnis/i

/einkommen zu beschleunigen/i

/wohlstandsgenerierung/i
