# ==============================================================================
# Make Money: Bad sender
#
# ----|----------------|
#  10 | German         |
# ==============================================================================

# Crypto
# ------------------------------------------------------------------------------
/(bitcoin|crypto|krypto).?(beratung|berater|bricht|bulletin)/i
/(bitcoin|crypto|krypto).?(einblick|experte)/i
/(bitcoin|crypto|krypto).?(geld|gewinner|gratis|handel|händler)/i
/(bitcoin|crypto|krypto).?(nachrichten|preis|tipps?|vorteile?|währung(en)?welle)/iu

/smarte?.?krypto/i

/krypto.?währung(en)?/i

/kaufen.{1,10}teuer.{1,10}verkaufen/i

# ETF (Exchange Traded Funds)
# ------------------------------------------------------------------------------
/etf.?(beratung|dividende|kenner|news)/i
/beratung.?etf/i

# Getting rich
# ------------------------------------------------------------------------------
/reich.?werden/i

# Income
# ------------------------------------------------------------------------------
/(passives|zusatz).?einkommen/i

# KI
# ------------------------------------------------------------------------------
/ki.?(aktien|news)/i

# Make Money
# ------------------------------------------------------------------------------
/investition/i
/investo(en)?.update/i
/(bank(en)?|investment).?(beratung|berater|call.?center|fonds?)/i

/geld (strategien|verdienen)/i

/lukrative.gelegenheit/i
/ihr investment/i
/ihre rendite/i

/(bankanlage|grund.?einkommen|reichtum)/i

/(dividenden|ihre) auszahlung/i

/reich.{1,10}sein/i

/alpen.?invest/i

#
/bundes.?nachrichten/i
/n24.?news/i

# Trading
# ------------------------------------------------------------------------------
/forex.?(broker|handel)/i

#
#
#

# Unclassified
# ------------------------------------------------------------------------------
/ard.?empfehlung/i
/dax.?news/i

/banken.?newsletter/i

/dividenden.?(aus)?zahlung/i
/finanzinstrumente/i
/insider.?handel/i
/(etf|investment).?tricks/i

# Masked
# ------------------------------------------------------------------------------
