# ==============================================================================
# Phishing: Anything
#
# ----|----------------|
#  10 | English        |
# ==============================================================================

# Fake Bookings
# ------------------------------------------------------------------------------
/private trip.{1,10}single occupancy rooms needed/i

/offer us accommodation for.{1,10}guests/i

#
#
#

# Court
# ------------------------------------------------------------------------------
/important notification has been issued in this.{1,10}e?.?mail/i

# Domain Registration
# ------------------------------------------------------------------------------
/this e?.?mail is from china.{1,10}intellectual property office/i

/chinese brand name some domain/i

# Failed Payment
# ------------------------------------------------------------------------------
/dear customer.{1,10}we noticed that your.{1,15}payment method/i

# Subscriptions
# ------------------------------------------------------------------------------
/dear customer.{1,10}your membership has expired/i
/reminder.{1,10}update your payment details/i

# Fake human resource department
# ------------------------------------------------------------------------------
/hr department is releasing the annual/i

# Messages
# ------------------------------------------------------------------------------
/this is a secure.{1,10}encrypted message/i

#
#
#

# Games
# ==============================================================================
/your illuvials for free/i

#
#
#

# Companies, Government
# ==============================================================================

# Hetzner
# ------------------------------------------------------------------------------
/hetzner.{1,10}dear customer/i

# Netflix
# ------------------------------------------------------------------------------
/add a payment.{1,10}start streaming/i
/payment information.{1,10}you can.{1,10}streaming/i

# WeTransfer
# ------------------------------------------------------------------------------

#
#
#

# Unclassified
# ------------------------------------------------------------------------------
/urgent.{1,10}wallet maintenance/i

# Masked
# ------------------------------------------------------------------------------

#
#
#

# FRENCH
# ------------------------------------------------------------------------------
/votre portefeuille bitcoin/i
