# ==============================================================================
# Phishing: Anything
#
# -> Add bad senders here: "_phishing_sender_en.map"
#
# ----|----------------|
#  10 | English        |
# ==============================================================================

# Fake orders
# ------------------------------------------------------------------------------
/attached our purchase order.{1,20}kindly review/i
/find enclosed herewith.{1,10}rfq.?inquiry/i
/i need your.{1,10}assistance in the purchase of/i

/my invitation.{1,10}you can give.{1,10}the best prices/i

/urgently.{1,15}review attached order/i

# Catalog
/your company.{1,10}(brochure|catalog).{1,10}for our reference/i
/your company.{1,10}(brochure|catalog).{1,10}pricing information/i
/your company.{1,10}product.{1,10}(brochure|catalog).{1,10}prices?/i

/your catalogue.{1,10}quotation/i

/attached rfq inquiry.{1,10}send us your pricing/i
/catalog price list.{1,10}payment method/i
/provide us with.{1,10}(brochure|catalog).{1,10}of your products/i
/pi for.{1,10}attached po/i

# Price List
/send price.?list.{1,10}products.?pictures via/i

/you have.{1,10}companies interested in your product/i
/your latest catalog.{1,10}web.?site link/i

# Products
/your website.{1,10}our company.{1,10}interested in your products/i

#
/your.{1,10}company{1,10}register as potential suppliers?/i

# Employees performance
/(e?.?mail|message) is.{1,10}intended.{1,10}share your performance feedback/i
/(e?.?mail|message) is.{1,10}intended.{1,10}provide an evaluation/i
/(e?.?mail|message) is.{1,10}convey your performance/i
/(e?.?mail|message) serves.{1,10}review of your performance/i

/provide feedback.{1,10}your recent performance/i

/use the below excel link to check/i

#
#
#

# Cloud storage
# ------------------------------------------------------------------------------

#
#
#

# Mail, WebMail
# ------------------------------------------------------------------------------
/verify your account.{1,10}switch to the new version/i

/your.{1,10}e?.?mail immediately.{1,10}incoming messages will be withheld/i

/e?.?mail.update.{1,10}latest version/i

/authentication here.{1,10}retrieve.{1,10}e?.?mails?/i

/click below to continue with.{1,10}mail.?box/i

/release.{1,10}view message.{1,10}contents/i

/authentication.{1,10}retrieve.{1,10}undelivered.{1,10}e?.?mails?/i

# Delivery problems
/delivery for pending e?.?mails here/i

/restrained from delivering to your.{1,10}mail.?box/i

/you have.{1,10}pending messages on.{1,10}(imap|pop)/i

/not.{1,20}delivered to your mail.?box/i
/messages were sent to you.{1,10}but were not.{1,20}delivered/i

# Pending
/(pending|receive).{1,15}messages.{1,10}avoid termination of your.{1,10}account/i

/you have.{1,15}pending.{1,10}messages.{1,10}due.{1,15}error/i
/you have.{1,15}pending.{1,10}messages.{1,10}that could not be sent/i
/you have.{1,15}suspended.{1,10}incoming.{1,10}message/i

/you have.{1,10}undelivered messages for/i

/your incoming.{1,10}(e?.?mails|messages).{1,10}temporarily suspended/i
/Your incoming.{1,10}(e?.?mails|messages).{1,10}have been placed on hold/i

/will be barred from.{1,10}(receiving|sending).{1,15}e?.?mail/i

# Rejected
/could not be delivered to.{1,10}inbox/i
/rejected the delivery.{1,10}incoming.{1,10}e?.?mails to you/i

# Surveys
# ------------------------------------------------------------------------------
/survey.{1,10}you will receive a.{1,10}gift/i
/survey.{1,10}get a free gift/i

/complete our survey.{1,10}receive.{1,10}free/i
/special offer.{1,15}complete our.{1,15}marketing.{1,10}survey/i

/you need to do.{1,10}complete.{1,10}quick online.{1,10}survey/i

# Winning, Free stuff, Surveys
# ------------------------------------------------------------------------------
/gift.?card.{1,10}opportunity/i

# Winning, Products
# ------------------------------------------------------------------------------

# Failed Payment
# ------------------------------------------------------------------------------

# Domains
# ------------------------------------------------------------------------------

#
#
#

# Companies, Government
# ==============================================================================

#
#
#

# FRENCH
# ------------------------------------------------------------------------------
/votre portefeuille bitcoin/i
