# ==============================================================================
# Phishing: Related to Hosting and EMail
#
# -> Add bad senders here: "_phishing_sender_de.map"
#
# ----|----------------|
#  10 | German         |
# ==============================================================================

# Domains
# ------------------------------------------------------------------------------
/domain.{5,30}ihrer firma.{1,10}mit der dieses e?.?mail.?konto/i
/domain\*_.{5,30}_\*/i

/ihre domain aufgrund eines zahlungsproblems zu verlängern/iu
/informiert.{1,10}dass ihr domainname/i

/festgestellt.{1,10}ihr domain.?name abgelaufen ist/i

# Mail
# ------------------------------------------------------------------------------
/sie haben.{1,10}nicht zugestellte wichtige.{1,10}(e?.?mails|nachrichten)/i
/sie haben.{1,10}ausstehende.{1,15}(e?.?mails|nachrichten)/i

/postfach ist.{1,10}voll.{1,15}aktualisieren sie ihr/i

/nachrichten.{1,10}aufgrund eines speicherfehlers/i

# Mail Confirm, Verify
# ------------------------------------------------------------------------------

# WebMail
# ------------------------------------------------------------------------------

# Storage
# ------------------------------------------------------------------------------
/deine dokumente.{1,10}bilder sind gefährdet/iu

/kostenlos erhalten.{1,10}bevor die dateien auf deinem/i
/erhalten sie.{1,10}zusätzlichen.{1,10}cloud.?speicher/i

# Domains
# ------------------------------------------------------------------------------
/domain.{1,10}ihrer firm.{1,10}mit der dieses e?.?mail.{1,10}verbunden ist/i

/lieber kunde.{1,10}ihr domainname/i

# Registrar
# ------------------------------------------------------------------------------

# Fake Warning
# ------------------------------------------------------------------------------
/bestätigen sie.{1,10}dass sie nicht von ihnen gesendet wurden/i

#
#
#

# Bad german
# ------------------------------------------------------------------------------
/abgelaufen ist und trotz unseres vorherigen besuchs/i

# Unclassified
# ------------------------------------------------------------------------------

# Masked
# ------------------------------------------------------------------------------

# Bad German
# ------------------------------------------------------------------------------
