# ==============================================================================
# Phishing: Subject
#
# ----|----------------|
#  10 | English        |
# ==============================================================================

# Fake orders
# ------------------------------------------------------------------------------

# Accounts
# ------------------------------------------------------------------------------

# Confirm or reconfirm Account/Identity
# ------------------------------------------------------------------------------
/suspended.{1,15}confirm your e?.?mail/i

# Locking Account
# ------------------------------------------------------------------------------
/your.{1,15}account.{1,15}has been temporarily.{1,10}(restricted|suspended)/i

# Banking
# ------------------------------------------------------------------------------

# New Systems, Security, Technology, TAN
# ------------------------------------------------------------------------------

# Parcel
# ------------------------------------------------------------------------------
/update your shipping address/i

/your package not delivered/i

# Winning, Free stuff, Surveys
# ------------------------------------------------------------------------------
/reward.{1,10}open immediately/i

# Winning, Products
# ------------------------------------------------------------------------------

# Subscriptions
# ------------------------------------------------------------------------------

#
#
#

# Hosting and EMail
# ------------------------------------------------------------------------------
/incoming.{1,10}(e?.?mail|messages) has been stopped/i
/incoming.{1,10}pending.{1,10}(e?.?mail|messages) for/i

/have.{1,10}undelivered e?.?mail.{1,10}your inbox/i

/server.{1,20}\.(ch|com|de|org).{1,10}expired/i

/webmail notification/i

# Domains
# ------------------------------------------------------------------------------

# Surveys
# ------------------------------------------------------------------------------
/answer a few questions about/i
/survey.{1,10}claim/i

#
#
#

# Companies
# ------------------------------------------------------------------------------
