# ==============================================================================
# Phishing: Subject
#
# ----|----------------|
#  10 | German         |
# ==============================================================================

# Fake orders
# ------------------------------------------------------------------------------
/angebotsanforderung/i

# Accounts
# ------------------------------------------------------------------------------
/aktualisieren ihres kontos/i

/bestätige deine sicherheits.?informationen/iu

/konto wird bald gesperrt/i

# Cards
# ------------------------------------------------------------------------------
/ihre kredit.?karte ist gesperrt/i

/warnung.{1,10}verdächtige transaktion/iu

# Locking Account
# ------------------------------------------------------------------------------
/ihr konto.{1,15}wird gesperrt/i
/ihr konto.{1,15}wurde begrenzt/i

/wir haben ihre id.{1,20}gesperrt

# Confirm or reconfirm Account/Identity
# ------------------------------------------------------------------------------

# Banking
# ------------------------------------------------------------------------------
/ihre karte ist gesperrt/i

# New Systems, Security, Technology, TAN
# ------------------------------------------------------------------------------
/neues sicherheitsupdate.{1,10}erforderlich/i

# Parcel
# ------------------------------------------------------------------------------
/bestellung.{1,10}die noch auf.{1,10}bezahlung wartet/i

/warten auf abholung/i
/wichtig.{1,10}paket/i

/paket wartet auf anweisungen/i
/paket wird aufgrund.{1,10}unerwartet.{1,10}zollabwicklung/i
/paket kann nicht zugestellt werden.{1,20}aktualisieren sie.{1,10}adresse/i
/paket.?zustellung.{1,10}bitte bestätigen sie/iu

/postamt angekommen/i

/aktualisieren sie.{1,10}ihre lieferadresse/i

/sie haben.{1,10}ausstehendes paket/i
/versand.{1,10}unbezahlte versandkosten/i

/problem.{1,15}des liefervorgangs/i

# DPD
/dpd.?ch.{1,10}betreff/i
/dpd-ch/i

# Winning, Free stuff, Surveys
# ------------------------------------------------------------------------------
/beantworten sie unsere befragung/i
/sie wurden für eine.{1,15}belohnung ausgewählt/iu
/ihre belohnung erwartet sie/i

/gewinnen sie eine.{1,15}geschenkkarte/i
/kostenlos ein.{1,20}zu erhalten/i

# Winning, Products
# ------------------------------------------------------------------------------
/iphone.{0,10}pro.{1,10}ausstehende sendung/i

#
#
#

#
#
#

# EMail and Hosting
# ------------------------------------------------------------------------------
/deaktivierung.{1,10}e?.?mail.?postfachs?.{1,10}aufgrund/i

# Domains
# ------------------------------------------------------------------------------

# Companies
# ------------------------------------------------------------------------------
/\[targo.?bank\]/i
/targo.?bank.{1,5}id/i

# Bad german
# ------------------------------------------------------------------------------
/kontoaktivitäts.?aktualisierung/iu
