# ==============================================================================
# Phishing: Related to Accounts
#
# -> Add bad senders here: "_phishing_sender_de.map"
#
# ----|----------------|
#  10 | German         |
# ==============================================================================

# Account
# ------------------------------------------------------------------------------
/ihr konto.{1,15}in einem sicheren zustand zu versetzen/i

# Locking Account
# ------------------------------------------------------------------------------
/informationen.{1,10}um eine sperrung ihres kontos/i
/ihr.{1,10}konto ist derzeit begrenzt/i
/ihr.{1,10}konto vorsorglich sperren/i
/ihr.{1,10}konto zu ihrem eigenen schutz gesperrt haben/i

/wir vorsorglich ihr.{1,10}konto sperren/i

# Confirm Identity
# ------------------------------------------------------------------------------
/bestätigen sie.{1,10}ihre telefon.?nummer/iu
/bestätigen sie.{1,10}ihre konto.?daten/iu
/bestätigen.{1,10}dass sie der konto.?inhaber sind/iu

/konto.?daten.{1,10}daher vorsorglich bestätigen/iu
/konto.?daten.{1,10}wir im system hinterlegen/iu

/konto.?inhaber.{1,10}regelmä(ss|ß)igen abständen eine.{1,10}bestätigung/iu

/nicht.{1,10}identifikations.?prozess.{1,10}abgeschlossen/i
/nicht.{1,10}ihre daten bei uns.{1,15}bestätigt haben/iu

/verpflichtet ihre daten zu bestätigen/iu

/sie den bestätigungs.?prozess.{1,10}nicht durchlaufen haben/iu

/verpflichtet sind.{1,10}ihre.{1,15}daten.{1,15}zu bestätigen/iu
/verpflichtet sind.{1,10}ihre.{1,15}daten.{1,15}bei uns zu bestätigen/iu
/verpflichtet ihre.{1,15}daten erneut zu bestätigen/iu

# Activation
# ------------------------------------------------------------------------------
/telefonnummer noch nicht aktiviert haben.{1,10}damit sie ihr.{1,25}konto/i

# Authentification
# ------------------------------------------------------------------------------
/ihr authentifizierungsdienst/i

# Failed Payments
# ------------------------------------------------------------------------------

# Password
# ------------------------------------------------------------------------------

# Registration
# ------------------------------------------------------------------------------
/konto zuzugreifen.{1,10}die registrierung durchzuführen/iu

/alle kunden sich registrieren.{1,10}andernfalls/i

# Update Payment options
# ------------------------------------------------------------------------------
/sehr geehrter kunde.{1,10}aktualisieren sie ihre zahlungs.?informationen/i

/zahlungs.?informationen nicht aktualisiert wurden/i

# Update User options
# ------------------------------------------------------------------------------
/daten aktualisieren.{1,10}um unsere dienste weiterhin nutzen/i
/daten unserer kunden zu überprüfen.{1,15}ein konto.{1,15}besitzen/iu

/aktualisierung.{1,10}ihres.{1,15}kontos zwingend erforderlich ist/i
/aktualisierung.{1,10}nutzerdaten.{1,10}hinweisen/i

/konto.{1,10}verknüpft ist.{1,10}aktualisiert werden muss/iu

/bitte aktualisieren sie ihre informationen/i

# Silly Lies
# ------------------------------------------------------------------------------
/wir unsere sicherheitsrichtlinien verbessert/i

#
#
#

# EMail and Hosting
# ------------------------------------------------------------------------------

#
#
#

# Companies
# ------------------------------------------------------------------------------

# Facebook/Meta
/konto nicht unseren werberichtlinien entspricht/i
/dein facebook.?konto hat gegen unsere werberichtlinien/i
/keine besserung eintritt.{1,10}löschen wir ihr konto/iu
/wichtig.{1,10}werberichtlinien von facebook/i

/ihre.{1,10}anzeigen gegen.{1,10}facebook.{1,10}werberichtlinien/i
/ihr werbekonto nicht den werberichtlinien/i

#
#
#

# Bad german
# ------------------------------------------------------------------------------
/dass unser system uns mitteilt/i

# Masked
# ------------------------------------------------------------------------------
/lhr konto/i
/lhre rückerstattung/iu