# ==============================================================================
# Sale: Anything
#
# -> Add bad senders here: "_sale_sender_en.map"
#
# ----|----------------|
#  5  | English        |
# ==============================================================================

# Sale related phrases
# ------------------------------------------------------------------------------
/shop.online.now/i

/top.quality.{1,10}low.cost/i

/looking for distributors.{1,25}my name is/i

/connect me to your sales/i

# Introduction
# ------------------------------------------------------------------------------
/we are.{1,10}professional.{1,10}manufacturer of/i

#
#
#

# Address lists for spamming, EMail Marketing
# ------------------------------------------------------------------------------
/business.{1,10}e?.?mail.?addresses across/i

/database.{1,10}targeted.{1,10}(business|residential)/i

/get the best.{1,10}e?.?mail.{1,10}lists/i

/you are interested.{1,10}acquiring.{1,15}(attendees|visitors).{1,10}list/i
/you are interested.{1,10}acquiring.{1,15}list/i

/you want.{1,10}receive.{1,10}attendee.{1,10}list/i
/(attendees|visitors).{1,10}list.{1,10}available.{1,15}discounted price/i

/you.{1,10}interested.{1,10}purchasing.{1,10}linkedin.{1,10}leads/i
/you.{1,10}interested.{1,10}in e?.?mail.?marketing/i

# 
/we are.{1,10}leading b2b.data.solutions/i

#
/best e?.?mail.?lists/i
/e?.?mail.?lists of any country/i

# Apps
# ------------------------------------------------------------------------------
/apps.{1,10}if you are interested/i
/app development services/i

/building your.{1,10}mobile.?apps/i

/looking for.{1,10}mobile.?app.?development/i

/you (are looking|be interested).{1,10}(creating|develop|building).{1,10}(mobile)?.?app/i
/you need mobile apps? for your.{1,10}company/i

/you want.{1,10}mobile.?apps?/i

/offers.{1,10}wide range.{1,10}mobile.?app/i
/share your app.{1,10}idea/i

/we are.{1,10}mobile.?app.?development/i
/we are.{1,10}one of the (best|fastest).{1,10}growing.{1,15}apps/i
/we are.{1,10}team.{1,10}professional.{1,10}(android|ios)/i

/we.{1,10}(build|make) (all|any) kinds of apps/i
/we develop.{1,10}mobile.?apps for all/i
/we have expertise in.{1,20}app/i

# Chair
# ------------------------------------------------------------------------------
/our new office chair/i

# Cloth
# ------------------------------------------------------------------------------
/sie eine beheizbare jacke/i

# Cushion
# ------------------------------------------------------------------------------

# Doorbell
# ------------------------------------------------------------------------------
/innovative.{1,10}video.{1,10}door.?bell/?
/smart.{1,10}video.{1,10}door.?bell/?

# Drone
# ------------------------------------------------------------------------------

# Fuel Saver
# ------------------------------------------------------------------------------
/grab your.{1,10}fuel.?saver/i

# Hiring people
# ------------------------------------------------------------------------------

# Home Warranty
# ------------------------------------------------------------------------------
/save big.{1,15}on every home.?warranty/i

# Knives
# ------------------------------------------------------------------------------
/huusk.{1,10}(can provide|handmade|knives)/i

/the sharpest kitchen knife/i
/get.{1,10}off.{1,10}huusk/i

# Promotional Products
# ------------------------------------------------------------------------------
/logo products.{1,10}apparel/i
/(apparel|logo products).{1,15}for your business/i

/array.{1,10}logo products/i

/opportunities for.{1,10}logo products/i

/our promotional.{1,10}products can/i
/high.?quality.{1,10}promotional.{1,10}products/i

/we specialize.{1,10}crafting.{1,10}custom/i

/your business.{1,10}branding/i
/your company.{1,10}logo.{1,10}products/i

/enhances your brand/i

#
/t.?shirts.{1,10}mugs/i
/usb flash drives.{1,10}pens/i

# Properties
# ------------------------------------------------------------------------------
/(finest|ultimate).{1,10}luxury.{1,15}properties/i
/luxury.{1,15}property finding/i
/penthouse.{1,10}puento romano/i

/exquisite luxury (penthouses|villas).{1,10}apartments/i
/luxury home buyers locate/i
/qualified buyers can apply/i

/spain.{1,10}prestigious costa del sol/i

# Software (illegal)
# ------------------------------------------------------------------------------
/office.{1,15}(plus|professional).{1,10}license key to download/i

# Solar energy
# ------------------------------------------------------------------------------

# Streaming TV
# ------------------------------------------------------------------------------
/\d{3,4}.{1,10}worldwide.channels/i

/live channels.{1,10}movies.{1,10}series/i
/movies.{1,10}series.{1,10}subscribe now/i

/netflix.{1,10}hbomax.{1,10}amazonprime/i
/hbomax.{1,10}amazonprime.{1,10}appletv/i
/amazonprime.{1,10}appletv.{1,10}disney/i

# Translator
# ------------------------------------------------------------------------------
/poliglu/i

# Learning a language
# ------------------------------------------------------------------------------
/lingmind/i

# Videos
# ------------------------------------------------------------------------------
/we are.{1,10}leading video agency/i
/we can create explainer.{1,10}video/i 

/creates business videos/i
/business videos.{1,10}boost your marketing/i
/video ads.{1,10}communicate.{1,10}company/i

# Watches, Replicas
# ------------------------------------------------------------------------------
/rolex.?watch(es)?.{1,10}start at/i
/designer watches.{1,10}unbeatable prices/i
/discount.?watches/i

/louis.?vuiton.{1,10}outlet/i

/luxury collections.{1,10}official/i


# WiFi
# ------------------------------------------------------------------------------
/muama.{0,5}ryoko/i

/wifi.{1,10}anywhere.{1,10}anytime/i

#
#
#

# How to order
# ------------------------------------------------------------------------------
/address.{1,10}we will contact logistics.{1,10}organize.{1,10}shipment/i

#
#
#

# Unclassified
# ------------------------------------------------------------------------------
