# ==============================================================================
# Sale: Subject
#
# ----|----------------|
#  10 | English        |
# ==============================================================================

# Address lists for spamming, EMail Marketing
# ------------------------------------------------------------------------------
/targeted.{1,10}e?.?mail.?list/i

/e?.?mail.?list.{1,10}valid/i
/e?.?mail.{1,10}marketing.{1,10}techniques/i

/bulk.{1,10}e?.?mail.{1,10}(marketing|strategies)/i
/(effective|strategic).{1,10}e?.?mail.{1,10}(campaigns?|marketing)/i

/powerful.{1,10}bulk.{1,10}e?.?mail/i

/elevate your sales/i
/more customers with.{1,10}e?.?mail/i

# Apps
# ------------------------------------------------------------------------------
/app.?(development|proposal)/i

# Cushion
# ------------------------------------------------------------------------------
/seat cushion/i
/revolutionary way to sit/i

# E Bike
# ------------------------------------------------------------------------------
/(assist|cutting.?edge|fat tire|pedal).{1,10}e.?bike/i
/our warehouse/i

/trusted electric bicycle/i

/e.?bike is here/i

# Fuel Saver
# ------------------------------------------------------------------------------
/grab your.{1,10}fuel.?saver/i

# Leads
# ------------------------------------------------------------------------------
lead generation solution/i

# SEO
# ------------------------------------------------------------------------------
/top rankings?/i

/boost your.{1,10}rankings/i

/seo.{1,15}(expert|package|plans?|pricing|proposal|services|success)/i

/full seo.?package/i

/you need.{1,10}seo/i
/search.?engine.{1,10}rankings/i

/affordable seo/i
/site a seo/i

# Google
/(1st|seo).{1,15}(page|ranking) (in|of|on) (bing|google)/i
/top rank(ing)?.{1,10}(bing|google)/i

/google 1st page/i
/google.{1,10}(first page.?ranking|listing)/i

/on google 1st page/i

/(get found|your page.?rank).{1,10}google/i

/increase revenue.{1,10}profits/i
/increase your business sells/i

# SEO, Reputation
# ------------------------------------------------------------------------------
/buy google reviews/i
/enhance your business reputation/i

/expert seo/i

# SEO, bad strategies
# ------------------------------------------------------------------------------
/guest post opportunity/i

# Social Media
# ------------------------------------------------------------------------------
/instagram followers.{1,10}limited offer/i

# Software (illegal)
# ------------------------------------------------------------------------------

# Streaming TV
# ------------------------------------------------------------------------------
/\d{3,4}.{1,10}worldwide.channels/i

# Surveillance Camera
# ------------------------------------------------------------------------------

# Watches, Replicas
# ------------------------------------------------------------------------------
/designer watches (for just|on sale|starting at)/i
/discount designer watches/i

/rolex.?watch(es)?.{1,10}up to.{1,10}off/i

# Web-Design/Development
# ------------------------------------------------------------------------------
/custom.{1,15}web.?site.?design/i
/considering.{1,10}new web.?site/i

/(home.?page|web.?site).{1,10}(remake|upgrade|upgrading)/i
/(home.?page|web.?site).{1,10}design.{1,10}development/i
/(home.?page|web.?site).{1,10}re.?design(ing)?.{1,10}re.?make/i 

/upgrade your.{1,10}business web.?site/i
/upgrade your.{1,15}web.?site today/i

/web.?development.{1,10}special offer/i

# Streaming TV
# ------------------------------------------------------------------------------
/worldwide channels.{1,10}movies/i

# Wifi
# ------------------------------------------------------------------------------
/wifi.?freedom/i

#
#
#

# Country related
# ------------------------------------------------------------------------------
/pcba?.{1,10}factory (from|in) china/i

#
#
#

# Unclassified
# ------------------------------------------------------------------------------

# Masked
# ------------------------------------------------------------------------------
