# ==============================================================================
# Sale: Subject
#
# ----|----------------|
#  10 | German         |
# ==============================================================================

# Address lists for spamming, EMail Marketing
# ------------------------------------------------------------------------------
/(dienstleistung|informationen).{1,10}e?.?mail.?marketing/i

# Chair
# ------------------------------------------------------------------------------
/bürostühle.{1,15}(eingebauter|integrierter|massage|walnussholz)/iu
/(elegante|stilvolle|unsere|revolutionäre|walnussholz).{1,15}bürostühle/iu

/lederbürostühle/iu
/bürostuhl mit massage/i

/chefsessel/i

# Drone
# ------------------------------------------------------------------------------

# Jacket
# ------------------------------------------------------------------------------
/beheizbare daunen.?jacke/i

# Pen
# ------------------------------------------------------------------------------
/(gummierte|hochwertige|moderne|premium|softtouch).{1,10}kugelschreiber/iu

# SEO
# ------------------------------------------------------------------------------

# Surveillence Camera
# ------------------------------------------------------------------------------

# Trolley & Tools
# ------------------------------------------------------------------------------
/(werkstatt|werkzeug).?(trolley|wagen)/i

# Umbrellas
# ------------------------------------------------------------------------------
/ampel.?regenschirm/iu

# Web-Design/Development
# ------------------------------------------------------------------------------
/web.?design.{1,10}entwicklung/i