# ==============================================================================
# Sale: Apps and Websites
#
# ----|
# 1.1 |
# ----|----------------|
#  10 | German         |
# ==============================================================================

# Developing Apps
# ------------------------------------------------------------------------------
/preisgünstig.{1,10}design.{1,10}mobiler?.?apps/i

/wir sind ein team.{1,20}entwickler mobiler.?apps/i

# Developing Websites
# ------------------------------------------------------------------------------
/web.?sites?.{1,10}erschwinglichen preis(en)?/i

/aktualisierung ihrer.{1,15}web.?site/i
/(bieten|bietet).{1,10}schnell.{1,10}professionelle web.?sites?/i

/gestaltung einer neuen.{1,15}web.?site/i

/web.?site.?design.{1,10}entwicklungs.?dienste/i

/ihre aktuelle.{1,15}web.?site aktualisieren/i

/erfahrenes.{1,15}web.?site.?design.?team/i

/sich auf webdesign.{1,10}seo/i
/sie eine neue.{1,15}web.?site erstellen/i
/sie ihre.{1,15}web.?site mit einem neuen/i

/suche (nach|sie) einem.{1,15}(web.?seiten.?design|web.?design)/i

/mit einer neuen.{1,15}web.?site online/i
/wir haben ein professionelles team.{1,15}web.?site.{1,20}(designer|entwickler)/i
/wir sind ein.{1,15}web.?site.?entwicklung/i

# Developing Websites, China, India
# ------------------------------------------------------------------------------
/wir sind ein in.{1,10}(china|indien).{1,10}ansässige(r|s)/iu
/wir sind ein in.{1,10}(china|indien).{1,15}(it.?dienstleister|unternehmen|web.?site)/i

# WordPress
# ------------------------------------------------------------------------------

#
#
#

# Unclassified
# ------------------------------------------------------------------------------

# Masked
# ------------------------------------------------------------------------------

# Bad German
# ------------------------------------------------------------------------------
/suchen sie website.?update/i
