# ==============================================================================
# Sale: Stuff related to the internet
#
# -> Add bad senders here: "_sale_sender_en.map"
#
# ----|----------------|
#  5  | English        |
# ==============================================================================

# Address lists for spamming, EMail Marketing
# ------------------------------------------------------------------------------
/advertise up to.{1,10}million.{1,10}e?.?mails/i

/business.{1,10}e?.?mail.?addresses across/i
/contact details.{1,10}verified e?.?mail/i

/database.{1,10}targeted.{1,10}(business|residential)/i

/get the best.{1,10}e?.?mail.{1,10}lists/i

/lowest prices.{1,10}database.{1,10}e?.?mail.?addresses/i

/you.{1,10}interested.{1,10}(acquiring|purchasing).{1,15}(attendees|visitors).{1,10}list/i
/you.{1,10}interested.{1,10}(acquiring|purchasing).{1,10}the contacts of/i
/you.{1,10}interested.{1,10}(acquiring|purchasing).{1,15}list/i
/you.{1,10}interested.{1,10}(acquiring|purchasing).{1,10}linkedin.{1,10}leads/i
/you.{1,10}interested.{1,10}(acquiring|purchasing).{1,10}unlimited targeted/i

/you.{1,10}interested.{1,10}(acquiring|purchasing).{1,10}targeted.{1,10}e?.?mail/i
/you.{1,10}interested.{1,10}in e?.?mail.?marketing/i

/you want.{1,10}receive.{1,10}attendee.{1,10}list/i
/(attendees|visitors).{1,10}list.{1,10}available.{1,15}discounted price/i

# 
/we are.{1,10}leading b2b.data.solutions/i
/we have.{1,10}targeted databases/i

/best e?.?mail.?lists/i
/e?.?mail.?lists of any country/i

# 
/bulk (e?.?mail|mailing).{1,10}marketing.{1,10}solutions/i
/bulk (e?.?mail|mailing).{1,10}tools service provider/i

/setup bulk.{1,10}(e?.?mail|mailing).{1,10}marketing/i

/we are professional.{1,10}bulk.?mailing/i
/increase sales.{1,10}use bulk e?.?mail/i

/furnishing you with.{1,10}e?.?mail.?addresses/i

#
/linkedin database.{1,15}(email|phone).{1,15}list/i

# Leads
# ------------------------------------------------------------------------------
/leads.{1,10}for all interested parties/i
/lead feature.{1,10}you can automatically/i 

/we provide.{1,15}(fresh|quality).{1,15}leads/i

# Apps
# ------------------------------------------------------------------------------
/apps.{1,10}if you are interested/i
/apps.{1,10}for your.{1,10}business/i
/app development services/i

/building your.{1,10}mobile.?apps/i
/develop any app for your.{1,10}business/i

/looking for.{1,10}mobile.?app.?development/i

/i can build.{1,10}apps/i
/share your app.{1,10}idea/i

/offers.{1,10}wide range.{1,10}mobile.?app/i

/you.{1,10}(interested|looking|be interested|considering).{1,10}(creating|develop|development|building).{1,10}(android|ios|mobile)?.apps?/i

/you need mobile apps? for your.{1,10}company/i

/you want.{1,10}mobile.?apps?/i
/you want.{1,10}build.{1,10}mobile.?apps?/i

/who deals.{1,15}app.?development/i

/we are.{1,10}expert.{1,10}apps?/i
/we are.{1,10}mobile.?app.?development/i
/we are.{1,10}one of the (best|fastest).{1,10}growing.{1,15}apps?/i
/we are.{1,10}team.{1,10}professional.{1,10}(android|ios)/i
/we are.{1,10}well.?versed.{1,10}mobile.?apps?/i

/we.{1,10}(build|develop|make).{1,10}(android|ios)/i 
/we.{1,10}(build|develop|make).{1,10}(all|any) kinds? of apps?/i
/we.{1,10}(build|develop|make).{1,10}mobile.?apps for all/i

/we have expertise in.{1,20}apps?/i

/we have developed.{1,10}of.{1,10}applications/i

#
#
#

# SEO
# ------------------------------------------------------------------------------
/seo.?services?.{1,10}proposal/i
/seo.?services?.{1,10}provider/i
/seo.?services?.{1,10}include/i
/seo.?services?.{1,10}your.{1,15}(company|web.?site)/i

/seo.?success/i
/seo.?bundle/i
/seo.?based.{1,10}web.?site design/i

/seo.?expert.?manager/i
/seo.?expert.{1,10}i can help/i
/seo.?expert on/i

/seo.?packages.{1,10}(pricing|price.?list)/i
/seo.?backlinks.{1,10}increase your web.?site/i

/boost in your search ranking/i
/boost your seo.?rank/i
/boost your company web.?site.{1,10}ranking/i
/boost your web.?site.{1,10}traffic/i

/increase search engine rankings/i

/help improve your rankings/i

/full.{1,10}seo.?onsite.?services/i

/comprehensive.{1,10}seo.?services?/i
/you need.{1,10}seo.?services?/i
/do you want.{1,10}seo/i
/speed.?seo/i

/change in your search.?ranking/i

/provide.{1,10}your web.?site 1st/i

/reputed seo.company/i

/much lower cost.{1,10}seo/i

/our full.?seo.?package/i

/our seo.?services/i
/our (complete|comprehensive).{1,10}seo/i

/here to give you seo/i
/like to offer.{1,10}seo/i

/i went through your.{1,10}web.?site.{1,10}found/i
/i.?a?.?m.{1,20}seo.?(expert|manager)/i
/i.?a?.?m.{1,10}working as an seo/i

/found a number of seo.?issues/i

/we are.{1,10}leading seo/i
/we can (promote|rank) your web.?site/i
/we can help you rank higher/i
/we do seo for all/i
/we promote your.{1,10}web.?site.{1,10}(ranking|ranks)/i

/we will (enhance|improve) your.{1,15}(ranking|ranks)/i

/we offer.{1,10}range.{1,10}seo.?services/i
/we offer.{1,10}(seo|search engine optimization)/i

/you.{1,10}seo.?(packages?|proposal)/i

/you looking.{1,10}boost your web.?site/i
/you looking.{1,10}for.{1,10}seo/i

/your web.?site.{1,10}indexed on the first.?page/i
/your web.?site.{1,10}1st page.?rank/i
/your web.?site.{1,10}on.{1,10}1st page/i
/your web.?site.{1,10}on.{1,10}page one of/i
/your web.?site.{1,10}to get on first/i
/your web.?site.{1,10}rank (higher|top|well)/i
/your web.?site.{1,10}not ranking in/i

# Lies
/i have reviewed your domain in/i

/your web.?site.{1,15}affecting your online presence/i
/your web.?site.{1,10}found those errors/i
/your web.?site.{1,10}has.{1,10}broken links/i
/your web.?site.{1,25}has some problems.{1,10}you.{1,10}(might|need)/i
/your web.?site.{1,10}i found it.{1,10}impressive/i
/your web.?site.{1,10}in the top.{1,10}positions/i
/your web.?site.{1,30}is only listed in/i
/your web.?site.{1,10}search.?engines/i
/your web.?site.{1,10}ranking.{1,10}search.?engines/i

/seo.{1,15}saw that your web.?site/i

# Google
/1st.?page of google/i
/1st.?page (listings|ranking) (in|on) google/i

/on page one of google/i
/get top position.{1,10}google/i
/(promote|list|rank) your.{1,10}web.?site.{1,10}google/i
/not ranking.{1,10}google.{1,10}other/i
/rank your.{1,10}business.{1,10}google/i

/we can place your.{1,10}web.?site.{1,10}on/i

/you on.{1,10}1st.{1,10}page of google/i

/your company.{1,10}position (in|on) google/i
/your business keywords/i
/your (competitors|page.?rank).{1,10}(in|on) google/i

/your web.?site.{1,10}get.{1,10}top google/i
/your web.?site.{1,30}is not listed in google/i
/your web.?site.{1,10}on google top/i
/your web.?site.{1,10}ranking.{1,10}not good/i

#
/our.{1,15}seo.?feedbacks/i

# SEO, Reputation
# ------------------------------------------------------------------------------
/improve.{1,10}reputation.{1,10}google search/i

/buy google reviews.{1,10}start/i

# SEO, Semrush
# ------------------------------------------------------------------------------
/forget about the seo/i

# SEO, bad strategies
# ------------------------------------------------------------------------------
/seo guest postings?/i
/our guest postings?.{1,10}link/i
/guest posting services/i

# SEO, India
# ------------------------------------------------------------------------------

# Social Media
# ------------------------------------------------------------------------------
/instagram followers.{1,10}limited offer/i
/we offer.{1,10}instagram followers/i

# Traffic, leads
# ------------------------------------------------------------------------------
/get more traffic.{1,10}(leads|sales)/i
/get organic traffic from/i

/(have|you).{1,10}interest(ed)?.{1,10}(getting|receiving).{1,10}more leads/i

/web.?visitors into.{1,10}(leads|sales)/i

/we can bring you more.{1,10}clients/i

/offer you.{1,15}(premium|quality).{1,15}leads/i
/you high quality leads/i

/your web.?site.{1,10}lead generating/i

# Illegal stuff
# ------------------------------------------------------------------------------
/we offer likes.{1,10}followers/i
/we can help you.{1,10}increase your.{1,10}visibility/i

# Guest Posts
# ------------------------------------------------------------------------------
/guest.?post.?service/i

/i will write.{1,10}publish.{1,10}guest.?posts/i
/expert guest blogger/i

#
#
#

# Web-Design/Development
# ------------------------------------------------------------------------------
/builds amazing.{1,20}web.?site/i
/create.{1,15}(new|update).{1,15}existing web.?site/i
/send you my.{1,10}web.?site.proposal/i
/to (re)?.?develop your web.?site/i

/new professional.{1,10}web.?site/i
/you.{1,10}interested.{1,20}(build|rebuild|repair).{1,15}(new|your).{1,15}web.?site/i
/you.{1,10}interested.{1,10}building.{1,15}web.?site/i
/you.{1,10}interested.{1,10}web.?site.{1,10}promotion/i

/you are looking.{1,10}(app|web).{1,10}design/i

/you.{1,10}oloking for.{1,10}new web.?site/i
/you.{1,10}looking for.{1,10}affordable.{1,10}(app|web).{1,10}developer/i
/you.{1,10}looking for.{1,10}web.?site.{1,10}design/i

/you.{1,10}want.{1,10}build.{1,10}different web.?site/i
/you.{1,10}want.{1,10}make.{1,10}web.?site/i

/you.{1,10}like to build.{1,10}new web.?site/i

/build.{1,10}new web.?site for your business/i
/(rebuilding|redesign|refurbish|revamp|repairing|upgrade) your.{1,15}(web.?)?site/i
/(rebuilding|redesign|refurbish|revamp|repairing|upgrade) your.{1,10}(current|existing).{1,15}(web.?)?site/i

/repair.{1,10}redesign your.{1,15}(web.?)?site/i

/our.{1,10}web.?(design|development).{1,10}services/i
/our.{1,10}team.{1,10}experienced web.?developers/i

/specialized in.{1,10}web.?site design/i

/we are.{1,10}mobile.?apps.{1,10}web.?site development/i 
/we are.{1,10}web (design|development){1,10}company/i
/we are.{1,10}web design.{1,10}development.{1,10}company/i
/we are.{1,10}it based company/i

/we are.{1,20}professional website developers/i

/we can design.{1,10}unique.{1,10}website/i
/we create new.{1,10}web.?site/i

/we have.{1,10}expertise.{1,10}developing.{1,10}web.?site/i
/we have.{1,10}professional team.{1,10}web.site/i

/we.{1,10}(deliver|offer).{1,10}(best|new).{1,10}web.?sites?/i
/We.{1,10}solving web.?sites? problems/i

/i.?a?m.{1,15}web.?(designer|developer)/i
/i.?a?m.{1,15}professional web.?(designer|developer)/i
/i.?a?m.{1,15}web development manager/i

/web (design|development).{1,10}company.{1,10}offering/i
/web (design|development).{1,10}company.{1,10}specialized in/i
/web (design|development).{1,10}company.{1,10}with.{1,10}primary/i

/web.?site.{1,10}design(ing)?.{1,10}web.?development/i
/web.?site.{1,10}design.{1,10}redesign/i
/web.?site.{1,10}desing.{1,10}revamp/i

/web.?development.{1,10}php.?development/i

/who are into.{1,10}responsive.?web/i

# Web-Design/Development, India
# ------------------------------------------------------------------------------
/india.{1,10}based web.?site.{1,15}(agency|design)/i
/india.{1,10}having.{1,10}years.{1,10}working experience/i

/leading service providers?.{1,10}india/i
/development company based.{1,10}india/i

/we are.{1,10}indian?.{1,10}(development|web)/i

/web.?site.{1,10}development company.{1,10}india/i

/years.{1,10}experience based.{1,10}india/i

# Web-Design/Development, silly lies
# ------------------------------------------------------------------------------
/i recently explored your.{1,10}website/i

# WordPress
# ------------------------------------------------------------------------------
/i.?a?m.{1,10}(expert|professional).{1,15}wordpress/i
/you looking.{1,10}experienced.{1,10}wordpress/i

/interested.{1,10}outsourcing.{1,10}wordpress/i

# Web Directories
# ------------------------------------------------------------------------------
/easier.{1,10}to promote your.{1,10}web.?site/i

/(leads|sales).{1,15}submitting your web.?site/i
/our (list|database) consists.{1,10}millions.{1,10}business/i
/is only listed in.{1,15}(out of|possible).{1,15}directories/i

/e?.?mail.{1,10}cell.?phone.{1,10}(list|database)/i

/promote your.{1,15}search.?engines?/i
/promote your.{1,15}web.?site.{1,10}just a few/i

/service.{1,10}lists.{1,10}in all.{1,10}directories/i
/submitting your.{1,15}web.?site to.{1,25}directories/i
/we can help you.{1,10}promote your.{1,15}business/i

/lists you in all.{1,15}directories/i
/not having the proper backlinks/i

# Domain names
# ------------------------------------------------------------------------------
/we have.{1,10}domain that is.{1,15}on sale/i

#
#
#

# Unclassified
# ------------------------------------------------------------------------------

# Masked
# ------------------------------------------------------------------------------

# Bad German
# ------------------------------------------------------------------------------
