# ==============================================================================
# Scam: Donation
#
# ----|----------------|
#  10 | German         |
# ==============================================================================

# Big numbers
# ------------------------------------------------------------------------------
/\d{3}.{0,5}\d{3}.{1,10}wurden an sie gespendet/i
/\d{3}.{0,5}\d{3}.{1,10}bitte kontaktieren sie/i

/\d{3}.{0,5}\d{3}.{1,10}(millionen|tausend|dollar|euro?|gbp|usd).{1,10}anbietet.{1,20}informationen kontaktieren sie/i
/\d{3}.{0,5}\d{3}.{1,10}(millionen|tausend|dollar|euro?|gbp|usd).{1,10}an sie zu spenden/i
/\d{3}.{0,5}\d{3}.{1,10}(millionen|tausend|dollar|euro?|gbp|usd).{1,10}für sie/iu
/\d{3}.{0,5}\d{3}.{1,10}(millionen|tausend|dollar|euro?|gbp|usd).{1,10}e?.?mail für details jetzt/iu

/\d{3}.{0,5}\d{3}.{1,10}(millionen|tausend|dollar|euro?|gbp|usd).{1,15}weitere informationen kontaktieren sie/i
/\d{3}.{0,5}\d{3}.{1,10}(millionen|tausend|dollar|euro?|gbp|usd).{1,10}wurde ihrer.{1,10}e?.?mail.?adresse/i
/\d{3}.{0,5}\d{3}.{1,10}(millionen|tausend|dollar|euro?|gbp|usd).{1,10}wurden ihnen von/i

/(millionen|tausend).{1,10}(dollar|euro?|gbp|usd).{1,10}an sie zu spenden/i

/(millionen|tausend|dollar|euro?|gbp|usd).{1,10}ausgewählt.{1,10}kontaktieren sie mich/i
/(millionen|tausend|dollar|euro?|gbp|usd).{1,10}gewährt.{1,10}antworten.{1,15}weitere details/iu

/(millionen|tausend|dollar|euro?|gbp|usd).{1,10}\d{3}.{0,5}\d{3}.{1,10}erhalten.{1,10}kontaktieren sie/i

/herzlichen? (glückwunsch|glückwünsche).{1,25}(millionen|tausend).{1,10}(dollar|euro?|gbp|usd)/i
/sie in höhe von.{1,10}\d{3}.{0,5}\d{3}.{1,10}(millionen|tausend|dollar|euro?|gbp|usd).{1,10}steht ihnen/iu
/von \d{1,2}.{1,5}millionen euros? ausgewählt/iu

# Charity
# ------------------------------------------------------------------------------
/sie für.{1,15}wohltätigkeitsprojekt ausgewählt wurden/iu

# Choosen
# ------------------------------------------------------------------------------
/sie ausgewählt wurden.{1,10}\d{3}.{0,5}\d{3}/iu
/sie gehören zu den ausgewählten personen/iu
/sie gehören zu den empfängern/iu

/sie als einer der.{1,15}begünstigten.{1,10}ausgewählt wurden/i
/sie als einer der .{1,15}begünstigten.{1,10}(\d{3,4}|der)/i

/sie wurden ausgewählt.{1,15}million(en)? (dollar|euro?|gbp|usd)/i
/sie wurden als einer der.{1,15}glücklichen begünstigten/i
/sie wurden per zufallsprinzip als empfänger/iu
/sie wurden soeben zufällig ausgewählt/iu

/ausgewählt.{1,15}antworten sie für weitere informationen/i
/ausgewählt.{1,15}um eine.{1,10}spende von/i
/ausgewählt.{1,15}wurden.{1,15}spende in höhe von/iu

/e?.?mail.{1,10}auswahl wurden sie ausgewählt/iu

/ihre.{1,10}e?.?mail.{1,15}einer der begünstigten/iu
/ihre.{1,10}e?.?mail.{1,15}genehmigt wurde/i

/ihre.{1,10}e?.?mail.{1,15}wurde ausgewählt/iu
/ihre.{1,10}e?.?mail.{1,15}wurde zufällig (aus der|von einem)/iu
/ihre.{1,10}e?.?mail.{1,15}wurde online zufällig ausgewählt/iu
/ihre.{1,10}e?.?mail.{1,15}wurde per zufallsprinzip/i

/\.(ch|com|de|org) wurde per zufall ausgewählt/iu

/zufälligen.{1,15}e?.?mail.{1,10}auswahl/i

# Contact
# ------------------------------------------------------------------------------
/anspruch unten e?.?mail/i
/ansprüche.{1,10}kontaktieren sie meine persönliche.{1,10}e?.?mail/iu

/antworten sie.{1,15}um diese spende/i

/\d{3}.{0,5}\d{3}.{1,10}(dollar|euro?|gbp|usd).{1,10}zu erhalten.{1,10}kontaktieren sie mich/i
/\d{3}.{0,5}\d{3}.{1,10}wenn ja.{1,10}kontaktieren sie mich/i

/(millionen|tausend).{1,10}(dollar|euro?|gbp|usd).{1,10}kontaktieren sie mich/i
/(millionen|tausend).{1,10}(dollar|euro?|gbp|usd).{1,10}e?.?mail für details/iu

/(dollar|euro?|gbp|usd).{1,10}an sie gespendet.{1,10}details antworten/i
/(dollar|euro?|gbp|usd).{1,10}erhalten haben.{1,10}kontaktieren sie/i
/(dollar|euro?|gbp|usd).{1,10}kontaktieren sie uns für weitere einzelheiten/i

/e.?mail.?adresse.{1,10}anspruch/i

/(gespendet|spende).{1,10}kontaktieren sie uns für.{1,15}einzelheiten/i
/spende interessiert.{1,10}kontaktieren sie mich/i


/ihres spendenanspruchs wenden sie sich/i

/kontaktieren sie.{1,10}ihre spende/i
/kontaktieren sie uns.{1,10}diese spendenmöglichkeit/i
/kontaktieren sie uns.{1,10}um ihre spende/i
/kontaktieren sie barr/i

/zu erhalten.{1,10}bitte antworten sie auf diese.{1,10}e?.?mail/i

# Donation
# ------------------------------------------------------------------------------
/spenden?.{1,10}\d{3}.{0,5}\d{3}.{1,10}an sie/i
/spenden?.{1,10}anforderung.{1,10}wenden sie sich/i
/spenden?.{1,10}anfordern.{1,10}kontaktieren Sie/i
/spenden?.{1,20}ausgewählt.{1,10}antworten sie/i
/spenden?.{1,10}ernsthaften.{1,10}ehrlichen/i
/spenden?.{1,10}(annehmen|anzunehmen).{1,10}antworten sie/i
/spenden?.{1,10}antworten sie mit ihren/i

/spenden?.{1,10}ausgewählt.{1,10}(antworten|kontaktieren) sie/iu
/spenden?.{1,10}ausgewählt.{1,10}weitere informationen wenden sie sich/i

/spenden?.{1,15}(belohnung|fonds|investition|preis)/i
/spenden?.{1,10}erhalten.{1,10}die.{1,10}zugesandt wurde/i
/spenden?.{1,10}e?.?mail.{1,10}details jetzt/i
/spenden?.{1,10}erhalten.{1,10}kontaktieren sie uns/i
/spenden?.{1,10}erhalten.{1,10}sie.{1,10}interessiert/i
/spenden?.{1,15}geben sie.{1,10}ihre.{1,10}antwort/i
/spenden?.{1,10}kontaktieren sie mich.{1,15}weitere informationen/i

/spenden?.{1,10}ich ihnen geben möchte/iu
/spenden?.{1,10}ihnen die summe von.{1,10}(millionen|tausend|dollar|euro?|gbp|usd)/i

/spenden?.{1,10}in höhe von.{1,10}\d{3}.{0,5}\d{3}.{1,10}(ausgezeichnet|getätigt)/iu
/spenden?.{1,10}in höhe von.{1,20}(dollar|euro?|gbp|usd).{1,25}(ausgewählt|die ihnen|wurde ihnen von)/iu
/spenden?.{1,10}in höhe von.{1,20}(dollar|euro?|gbp|usd).{1,25}erfolgte durch die/iu
/spenden?.{1,10}in höhe von.{1,20}(dollar|euro?|gbp|usd).{1,25}million.{1,15}zu erhalten/i

/spenden?.{1,10}ist für die ersten.{1,10}personen/i
/spenden?.{1,10}investitions.?geld(er)?/i

/spenden?.{1,10}sie sind einer dieser menschen/i
/spenden?.{1,10}sie sind siegreich/i

/spenden?.{1,10}überlassen.{1,10}melden sie sich/iu
/spenden?.{1,20}weitere informationen antworten sie/i

/spende.{1,10}ist für sie und ihre familie/iu
/spende.{1,10}zu erhalten.{1,10}bitte antworten sie/i

/(spende|summe).{1,10}von.{1,10}millionen.{1,10}wurde ihnen/i
/(spende|summe).{1,20}(leisten|zukommen).{1,15}kontaktieren sie (mich|uns)/i

/spendet sie an.{1,10}zufällige Personen/iu

/(millionen|tausend|dollar|euro?|gbp|usd).{1,15}ausgewählt.{1,10}kontaktieren sie/iu
/(millionen|tausend|dollar|euro?|gbp|usd).{1,15}von der.{1,25}foundation.{1,15} ausgewählt/i
/(millionen|tausend|dollar|euro?|gbp|usd).{1,15}gespendet.{1,10}antworten sie für.{1,10}details/iu
/(millionen|tausend|dollar|euro?|gbp|usd).{1,15}spenden.{1,10}was einen teil meiner investition/i

/(millionen|tausend|dollar|euro?|gbp|usd).{1,15}weitere informationen erhalten sie/i
/(millionen|tausend|dollar|euro?|gbp|usd).{1,15}wurden ihnen von der.{1,25}gespended/i
/(millionen|tausend|dollar|euro?|gbp|usd).{1,15}wurden ihnen von.{1,10}(frau|herr)/i

/million.{1,10}(dollar|euro?|gbp|usd).{1,10}haben wir ihnen/i

/ausgewählt.{1,15}erhalten einen spendenzuschuss/iu
/ausgewählt.{1,10}wurden.{1,10}um einen zuschuss von.{1,20}(dollar|euro?|gbp|usd)/i

/bietet eine spende in höhe von/iu

/erhalten sie den betrag von.{1,10}\d{3}.{0,5}\d{3}.{1,10}(millionen|tausend|dollar|euro?|gbp|usd)/i

/eine.{1,10}spende an sie geleistet hat/i

/freiwillige spende in höhe von.{1,10}millionen/iu
/für meine spende ausgewählt/iu

/gewinner.{1,10}die meine spende/i
/gewonnene spende.{1,10}\d{3}.{0,5}\d{3}/i

/hat ihnen eine.{1,15}summe gespendet/i

/ich bin.{5,25}ich spende/i

/ich (gebe|spende) ihnen.{1,10}\d{3}.{0,5}\d{3}.{1,10}(millionen|tausend|dollar|euro?|gbp|usd)/i
/ich (gebe|spende) ihnen.{1,10}\d{3}.{0,5}\d{3}.{1,10}meine gemeinnützige/iu
/ich (gebe|spende) ihnen diese.{1,10}millionen/i

/ich habe beschlossen.{1,10}ihnen die summe/i
/ich habe eine.{1,15}spende für sie/iu
/ich schreibe ihnen.{1,10}um mich nach der spende/i

/ihnen.{1,10}\d{3}.{0,5}\d{3}.{1,15}zu spenden/i

/ihnen den betrag von.{1,15}millionen/i
/ihnen eine.{1,10}spende in höhe von.{1,20}(millionen|tausend|dollar|euro?|gbp|usd)/i
/ihnen eine.{1,10}spende von.{1,15}(millionen|tausend|dollar|euro?|gbp|usd)/i
/ihnen eine.{1,10}spende (überlassen|überreicht)/iu

/ihnen.{1,15}(millionen|tausend|dollar|euro?|gbp|usd).{1,15}wohltätige zwecke gespendet/iu
/ihnen.{1,15}(millionen|tausend|dollar|euro?|gbp|usd).{1,15}spenden/i
/ihnen.{1,25}zur investition zu spenden/i

/ihnen die familie.{5,25}gespendet/i
/ihnen einen finanziellen zuschuss in höhe von/iu
/ihnen im namen einer wohltätigkeits.?organisation/i
/ihnen im rahmen meines laufenden wohltätigkeitsprogramms/iu
/ihnen mitteilen.{1,20}dass sie für eine spende/iu
/ihnen von (frau|herr).{5,25}gespendet/i

/ihnen wurde.{1,20}spende in höhe von{1,20}(millionen|dollar|euro?|gbp|usd)/i
/ihnen wurde.{1,20}(millionen|dollar|euro?|gbp|usd).{1,10}gespendet/i

/ihre? e?.?mail.?(adresse|konto)?.{0,25}ausgewählt.{1,10}um zu.{1,10}begünstigten/iu
/ihre? e?.?mail.?(adresse|konto)?.{1,25}für einen?.{1,10}(investitionszuschuss|wohltätige spende)/iu
/ihre? e?.?mail.?(adresse|konto)?.{1,25}hat eine spende/i
/ihre? e?.?mail.?(adresse|konto)?.{1,25}hat ihnen die summe von/i

/ihre? e?.?mail.?(adresse|konto)?.{0,25}wurde.{1,15}ausgewählt.{1,10}um (die|eine).{1,10}(spende|summe)/iu
/ihre? e?.?mail.?(adresse|konto)?.{1,25}wurde.{1,10}ausgewählt.{1,10}erhalt einer spende/i

/ihre? e?.?mail.?(adresse|konto)?.{1,25}wurde.{1,10}unter.{1,10}(begünstigten|glücklichen)/i
/ihre? e?.?mail.?(adresse|konto)?.{1,25}wurde.{1,10}per online/i

/ihre e?.?mail wurde.{1,15}ausgewählt.{1,10}um eine.{1,10}spende/iu
/ihrer e?.?mail haben sie eine spende/i

/ihre.{1,10}gespendeten mittel in höhe von.{1,25}zu beanspruchen/i

/ihre.{1,10}spende.{1,10}jetzt erhalten können/iu
/ihre.{1,10}spende.{1,10}per e?.?mail anzufordern/i
/ihre.{1,10}spende.{1,10}steht noch aus/i
/ihre.{1,10}spende.{1,10}\d{3}.{0,5}\d{3}/i

/ihren zuschuss zu beantragen/i
/informationen zum erhalt ihrer.{1,15}spende/i
/investitions?.{1,5}spenden?/i

/(ich|sie) haben? eine.{1,15}spende.{1,10}(in höhe)?.{0,10}von.{2,10}\d{3}.{0,5}\d{3}/iu
/(ich|sie) haben? eine.{1,15}spende.{1,10}(in höhe)?.{0,10}von.{2,10}million/iu
/(ich|sie) haben? eine.{1,15}spende.{1,10}von der/i

/(ich|sie) haben? eine.{1,15}spende.{1,15}weitere informationen/iu
/(ich|sie) haben? eine.{1,15}spende(zuschuss)?.{1,10}für sie/i

/(ich|sie) haben? von.{5,25}eine spende in.{1,10}höhe von.{2,10}\d{3}.{0,5}\d{3}/iu

/sie.{1,10}den erhalt einer.{1,15}spende/i
/sie ihre.{1,15}spende im wert von/i

/sie bezüglich der.{1,10}spende von/iu
/sie als empfänger einer.{1,20}spende/iu
/sie (die|eine|für).{1,15}spende in höhe von.{1,15}(millionen|tausend|dollar|euro?|gbp|usd)/iu
/sie (die|eine|für).{1,15}spende in höhe von.{1,10}\d{3}.{0,5}\d{3}/iu
/sie eine (spendenprämie|spendensumme)/iu

/sie als gewinner einer.{1,15}spende/i
/sie als eine der.{1,15}glücklichen personen aufgeführt/iu
/sie als einen der.{1,15}empfänger ausgewählt/iu

/sie ausgewählt.{1,10}um eine spende in höhe von/iu
/sie ausgewählt wurden.{1,10}die summe von/iu
/sie ausgewählt wurden.{1,10}den betrag von.{1,10}\d{3}.{0,5}\d{3}/iu
/sie ausgewählt wurden.{1,15}(eine|meine).{1,15}spende/iu

/sie.{1,10}erhielten.{1,10}eine.{1,10}spende in höhe von/iu
/sie.{1,10}einen.{1,10}zuschuss in.{1,10}höhe von.{1,25}erhalten/iu

/sie.{1,15}erhalt des betrags von.{1,10}\d{3}.{0,5}\d{3}/i
/sie.{1,15}erhalt einer beträchtlichen spende/iu

/sie gehören zu den.{1,20}gewinnern der.{1,20}spenden/iu

/sie.{1,10}haben.{1,10}anspruch auf einen?.{1,10}(spende|zuschuss) von.{1,10}\d{3}.{0,5}\d{3}/i
/sie.{1,10}haben.{1,10}anspruch auf einen?.{1,15}(spende|zuschuss).{1,10}(im|in).{1,10}(höhe|wert) von/iu
/sie.{1,10}haben.{1,10}eine beträchtliche.{1,10}spende.{1,10}(im|in).{1,10}(höhe|wert) von/i
/sie.{1,10}haben.{1,10}eine nicht beanspruchte.{1,25}geldspende/iu
/sie.{1,10}haben.{1,10}einen?.{1,15}(spende|zuschuss|zuwendung).{1,10}erhalten/iu
/sie.{1,10}haben.{1,10}einen?.{1,15}(spende|zuschuss|zuwendung).{1,10}ich habe.{1,20}im lotto/i
/sie.{1,10}haben.{1,10}einen?.{1,15}(spende|zuschuss|zuwendung).{1,10}(im|in).{1,10}(höhe|wert) von/iu
/sie.{1,10}haben.{1,10}(von|vom).{1,15}eine spende.{1,10}(im|in).{1,10}(höhe|wert) von/iu

/sie.{1,10}für eine förderung in höhe von/iu
/sie.{1,10}sind mit.{1,15}(millionen|tausend|dollar|euro?|gbp|usd).{1,15}ausgezeichnet worden/i
/sie.{1,15}zufallsprinzip.{1,10}den erhalt eines spendenzuschusses/i

/sie wurde eine.{1,15}spende in.{1,15}höhe von/i

/sie wurden für eine.{1,15}(hilfe|spende) (unserer|von)/i
/sie wurden für eine.{1,15}spende (ausgewählt|in höhe von)/iu
/sie wurden für einen.{1,10}zuschuss.{1,10}investition/iu
/sie wurden für einen.{1,10}(geldbetrag|spendenzuschuss)/i

/sie wurden ausgewählt.{1,10}eine geldspende/iu
/sie wurden ausgewählt.{1,10}um.{1,10}\d{3}.{0,5}\d{3}.{1,10}zu erhalten/iu
/sie wurden ausgewählt.{1,10}um.{1,10}eine.{1,10}spende/iu
/sie wurden ausgewählt.{1,10}um.{1,10}den betrag von/iu

/sie wurden autorisiert.{1,10}eine spende/i

/sie wurden als einer der.{1,15}glücklichen empfänger ausgewählt/iu

/summe von.{1,10}\d{3}.{0,5}\d{3}.{1,10}wurde ihnen von/i
/ausgewählt wurden.{1,10}die meine.{1,15}spende in höhe von/iu

/eine spende.{1,10}(in höhe)?.{0,10}von.{10,20}wurde ihnen/iu

/eine million euro hat ihnen/i

/wurde ihnen von der.{10,30}gespendet/i
/wurden sie für eine.{1,15}spende/iu

/gespendet.{1,10}den anspruch senden sie/i
/gespendet.{1,10}für den anspruch senden sie/iu
/gespendet.{1,10}wenn sie interessiert sind/i
/gespendet.{1,10}kontaktieren sie uns.{1,20}informationen/i

/spendet ihnen.{1,10}\d{3}.{0,5}\d{3}.{1,15}aus einem/i
/privat.?spende für sie/iu

/beantragung ihrer spende/i

/sie an (dieser|meiner).{1,15}spende interessiert sind/i

#
/ich habe beschlossen.{1,10}\d{3}.{0,5}\d{3}.{1,15}an sie/i

/(ich|wir) spenden?.{1,10}an.{1,10}zufällige personen/iu
/(ich|wir) spenden?.{1,10}an.{1,10}zufällig ausgewählte personen/iu
/(ich|wir) spenden?.{1,10}ihnen.{1,10}die summe von/i
/(ich|wir) spenden?.{1,10}ihnen.{1,10}\d{3}.{0,5}\d{3}/i
/(ich|wir) spenden?.{1,10}(meines|unseres).{1,10}vermögens/iu
/(ich|wir) spenden?.{1,10}prozent meines.{1,10}vermögens/iu

/ich mein vermögen spenden/iu

/wurden ihnen.{1,10}millionen gespendet/i

/zu ihren gunsten wurde eine.{1,10}spende/i

/unserer.{1,15}spendenaktion.{1,10}\d{3}.{0,5}\d{3}.{1,15}millionen/i

#
/um ihre spende (an|ein)zufordern/i
/lebensverändernde spende einzufordern/iu

#
/benötigen sie eine.{1,10}spende/iu
/hallo.{1,10}die summe von/i

/sie die von uns gesendete spende erhalten/i

/gewinnern?.{1,10}die ausgewählt wurde.{1,10}meine spende/iu

/zu spenden von unserem gewinn/i

/investition(en)?.{1,10}sie gehören zu den empfängern/iu

# Donation, Persons
# ------------------------------------------------------------------------------
/spende von frau maria elisabeth schaeffler/i

# Donation, Companies
# ------------------------------------------------------------------------------
/ihre.{1,10}e?.?mail.?adresse.{1,10}wurde von google.{1,10}zufällig/iu

# Donation, Foundation
# ------------------------------------------------------------------------------
/stiftung geleistet.{1,10}weitere informationen/i
/meine stiftung spendet ihnen/i

# Payments
# ------------------------------------------------------------------------------
/ihnen.{1,10}(millionen|tausend|dollar|euro?|gbp|usd).{1,10}als entschädigung zu zahlen/iu

/ihrer entschädigungssumme in höhe von/iu
/auszahlung ihrer spenden.?gelder.{1,10}wenden sie sich.{1,10}per e?.?mail an/i

/beantragung ihres geldes.{1,10}kontaktieren sie mich/i

#
#
#

# Fake Winning
# ------------------------------------------------------------------------------
/lotterie{1,10}wir spenden.{1,10}des geldes/i

/ich bin ein gewinner.{1,20}(lotterie|powerball)/i
/ich habe einen jackpot von.{1,15}millionen/i
/ich habe den jackpot.{1,15}(lotterie|powerball)/i

/(millionen|tausend|dollar|euro?|gbp|usd).{1,10}gewonnen.{1,10}meine familie und ich spenden/i

#
#
#

# Unclassified
# ------------------------------------------------------------------------------

# Masked
# ------------------------------------------------------------------------------
/eine s p e n d e/i
