# ==============================================================================
# Scam: Anything
#
# -> Add bad senders here: "_base_bad_sender_de.map"
#
# ----|----------------|
#  10 | German         |
# ==============================================================================

# Assistance
# ------------------------------------------------------------------------------

# ATM Card
# ------------------------------------------------------------------------------
/atm.{0.10}karte mit.{1,10}\d{3}.{0,5}\d{3}.{1,10}(euro|gbp|usd) gesendet wird/i

# Beneficiary
# ------------------------------------------------------------------------------
/lieber.{1,15}begünstigter/iu

/sie wurden unter den.{1,15}begünstigten aufgeführt/iu
/sie als einer der.{1,15}begünstigten ausgewählt/iu

# Funds, Money
# ------------------------------------------------------------------------------
/wir haben einen nicht beanspruchten geldbetrag/i

# Investment
# ------------------------------------------------------------------------------

# Partnership, Business
# ------------------------------------------------------------------------------

# Ransom
# ------------------------------------------------------------------------------

# Ransom, Payment
# ------------------------------------------------------------------------------

# Business Register
# ------------------------------------------------------------------------------
/für die veröffentlichung.{1,10}im branchen.?buch/iu

#
#
#

# Bad german
# ------------------------------------------------------------------------------
