# ==============================================================================
# Scam: ATM Cards
#
# ----|
# 1.1 |
# ----|----------------|
#  10 | English        |
# ==============================================================================

# ATM Card
# ------------------------------------------------------------------------------
/att(ention)?.{1,15}card.{1,10}owner/i

/atm.{0,10}card.{1,10}bearing your name/i
/atm.{0,10}card.{1,10}contact mr/i
/atm.{0,10}card.{1,10}delivery/i
/atm.{0,10}card.{1,10}for you worth/i
/atm.{0,10}card.{1,10}has been approved/
/atm.{0,10}card.{1,10}i am contacting you/i
/atm.{0,10}card.{1,10}in your name/i
/atm.{0,10}card.{1,10}to you.{1,10}contact/i
/atm.{0,10}card.{1,10}parcel valued/i
/atm.{0,10}card.{1,10}we have deposited/i
/atm.{0,10}card.{1,10}worth.{1,10}(million|sum of)/i
/atm.{0,10}card.{1,10}worth.{1,10}sum of/i
/atm.{0,10}card.{1,10}worth.{1,10}(dollar|euro?|gbp|usd)/i

/\d{3}.{0,5}\d{3}.{1,10}million.{1,10}atm.{1,10}card/i

/delivery? of your.{1,10}atm.{1,10}card to you/i
/donation.{1,10}atm.{0,10}card/i
/we received an.{1,10}atm.{0.10}card/i

/your.{1,10}atm.{0.10}card.{1,10}has been deposited/i
/your.{1,10}atm.{0.10}card.{1,10}ready for delivery/i
/your.{1,10}atm.{0.10}card.{1,10}to your address/i
/your.{1,10}atm.{0,10}card.{1,10}worth of/i

/your.{1,10}name with.{1,10}atm.{0,10}card/i
/your.{1,10}package.{1,10}atm.{0,10}card/i
/your.{1,10}payment of.{1,10}million.{1,10}through.{1,10}atm.{1,10}card/i

/your.{1,10}upgraded atm.{0.10}card/i

#
#
#

# Unclassified
# ------------------------------------------------------------------------------

# Masked
# ------------------------------------------------------------------------------
