# ==============================================================================
# Scam: Donation and Winning
#
# -> Add bad senders here: "_base_bad_sender_en.map"
#
# ----|----------------|
#  10 | English        |
# ==============================================================================

# Big numbers
# ------------------------------------------------------------------------------
/\d{2,3}.{0.5}\d{2,3}.{1.10}(dollar|euro?|gbp|usd).{1,10}to you/i

# Contact
# ------------------------------------------------------------------------------

# 
# Donation
# ------------------------------------------------------------------------------
/\d{3}.{0,5}\d{3}.{1,10}has been donated to you/i

/you have been awarded.{1,10}\d{3}.{0,5}\d{3}/i

/donation.{1,15}\d{3}.{0,5}\d{3}.{1,10}has been made for you/i
/donation.{1,15}contact her to claim/i
/donation.{1,15}for more details e?.?mail/i

/donated?.{1,10}\d{3}.{0,5}\d{3}.{1,15}(for|to) you/i
/donated?.{1,10}(dollar|euro?|gbp|usd).{1,10}(for|to) you/i
/donated?.{1,10}some amount to you/i

/was selected randomly.{1,10}receive.{1,15}donation/i

/i have decided to give.{1,10}\d{3}.{0,5}\d{3}.{1,15}million/i
/i am donating to.{1,10}random individuals/i

/million.{1,15}kindly reply for more details/i

# Grant
# ------------------------------------------------------------------------------
/you have been selected for.{1,10}grant/i

# Payments
# ------------------------------------------------------------------------------

#
#
#

# Winning
# ------------------------------------------------------------------------------
