# ==============================================================================
# Scam: Donation and Winning
#
# -> Add bad senders here: "_base_bad_sender_en.map"
#
# ----|----------------|
#  10 | English        |
# ==============================================================================

# Big numbers
# ------------------------------------------------------------------------------
/\d{2,3}.{0.5}\d{2,3}.{1.10}dollars to you/i

# Contact
# ------------------------------------------------------------------------------

# 
# Donation
# ------------------------------------------------------------------------------
/you have been awarded.{1,10}\d{3}.{0,3}\d{3}/i

/donation.{1,15}contact her to claim/i
/donated some amount to you/i

# Grant
# ------------------------------------------------------------------------------
/ you have been selected for.{1,10}grant/i

# Payments
# ------------------------------------------------------------------------------

#
#
#

# Winning
# ------------------------------------------------------------------------------
