# ==============================================================================
# Scam: Donation and Winning
#
# -> Add bad senders here: "_base_bad_sender_en.map"
#
# ----|----------------|
#  10 | English        |
# ==============================================================================

# Big numbers
# ------------------------------------------------------------------------------
/\d{2,3}.{0.5}\d{2,3}.{1.10}(dollar|euro?|gbp|usd).{1,10}to you/i

# Contact
# ------------------------------------------------------------------------------

# 
# Donation
# ------------------------------------------------------------------------------
/\d{3}.{0,5}\d{3}.{1,10}has been donated to you/i

/you have been awarded.{1,10}\d{3}.{0,5}\d{3}/i

/donation.{1,15}contact her to claim/i

/donate.{1,10}\d{3}.{0,5}\d{3}.{1,15}for you/i
/donate.{1,10}(dollar|euro?|gbp|usd)for you/i

/donated some amount to you/i

/was selected randomly.{1,10}receive.{1,15}donation/i

/i have decided to give.{1,10}\d{3}.{0,5}\d{3}.{1,15}million/i

# Grant
# ------------------------------------------------------------------------------
/ you have been selected for.{1,10}grant/i

# Payments
# ------------------------------------------------------------------------------

#
#
#

# Winning
# ------------------------------------------------------------------------------
