# ==============================================================================
# Stocks: Anything
#
# ----|
# 1.1 |
# ----|----------------|
#  10 | English        |
# ==============================================================================

# Stocks
# ------------------------------------------------------------------------------
/potential.{1,10}short.{1,10}squeeze.{1,10}stocks/i

# Stock Symbol
# ------------------------------------------------------------------------------
/(corp|corporation|inc).{1,5}stock.{1,10}symbol:/i
/(corp|corporation|inc).{1,5}otc/i
/(corp|corporation|inc).{1,5}nasdaq.{1,35}(find out more|symbols?)/i

/(holdings ltd|pharmaceuticals).{1,5}nasdaq/i

/group.{1,5}(corp|corporation|inc).{1,10}stock symbol/i
/stock symbol.{1,15}(current share|for more information)/i

/\$[a-z]{4}.{1,5}visit our website/i
/for more information on \$[a-z]{4}\b/i

#
#
#

# Unclassified
# ------------------------------------------------------------------------------
/about to explode.{1,15}action/i

# Masked
# ------------------------------------------------------------------------------
