# ==============================================================================
# Virus and Malware: Subject
#
# ----|
# 1.1 |
# ----|----------------|
#  20 | German         |
# ==============================================================================

# Attachments
# ------------------------------------------------------------------------------
/dokument geschützt mit passwort/iu

# Alerts
# ------------------------------------------------------------------------------
/ihr.{1,10}(computer|gerät|system).{1,10}ist einer hohen sicherheitsbedrohung/iu
/ihr.{1,10}(computer|gerät|system).{1,10}könnte gefährdet sein/iu
/ihr.{1,10}(computer|gerät|system).{1,10}wurde mit.{1,10}viren infiziert/i

/ist ihr antivirus aktualisiert/i

/unser system hat viele auf ihrem.{1,15}vorhandene/i

/verdächtige.{1,10}aktivitäten auf ihrem gerät festgestellt/iu
/verdächtiger?.{1,10}(viren|virus).{1,10}(entdeckt|erkannt)/i

# Buy
# ------------------------------------------------------------------------------
/rabatt auf antivirenschutz/i
/schützen sie ihre geräte noch heute/iu

# Invoice
# ------------------------------------------------------------------------------
/rechnung\d{4,10}/i

/(bitte beachten|wichtige mitteilung).{1,10}ihre rechnung/i

/prüfen sie ihre zahlungsdetails/iu

# Download/Buy Antivirus software
# ------------------------------------------------------------------------------
/jetzt antivirus.?schutz/i

# Expired Antivirus software
# ------------------------------------------------------------------------------
/erforderliche aktion?.{1,10}erinnerung?.{1,10}verlängerung/iu
/erneuern sie.{1,20}um ihre persönlichen daten/iu
/verlängern sie es jetzt.{1,10}um ihr gerät/iu
/letzte chance.{1,10}ihr.{1,20}zu verlängern/iu

#
/sehr geehrter mcafee.?kunde/i
/ihr mcafee ist abgelaufen/i
/mcafee.?abonnement wurde ausgesetzt/i

#
#
#

# Unclassified
# ------------------------------------------------------------------------------

# Masked
# ------------------------------------------------------------------------------
