# ==============================================================================
# Winning: Subject
#
# ----|
# 1.1 |
# ----|----------------|
#  10 | German         |
# ==============================================================================

# Organisations and Programs
# ------------------------------------------------------------------------------
/google.{1,10}(gewinner|lotterie)/i
/google.{1,10}online.?verlosung/i

#
#
#

# Lottery
# ------------------------------------------------------------------------------
/lotterie.?(gewinn|preis)/i


/finale auszeichnung/i

/us.?dollar für sie/iu

# Winning
# ------------------------------------------------------------------------------
/gewinn!/i
/gewinn.{0,5}(benachrichtigung|mitteilung|notifikation)/i

/(geehrter|liebe).{1,10}gewinner/i

/letzter gewinner/i
/sie haben.{1,10}\d{3}.{0,5}\d{3}.{1,15}gewonnen/i

# 16.08. - 2 False/Positive
/(ihr habt|sie haben).{1,10}gewonnen/i

/brandneu.{1,10}gewinnspiel/i

#
#
#

# Unclassified
# ------------------------------------------------------------------------------

# Masked
# ------------------------------------------------------------------------------
