# ==============================================================================
# Winning: Anything and Lottery
#
# -> Add bad senders here: "_base_bad_sender_en.map"
#
# ----|----------------|
#  10 | English        |
# ==============================================================================

# Fake Organisations
# ------------------------------------------------------------------------------
/(asian|continental).{1,10}lottery.{1,10}commission/i

/google.{1,10}lottery/i

/central.loteria.nacional/i

/euro.millions.{1,10}(google|lottery).promo/i
/euromillones lottery board/i

/el.?gordo.?online.?loteria/i

/international promotion.{1,10}price award/i

/lotter(ie|y).{1,10}commission.{1,10}award/i
/lotter(ie|y).{1,10}award.{1,10}promotion/i
/lotter(ie|y).{1,10}international.{1,10}promotions/i

/lotto.?lottery.?inc/i
/lotterie de navidad/i

/navidad 202\d loteria/i

/(bmw|coca.?cola).(lotterie|lottery)/i
/google promo.?team/i

/primitiva lotter(ie|y).{1,10}promotions?/i
/promotion.{1,10}prize dept/i

# Fake Programs
# ------------------------------------------------------------------------------
/microsoft.{1,10}promotion.?award/i

#
#
#

# Awards
# ------------------------------------------------------------------------------
/award winning.{1,10}notification/i

# Draw
# ------------------------------------------------------------------------------

# Lottery
# ------------------------------------------------------------------------------
/lottery draw.{1,10}you.{1,10}invited/i

/lottery draw details.{1,10}date/i

# Prize
# ------------------------------------------------------------------------------
/you have been selected fo.{1,15}prize/i

# Payments
# ------------------------------------------------------------------------------

# Winning
# ------------------------------------------------------------------------------
/you are.{1,10}selected winner/i
/you have won.{1,10}sum of.{1,10}\d{3}.{0,5}\d{3}/i

/you.{1,10}that you.{1,10}won.{1,10}\d{3}.{0,5}\d{3}/i

/your.{1,10}e?.?mail.?(address|id)?.{1,10}(appeared|selected).{1,10}(among|as one of) the.{1,10}winners/i
/your.{1,10}e?.?mail.?(address|id)?.{1,10}has won/i
/your.{1,10}e?.?mail.?(address|id)?.{1,10}is the lucky winner/i

/batch.?number.{1,20}official winning/i

#
#
#

# Casino
# ------------------------------------------------------------------------------
/new online casino/i

# Silly Casino names
# ------------------------------------------------------------------------------
/fresh.?casino/i

# Bonus
# ------------------------------------------------------------------------------
/bonus up to.{1,10}\d{2,4}.{1,10}with only/i

# Gambling
# ------------------------------------------------------------------------------

# Spins and Slots
# ------------------------------------------------------------------------------
/spins.{1,10}instant access/i
