# ==============================================================================
# Winning: Subject
#
# ----|----------------|
#  10 | German         |
# ==============================================================================

# Awards
# ------------------------------------------------------------------------------
/award winning.{1,10}notification/i

# Lottery
# ------------------------------------------------------------------------------
/lotteriepreis/i

# Winning
# ------------------------------------------------------------------------------
/google.{1,10}(gewinner|lotterie)/i

/(geehrter|liebe).{1,10}gewinner/i

/gewinner.{1,15}bekannt.?gegeben/i

/letzter gewinner/i

/sie haben.{1,10}\d{3}.{0,5}\d{3}.{1,15}gewonnen/i

/gewinner werden bekanntgegeben/iu

# Winning, Lottery
# ------------------------------------------------------------------------------
/gewinn.{0,5}(benachrichtigung|notifikation)/i

/brandneu.{1,10}gewinnspiel/i

/willkommensbonus.{1,10}(wartet|warten) auf sie/i

/\d{2,3}.{1,10}willkommensbonus/i

/finale auszeichnung/i
/auszeichnung benachrichtigung/i

# 16.08. - 2 False/Positive
/(ihr habt|sie haben).{1,10}gewonnen/i

/lotterie.?gewinn/i
/us.?dollar für sie/iu

# Bonus
# ------------------------------------------------------------------------------
/\d{3}.{1,10}(bonus|freispiele)/i

/erhalten sie einen bonus/i

/eilmeldung.{1,10}bonus/i
/sensationeller.{1,10}bonus.{1,10}wartet dich/i

# Spins and Slots
# ------------------------------------------------------------------------------

#
#
#

# Unclassified
# ------------------------------------------------------------------------------

# Masked
# ------------------------------------------------------------------------------
